[log] Script    : debug_whole_body.py
[log] Запись в: D:\git\hbs\vsd_rus\results\debug_whole_body_eisenmenger_20260929_201457.log
==============================================================================
  DEBUG WholeBodyModel — variant: eisenmenger
  Старт: 2026-09-29 20:14:57
==============================================================================

==============================================================================
  SCENARIO: eisenmenger  —  Эйзенменгер (R_remodel_max=10)
==============================================================================
  timestamp: 2026-09-29 20:14:57

  Калибровка t_calib=400 с...
  y0: heart=[125.74493082  54.6231067  139.41258117  15.16609312]  V_blood=5794.8  P_sa=105.29

  Симуляция 0..1500 с, LSODA (с RHS-счётчиком)
  solver: success=True  nfev=6740981  njev=130145  t_end=1500.0  n_points=30000

--- Эйзенменгер (R_remodel_max=10): CONVERGENCE WINDOWS ---
        window     P_sa     P_pa     V_lv     V_rv     HR       Qa       Qp     Q_vsd    R_rem
[   0- 150]   129.64   129.36    116.3     30.4   80.2   112.44   122.87     +6.40    9.550
[ 150- 300]   111.92   113.88     84.1     22.8   87.2    91.19    94.40     +6.25    9.834
[ 300- 450]   106.53   108.60     77.8     21.8   89.4    88.76    88.87     +5.62    9.939
[ 450- 600]   108.03   110.70     79.9     21.6   88.8    90.48   100.47     +4.39    9.978

--- Эйзенменгер (R_remodel_max=10): SOLVER COST ---
  nfev                     =     6,740,981
  njev                     =       130,145
  nlu                      =       130,145
  t_end                    =        1500.0 s
  T_cycle (hint)           =        0.7012 s
  n_cycles                 =        2139.2
  nfev / s                 =        4494.0
  nfev / cycle             =        3151.2
  njev / nfev              =       0.01931
  nlu  / nfev              =       0.01931
  wall time                =       4240.01 s
  wall / nfev              =        628.99 us
  RHS calls (counter)      =     6,740,981
  counter / nfev           =        1.0000  (≈1.0 — счётчик видит всё)

  RHS calls per time block (24 blocks of 62.5s):
    [    0.0–   62.5]      138,164    2.0%  ##############
    [   62.5–  125.0]      200,237    3.0%  #####################
    [  125.0–  187.5]      231,243    3.4%  ########################
    [  187.5–  250.0]      244,416    3.6%  ##########################
    [  250.0–  312.5]      259,282    3.8%  ###########################
    [  312.5–  375.0]      242,489    3.6%  ##########################
    [  375.0–  437.5]      219,811    3.3%  #######################
    [  437.5–  500.0]      223,876    3.3%  ########################
    [  500.0–  562.5]      205,889    3.1%  ######################
    [  562.5–  625.0]      219,931    3.3%  #######################
    [  625.0–  687.5]      199,951    3.0%  #####################
    [  687.5–  750.0]      247,083    3.7%  ##########################
    [  750.0–  812.5]      229,382    3.4%  ########################
    [  812.5–  875.0]      238,052    3.5%  #########################
    [  875.0–  937.5]      245,211    3.6%  ##########################
    [  937.5– 1000.0]      262,612    3.9%  ############################
    [ 1000.0– 1062.5]      299,262    4.4%  ################################
    [ 1062.5– 1125.0]      333,377    4.9%  ###################################
    [ 1125.0– 1187.5]      393,546    5.8%  ##########################################
    [ 1187.5– 1250.0]      415,583    6.2%  ############################################
    [ 1250.0– 1312.5]      385,145    5.7%  #########################################
    [ 1312.5– 1375.0]      417,577    6.2%  ############################################
    [ 1375.0– 1437.5]      423,467    6.3%  #############################################
    [ 1437.5– 1500.0]      465,395    6.9%  ##################################################

  RHS/s sparkline (0..1500s, max=143498, min=33242, mean=84262):
    ::::-========++-====-======---==----=============++===+++****#%#%##*#####%##%%%@
    ^^^^^^^^^^^^^^^^^^^^  (левая четверть = переходный процесс; правая = стационарный режим)

--- Эйзенменгер (R_remodel_max=10): ONE CYCLE (last T=0.693 s) ---
  V_lv            min= +62.660  max=+118.408  mean= +91.374
  V_rv            min= +15.380  max= +56.121  mean= +21.951
  P_lv            min=  +2.465  max=+159.508  mean= +95.533
  P_rv            min=  +0.475  max=+142.061  mean= +88.100
  Q_mitral        min=  +0.000  max=+1139.628  mean=+111.482
  Q_tricuspid     min=  +0.000  max=+1336.805  mean=+127.588
  Q_aortic        min=  +0.000  max=+443.601  mean= +87.120
  Q_pulmonary     min=  +0.000  max=+284.591  mean= +32.844
  Q_vsd           min=  +3.316  max= +29.078  mean= +12.388

  Систолический пик (i=9):
    P_lv = +159.51 мм рт.ст.
    P_rv = +142.06 мм рт.ст.
    ΔP   =  +17.45 мм рт.ст.  (>0 → L→R, <0 → R→L в эту фазу)

--- Эйзенменгер (R_remodel_max=10): STEADY (last 10 cycles, T=0.693 s) ---
  P_sa          =  116.06 мм рт.ст.   (target ≈ 85)
  P_pa          =  121.68 мм рт.ст.   (норма 15–20)
  P_sv          =   11.65 мм рт.ст.
  Q_aortic (Qs) =   97.53 мл/с        (target ≈ 83)
  Q_pulmonary   =  100.42 мл/с
  Q_vsd         =   +6.98 мл/с        (+L→R, −R→L)
  Qp / Qs       =   1.030           (норма ≈ 1.0, L→R > 1, R→L < 1)
  HR            =   86.53 уд/мин
  EDV_LV        =   122.3 мл
  EDV_RV        =    58.2 мл
  V_sv          =  3462.0 мл        (target 3639.1)
  P_lv (mean)   =   96.88 мм рт.ст.
  P_rv (mean)   =   92.69 мм рт.ст.

  --- MASS BALANCE (should be ~0 in steady state) ---
  Q_mitral      =  112.29 мл/с
  Q_tricuspid   =  105.85 мл/с
  LV: Q_mitral - Q_aortic - Q_vsd = +7.78 мл/с
  RV: Q_tricuspid + Q_vsd - Qp    = +12.41 мл/с
  ⚠ Mass balance violated → система НЕ в стационаре

  --- CYCLE-AVERAGED (fixed y_end, cross-check) ---
  Qp_cycle_mean    =  125.03 мл/с
  Qs_cycle_mean    =   92.00 мл/с
  Qp/Qs_cycle      =   1.359
  mass_balance_err = +29.43

  ► ШУНТ: L→R  (+7.0 мл/с), Qp/Qs=1.030

  ⚠ ФИЗИОЛОГИЧЕСКИЕ ПРЕДУПРЕЖДЕНИЯ:
     - P_pa=121.7 вне [5, 80]

--- Эйзенменгер (R_remodel_max=10): VOLUME COMPARTMENTS (mean over last 10 cycles = 141 pts) ---
  V_blood (BloodPool)                        =   5776.30 мл
  V_sv (systemic veins)                      =   3461.96 мл
  V_jv (jugular vein)                        =    466.39 мл
  V_heart (LA+LV+RA+RV)                      =    346.67 мл
    V_la                                     =    118.74 мл
    V_lv                                     =     91.17 мл
    V_ra                                     =    115.51 мл
    V_rv                                     =     21.26 мл
  V_lungs (C1*P_prox + C2*P_dist)            =    666.72 мл
  V_sys_art (C*P_sa)                         =    174.10 мл
  V_pul_ven (C*P_pv)                         =    292.67 мл
  V_liver (C*P_hv + Cp*P_portal)             =    104.96 мл
  V_gitract (Ca*P_art + Cc*P_cap)            =    416.36 мл
  V_brain (C*P_br)                           =    261.70 мл
  ----------------------------------------------------------
  SUM (all compartments, incl. V_blood)      =  12314.49 мл
  V_blood (reference from BloodPool)         =   5776.30 мл
  SUM − V_blood                              =  +6538.20 мл
  Expected total (≈ blood.V0)                =   5800.00 мл
  ⚠ Сумма компартментов 12314 ≠ blood.V0 5800 → возможна утечка (+6514 мл)
  V_outside (SUM − V_blood)                  =   6538.20 мл  (53.1% от SUM)

--- Эйзенменгер (R_remodel_max=10): LUNGS / PVR ---
  R_remodel (mnozitel)             =  10.000
  f_recruit (острый)               =   0.552
  f_recruit_eff (с подавлением)    =   1.000
  R_target (цель)                  =  10.000
  mode                             = remodeled

--- Эйзенменгер (R_remodel_max=10): ЦЕЛЬ 1 — ПЕРЕВОРОТ ГРАДИЕНТА ---
  [✓] R_remodel (steady)           =    10.000   (критерий: > 4.0)
  [✓] P_pa (steady, мм рт.ст.)     =   121.676   (критерий: > 40)
  [✗] P_lv_max − P_rv_max (сист.)  =    17.447   (критерий: < 0)
  [✗] Q_vsd (среднее, мл/с)        =     6.982   (критерий: < 0)
  [✓] baro_activation_rv           =     4.556   (критерий: > 1.5)
  [✗] Периодичность ‖y(t_end) − y(t_end−T)‖ = 1.705

  ► Близко: PVR достаточный, но градиент ещё не перевёрнут

==============================================================================
  Done.
  Финиш: 2026-09-29 21:36:03
  Длительность: 1:21:06.203804
==============================================================================
[log] Полный лог: D:\git\hbs\vsd_rus\results\debug_whole_body_eisenmenger_20260929_201457.log
