[log] Script    : debug_whole_body.py
[log] Запись в: D:\git\hbs\vsd_rus\results\debug_whole_body_eisenmenger_20260930_182432.log
==============================================================================
  DEBUG WholeBodyModel — variant: eisenmenger
  Старт: 2026-09-30 18:24:32
==============================================================================

==============================================================================
  SCENARIO: eisenmenger  —  Эйзенменгер (R_remodel_max=10)
==============================================================================
  timestamp: 2026-09-30 18:24:32

  Калибровка t_calib=400 с...
  y0: heart=[106.68718203  64.16609234 119.77855244  29.40934111]  P_sa=105.96

  Симуляция 0..1500 с, LSODA (с RHS-счётчиком)
  solver: success=True  nfev=10228526  njev=196274  t_end=1500.0  n_points=30000

--- Эйзенменгер (R_remodel_max=10): CONVERGENCE WINDOWS ---
        window     P_sa     P_pa     V_lv     V_rv     HR       Qa       Qp     Q_vsd    R_rem
[   0- 150]   109.42   130.47     74.1     36.1   76.4    95.70    79.51     -9.05    9.601
[ 150- 300]   100.06   122.32     64.8     31.2   84.0    88.65    77.94    -12.92    9.853
[ 300- 450]   102.34   126.11     68.1     32.4   82.1    86.86    74.97    -14.39    9.946
[ 450- 600]   104.90   129.53     70.6     33.1   80.1    89.42    69.70    -13.87    9.980

--- Эйзенменгер (R_remodel_max=10): SOLVER COST ---
  nfev                     =    10,228,526
  njev                     =       196,274
  nlu                      =       196,274
  t_end                    =        1500.0 s
  T_cycle (hint)           =        1.1501 s
  n_cycles                 =        1304.2
  nfev / s                 =        6819.0
  nfev / cycle             =        7842.8
  njev / nfev              =       0.01919
  nlu  / nfev              =       0.01919
  wall time                =       7365.94 s
  wall / nfev              =        720.14 us
  RHS calls (counter)      =    10,228,526
  counter / nfev           =        1.0000  (≈1.0 — счётчик видит всё)

  RHS calls per time block (24 blocks of 62.5s):
    [    0.0–   62.5]       55,979    0.5%  ####
    [   62.5–  125.0]       94,993    0.9%  ########
    [  125.0–  187.5]      148,816    1.5%  ############
    [  187.5–  250.0]      289,303    2.8%  #########################
    [  250.0–  312.5]      313,066    3.1%  ###########################
    [  312.5–  375.0]      395,371    3.9%  ##################################
    [  375.0–  437.5]      384,798    3.8%  #################################
    [  437.5–  500.0]      411,808    4.0%  ###################################
    [  500.0–  562.5]      429,143    4.2%  #####################################
    [  562.5–  625.0]      421,847    4.1%  ####################################
    [  625.0–  687.5]      442,329    4.3%  ######################################
    [  687.5–  750.0]      433,893    4.2%  #####################################
    [  750.0–  812.5]      450,263    4.4%  #######################################
    [  812.5–  875.0]      475,228    4.6%  #########################################
    [  875.0–  937.5]      529,654    5.2%  ##############################################
    [  937.5– 1000.0]      548,721    5.4%  ###############################################
    [ 1000.0– 1062.5]      503,869    4.9%  ###########################################
    [ 1062.5– 1125.0]      546,076    5.3%  ###############################################
    [ 1125.0– 1187.5]      552,833    5.4%  ################################################
    [ 1187.5– 1250.0]      564,747    5.5%  #################################################
    [ 1250.0– 1312.5]      542,503    5.3%  ###############################################
    [ 1312.5– 1375.0]      558,360    5.5%  ################################################
    [ 1375.0– 1437.5]      559,371    5.5%  ################################################
    [ 1437.5– 1500.0]      575,555    5.6%  ##################################################

  RHS/s sparkline (0..1500s, max=185509, min=14255, mean=127857):
        ...:::-======*++++++**+***+*******+*******#######*##%%%##%%%%%%#%*%*%%%#*%@%
    ^^^^^^^^^^^^^^^^^^^^  (левая четверть = переходный процесс; правая = стационарный режим)

--- Эйзенменгер (R_remodel_max=10): ONE CYCLE (last T=1.012 s) ---
  V_lv            min= +65.684  max=+127.029  mean= +96.068
  V_rv            min= +27.105  max= +54.061  mean= +38.146
  P_lv            min=  +2.212  max=+214.575  mean=+128.174
  P_rv            min=  +0.490  max=+229.914  mean=+134.601
  Q_mitral        min=  +0.000  max=+976.172  mean=+111.222
  Q_tricuspid     min=  +0.000  max=+1287.770  mean=+138.052
  Q_aortic        min=  +0.000  max=+762.016  mean=+160.230
  Q_pulmonary     min=  +0.000  max=+1226.866  mean=+110.586
  Q_vsd           min= -59.541  max= +48.039  mean= -10.712

  Систолический пик (i=9):
    P_lv = +214.58 мм рт.ст.
    P_rv = +229.91 мм рт.ст.
    ΔP   =  -15.34 мм рт.ст.  (>0 → L→R, <0 → R→L в эту фазу)

--- Эйзенменгер (R_remodel_max=10): STEADY (last 10 cycles, T=1.012 s) ---
  P_sa          =  140.44 мм рт.ст.   (target ≈ 85)
  P_pa          =  170.68 мм рт.ст.   (норма 15–20)
  P_sv          =   10.69 мм рт.ст.
  Q_aortic (Qs) =  120.89 мл/с        (target ≈ 83)
  Q_pulmonary   =  104.75 мл/с
  Q_vsd         =  -12.76 мл/с        (+L→R, −R→L)
  Qp / Qs       =   0.867           (норма ≈ 1.0, L→R > 1, R→L < 1)
  HR            =   59.30 уд/мин
  EDV_LV        =   127.7 мл
  EDV_RV        =    60.9 мл
  P_lv (mean)   =  105.67 мм рт.ст.
  P_rv (mean)   =  113.33 мм рт.ст.

  --- MASS BALANCE (should be ~0 in steady state) ---
  Q_mitral      =   90.07 мл/с
  Q_tricuspid   =   98.43 мл/с
  LV: Q_mitral - Q_aortic - Q_vsd = -18.06 мл/с
  RV: Q_tricuspid + Q_vsd - Qp    = -19.08 мл/с
  ⚠ Mass balance violated → система НЕ в стационаре

  --- CYCLE-AVERAGED (fixed y_end, cross-check) ---
  Qp_cycle_mean    =   59.49 мл/с
  Qs_cycle_mean    =  106.97 мл/с
  Qp/Qs_cycle      =   0.556
  mass_balance_err = -36.08

  ► ШУНТ: R→L  (-12.8 мл/с), Qp/Qs=0.867

  ⚠ ФИЗИОЛОГИЧЕСКИЕ ПРЕДУПРЕЖДЕНИЯ:
     - P_pa=170.7 вне [5, 80]

--- Эйзенменгер (R_remodel_max=10): VOLUME COMPARTMENTS (mean over last 10 cycles = 230 pts) ---
  V_sv (systemic veins)                      =   2933.33 мл
  V_jv (jugular vein)                        =    470.77 мл
  V_heart (LA+LV+RA+RV)                      =    330.00 мл
  V_lungs (C1*P_prox + C2*P_dist)            =    898.72 мл
  V_sys_art (C*P_sa)                         =    210.84 мл
  V_pul_ven (C*P_pv)                         =    217.95 мл
  V_liver (C*P_hv + Cp*P_portal)             =    106.28 мл
  V_gitract (Ca*P_art + Cc*P_cap)            =    495.89 мл
  V_brain (C*P_br)                           =    318.05 мл
  ----------------------------------------------------------
  V_blood_total (SUM всех компартментов)     =   5981.84 мл

--- Эйзенменгер (R_remodel_max=10): LUNGS / PVR ---
  R_remodel (mnozitel)             =  10.000
  f_recruit (острый)               =   1.500
  f_recruit_eff (с подавлением)    =   1.000
  R_target (цель)                  =  10.000
  mode                             = healthy

--- Эйзенменгер (R_remodel_max=10): ЦЕЛЬ 1 — ПЕРЕВОРОТ ГРАДИЕНТА ---
  [✓] R_remodel (steady)           =    10.000   (критерий: > 4.0)
  [✓] P_pa (steady, мм рт.ст.)     =   170.677   (критерий: > 40)
  [✓] P_lv_max − P_rv_max (сист.)  =   -15.339   (критерий: < 0)
  [✓] Q_vsd (среднее, мл/с)        =   -12.755   (критерий: < 0)
  [✓] baro_activation_rv           =     6.189   (критерий: > 1.5)
  [✗] Периодичность ‖y(t_end) − y(t_end−T)‖ = 35.835

  ►►► ЦЕЛЬ 1 ДОСТИГНУТА: устойчивый R→L шунт ◄◄◄

==============================================================================
  Done.
  Финиш: 2026-09-30 20:43:36
  Длительность: 2:19:04.117687
==============================================================================
[log] Полный лог: D:\git\hbs\vsd_rus\results\debug_whole_body_eisenmenger_20260930_182432.log
