[log] Script    : debug_whole_body.py
[log] Запись в: D:\git\hbs\vsd_rus\results\debug_whole_body_vsd_r5_20261003_171232.log
==============================================================================
  DEBUG WholeBodyModel — variant: vsd_r5
  Старт: 2026-10-03 17:12:32
==============================================================================

==============================================================================
  SCENARIO: vsd_r5  —  Малый ДМЖП (R_vsd=5.0)
==============================================================================
  timestamp: 2026-10-03 17:12:32

  Калибровка t_calib=400 с...
  y0: heart=[82.74993042 52.7094274  62.82095836 60.43553725]  P_sa=71.69

  Симуляция 0..600 с, LSODA (с RHS-счётчиком)
  solver: success=True  nfev=1584770  njev=30403  t_end=600.0  n_points=8000

--- Малый ДМЖП (R_vsd=5.0): CONVERGENCE WINDOWS ---
        window     P_sa     P_pa     V_lv     V_rv     HR       Qa       Qp     Q_vsd    R_rem
[   0- 150]    77.03    16.40     54.4     56.3   71.7    66.11    74.57     +8.10    1.000
[ 150- 300]    71.76    16.32     48.9     54.5   74.6    59.67    68.14     +7.96    1.000
[ 300- 450]    71.57    16.31     49.3     55.1   74.7    61.70    69.56     +8.20    1.000
[ 450- 600]    72.64    16.78     51.5     57.1   74.1    61.68    70.55     +8.34    1.000

--- Малый ДМЖП (R_vsd=5.0): SOLVER COST ---
  nfev                     =     1,584,770
  njev                     =        30,403
  nlu                      =        30,403
  t_end                    =         600.0 s
  T_cycle (hint)           =        0.8129 s
  n_cycles                 =         738.1
  nfev / s                 =        2641.3
  nfev / cycle             =        2147.1
  njev / nfev              =       0.01918
  nlu  / nfev              =       0.01918
  wall time                =       1288.25 s
  wall / nfev              =        812.90 us
  RHS calls (counter)      =     1,584,770
  counter / nfev           =        1.0000  (≈1.0 — счётчик видит всё)

  RHS calls per time block (24 blocks of 25.0s):
    [    0.0–   25.0]        8,988    0.6%  ####
    [   25.0–   50.0]       10,484    0.7%  ####
    [   50.0–   75.0]       23,166    1.5%  ##########
    [   75.0–  100.0]       30,156    1.9%  ##############
    [  100.0–  125.0]       38,588    2.4%  ##################
    [  125.0–  150.0]       34,440    2.2%  ################
    [  150.0–  175.0]       46,227    2.9%  #####################
    [  175.0–  200.0]       52,619    3.3%  ########################
    [  200.0–  225.0]       57,210    3.6%  ###########################
    [  225.0–  250.0]       63,482    4.0%  #############################
    [  250.0–  275.0]       67,657    4.3%  ###############################
    [  275.0–  300.0]       73,874    4.7%  ##################################
    [  300.0–  325.0]       77,906    4.9%  ####################################
    [  325.0–  350.0]       82,355    5.2%  ######################################
    [  350.0–  375.0]       88,460    5.6%  #########################################
    [  375.0–  400.0]       81,872    5.2%  ######################################
    [  400.0–  425.0]       89,819    5.7%  ##########################################
    [  425.0–  450.0]       86,060    5.4%  ########################################
    [  450.0–  475.0]       89,381    5.6%  ##########################################
    [  475.0–  500.0]       90,684    5.7%  ##########################################
    [  500.0–  525.0]      105,815    6.7%  ##################################################
    [  525.0–  550.0]       94,692    6.0%  ############################################
    [  550.0–  575.0]       88,544    5.6%  #########################################
    [  575.0–  600.0]      102,291    6.5%  ################################################

  RHS/s sparkline (0..600s, max=32803, min=2496, mean=19810):
           ..:::::---::-----=====+=+++++++*++**##**##****####*##*%##%##%%@###%**%%%%
    ^^^^^^^^^^^^^^^^^^^^  (левая четверть = переходный процесс; правая = стационарный режим)

--- Малый ДМЖП (R_vsd=5.0): ONE CYCLE (last T=0.806 s) ---
  V_lv            min= +32.352  max= +69.741  mean= +52.089
  V_rv            min= +36.190  max= +75.916  mean= +57.809
  P_lv            min=  +0.960  max=+118.760  mean= +69.151
  P_rv            min=  +0.668  max= +33.279  mean= +19.331
  Q_mitral        min=  +0.000  max=+493.850  mean= +82.706
  Q_tricuspid     min=  +0.000  max=+476.962  mean= +73.586
  Q_aortic        min=  +0.000  max=+432.100  mean=+102.147
  Q_pulmonary     min=  +0.000  max=+310.557  mean=+104.513
  Q_vsd           min=  +0.058  max= +17.089  mean=  +9.959

  Систолический пик (i=7):
    P_lv = +118.76 мм рт.ст.
    P_rv =  +33.28 мм рт.ст.
    ΔP   =  +85.48 мм рт.ст.  (>0 → L→R, <0 → R→L в эту фазу)

--- Малый ДМЖП (R_vsd=5.0): STEADY (last 10 cycles, T=0.806 s) ---
  P_sa          =   73.25 мм рт.ст.   (target ≈ 85)
  P_pa          =   17.00 мм рт.ст.   (норма 15–20)
  P_sv          =    6.10 мм рт.ст.
  Q_aortic (Qs) =   56.33 мл/с        (target ≈ 83)
  Q_pulmonary   =   69.38 мл/с
  Q_vsd         =   +8.32 мл/с        (+L→R, −R→L)
  Qp / Qs       =   1.232           (норма ≈ 1.0, L→R > 1, R→L < 1)
  HR            =   74.43 уд/мин
  EDV_LV        =    77.2 мл
  EDV_RV        =    80.0 мл
  P_lv (mean)   =   57.84 мм рт.ст.
  P_rv (mean)   =   16.22 мм рт.ст.

  --- MASS BALANCE (should be ~0 in steady state) ---
  Q_mitral      =   72.95 мл/с
  Q_tricuspid   =   63.16 мл/с
  LV: Q_mitral - Q_aortic - Q_vsd = +8.31 мл/с
  RV: Q_tricuspid + Q_vsd - Qp    = +2.10 мл/с
  ⚠ Mass balance violated → система НЕ в стационаре

  --- CYCLE-AVERAGED (fixed y_end, cross-check) ---
  Qp_cycle_mean    =   75.50 мл/с
  Qs_cycle_mean    =   68.73 мл/с
  Qp/Qs_cycle      =   1.098
  mass_balance_err = -1.97

  ► ШУНТ: L→R  (+8.3 мл/с), Qp/Qs=1.232

  ✓ Все физиологические метрики в норме

--- Малый ДМЖП (R_vsd=5.0): VOLUME COMPARTMENTS (mean over last 10 cycles = 109 pts) ---
  V_sv (systemic veins)                      =   3709.04 мл
  V_jv (jugular vein)                        =    347.82 мл
  V_heart (LA+LV+RA+RV)                      =    250.35 мл
  V_lungs (C1*P_prox + C2*P_dist)            =    118.28 мл
  V_sys_art (C*P_sa)                         =    109.88 мл
  V_pul_ven (C*P_pv)                         =    165.87 мл
  V_liver (C*P_hv + Cp*P_portal)             =     58.42 мл
  V_gitract (Ca*P_art + Cc*P_cap)            =    257.70 мл
  V_brain (C*P_br)                           =    163.98 мл
  ----------------------------------------------------------
  V_blood_total (SUM всех компартментов)     =   5181.36 мл

--- Малый ДМЖП (R_vsd=5.0): LUNGS / PVR ---
  R_remodel (mnozitel)             =   1.000
  f_recruit (острый)               =   0.829
  f_recruit_eff (с подавлением)    =   1.000
  R_target (цель)                  =   1.000
  mode                             = healthy

--- Малый ДМЖП (R_vsd=5.0): ЦЕЛЬ 1 — ПЕРЕВОРОТ ГРАДИЕНТА ---
  [✗] R_remodel (steady)           =     1.000   (критерий: > 4.0)
  [✗] P_pa (steady, мм рт.ст.)     =    16.996   (критерий: > 40)
  [✗] P_lv_max − P_rv_max (сист.)  =    85.480   (критерий: < 0)
  [✗] Q_vsd (среднее, мл/с)        =     8.320   (критерий: < 0)
  [✗] baro_activation_rv           =     1.067   (критерий: > 1.5)
  [✗] Периодичность ‖y(t_end) − y(t_end−T)‖ = 6.589

  ► Ремоделирование не дошло — проверьте P_pa_threshold/pressure_sensitivity/tau_remodel

==============================================================================
  Done.
  Финиш: 2026-10-03 17:46:09
  Длительность: 0:33:36.399087
==============================================================================
[log] Полный лог: D:\git\hbs\vsd_rus\results\debug_whole_body_vsd_r5_20261003_171232.log
