[log] Script    : debug_whole_body.py
[log] Запись в: D:\git\hbs\vsd_rus\results\debug_whole_body_eisenmenger_decomp_20261005_114018.log
==============================================================================
  DEBUG WholeBodyModel — variant: eisenmenger_decomp
  Старт: 2026-10-05 11:40:18
==============================================================================

==============================================================================
  SCENARIO: eisenmenger_decomp  —  Эйзенменгер, декомпенсированный
==============================================================================
  timestamp: 2026-10-05 11:40:18

  Калибровка t_calib=600 с...
  y0: heart=[38.12024787 62.90920041 47.03981654 36.94896568  0.87078181]  P_sa=66.13

  Симуляция 0..1800 с, LSODA (с RHS-счётчиком)
  solver: success=True  nfev=1079172  njev=0  t_end=1800.0  n_points=12001

--- Эйзенменгер, декомпенсированный: CONVERGENCE WINDOWS ---
        window     P_sa     P_pa     V_lv     V_rv     HR       Qa       Qp     Q_vsd    R_rem
[     0-   450]    69.75    82.16     56.6     27.7  108.2    61.50    51.61    -10.05    9.981
[   450-   900]    69.78    82.33     56.6     27.7  108.2    61.56    51.40    -10.13   10.000
[   900-  1350]    69.81    82.37     56.6     27.7  108.2    61.60    51.39    -10.09   10.000
[  1350-  1800]    69.85    82.41     56.7     27.7  108.1    61.63    51.60    -10.15   10.000

--- Эйзенменгер, декомпенсированный: SOLVER COST ---
  nfev                     =     1,079,172
  njev                     =             0
  nlu                      =             0
  t_end                    =        1800.0 s
  T_cycle (hint)           =        0.5560 s
  n_cycles                 =        3237.5
  nfev / s                 =         599.5
  nfev / cycle             =         333.3
  njev / nfev              =       0.00000
  nlu  / nfev              =       0.00000
  wall time                =        988.59 s
  wall / nfev              =        916.06 us
  RHS calls (counter)      =     1,079,172
  counter / nfev           =        1.0000  (≈1.0 — счётчик видит всё)

  RHS calls per time block (24 blocks of 75.0s):
    [    0.0–   75.0]       44,728    4.1%  #################################################
    [   75.0–  150.0]       44,817    4.2%  #################################################
    [  150.0–  225.0]       44,974    4.2%  #################################################
    [  225.0–  300.0]       45,220    4.2%  #################################################
    [  300.0–  375.0]       44,842    4.2%  #################################################
    [  375.0–  450.0]       44,961    4.2%  #################################################
    [  450.0–  525.0]       45,136    4.2%  #################################################
    [  525.0–  600.0]       45,082    4.2%  #################################################
    [  600.0–  675.0]       45,147    4.2%  #################################################
    [  675.0–  750.0]       45,499    4.2%  ##################################################
    [  750.0–  825.0]       44,972    4.2%  #################################################
    [  825.0–  900.0]       44,748    4.1%  #################################################
    [  900.0–  975.0]       45,450    4.2%  #################################################
    [  975.0– 1050.0]       44,791    4.2%  #################################################
    [ 1050.0– 1125.0]       44,759    4.1%  #################################################
    [ 1125.0– 1200.0]       45,477    4.2%  #################################################
    [ 1200.0– 1275.0]       44,496    4.1%  ################################################
    [ 1275.0– 1350.0]       44,417    4.1%  ################################################
    [ 1350.0– 1425.0]       45,254    4.2%  #################################################
    [ 1425.0– 1500.0]       44,709    4.1%  #################################################
    [ 1500.0– 1575.0]       44,850    4.2%  #################################################
    [ 1575.0– 1650.0]       45,118    4.2%  #################################################
    [ 1650.0– 1725.0]       45,047    4.2%  #################################################
    [ 1725.0– 1800.0]       44,678    4.1%  #################################################

  RHS/s sparkline (0..1800s, max=13794, min=13232, mean=13490):
    %%%%%%%%%%%%%%%%%%%%%%%%%%%%@%%%%%%%%%%%%%%%%%%%%%%%%%%%%%%%%%%%%%%%%%%%%%%%%%%%
    ^^^^^^^^^^^^^^^^^^^^  (левая четверть = переходный процесс; правая = стационарный режим)

--- Эйзенменгер, декомпенсированный: ONE CYCLE (last T=0.555 s) ---
  V_lv            min= +45.509  max= +69.084  mean= +57.582
  V_rv            min= +13.659  max= +46.179  mean= +27.328
  P_lv            min=  +1.096  max=+112.296  mean= +29.175
  P_rv            min=  +0.325  max= +93.894  mean= +23.983
  Q_mitral        min=  +0.000  max= +98.779  mean= +59.770
  Q_tricuspid     min=  +0.000  max=+111.639  mean= +76.500
  Q_aortic        min=  +0.000  max=+413.435  mean=+103.359
  Q_pulmonary     min=  +0.000  max=+180.382  mean= +45.095
  Q_vsd           min=  +2.410  max= +61.335  mean= +17.306

  Систолический пик (i=1):
    P_lv = +112.30 мм рт.ст.
    P_rv =  +93.89 мм рт.ст.
    ΔP   =  +18.40 мм рт.ст.  (>0 → L→R, <0 → R→L в эту фазу)

--- Эйзенменгер, декомпенсированный: STEADY (last 10 cycles, T=0.555 s) ---
  P_sa          =   69.87 мм рт.ст.   (target ≈ 85)
  P_pa          =   82.44 мм рт.ст.   (норма 15–20)
  P_sv          =    6.07 мм рт.ст.
  Q_aortic (Qs) =   61.46 мл/с        (target ≈ 83)
  Q_pulmonary   =   51.52 мл/с
  Q_vsd         =  -10.13 мл/с        (+L→R, −R→L)
  Qp / Qs       =   0.838           (норма ≈ 1.0, L→R > 1, R→L < 1)
  HR            =  108.14 уд/мин
  EDV_LV        =    75.3 мл
  EDV_RV        =    47.9 мл
  P_lv (mean)   =   29.71 мм рт.ст.
  P_rv (mean)   =   32.75 мм рт.ст.

  --- MASS BALANCE (should be ~0 in steady state) ---
  Q_mitral      =   51.66 мл/с
  Q_tricuspid   =   61.81 мл/с
  LV: Q_mitral - Q_aortic - Q_vsd = +0.34 мл/с
  RV: Q_tricuspid + Q_vsd - Qp    = +0.16 мл/с

  --- CYCLE-AVERAGED (fixed y_end, cross-check) ---
  Qp_cycle_mean    =   51.42 мл/с
  Qs_cycle_mean    =   61.73 мл/с
  Qp/Qs_cycle      =   0.833
  mass_balance_err = -0.18

  ► ШУНТ: R→L  (-10.1 мл/с), Qp/Qs=0.838

  ⚠ ФИЗИОЛОГИЧЕСКИЕ ПРЕДУПРЕЖДЕНИЯ:
     - P_pa=82.4 вне [5.0, 80.0]

--- Эйзенменгер, декомпенсированный: VOLUME COMPARTMENTS (mean over last 10 cycles = 38 pts) ---
  V_sv (systemic veins)                      =   3691.27 мл
  V_jv (jugular vein)                        =    345.69 мл
  V_heart (LA+LV+RA+RV)                      =    175.68 мл
  V_lungs (C1*P_prox + C2*P_dist)            =    427.65 мл
  V_sys_art (C*P_sa)                         =    104.74 мл
  V_pul_ven (C*P_pv)                         =     74.59 мл
  V_liver (C*P_hv + Cp*P_portal)             =     57.30 мл
  V_gitract (Ca*P_art + Cc*P_cap)            =    247.07 мл
  V_brain (C*P_br)                           =    157.04 мл
  ----------------------------------------------------------
  V_blood_total (SUM всех компартментов)     =   5281.04 мл

--- Эйзенменгер, декомпенсированный: LUNGS / PVR ---
  R_remodel (mnozitel)             =  10.000
  f_recruit (острый)               =   1.500
  f_recruit_eff (с подавлением)    =   1.000
  R_target (цель)                  =  10.000
  mode                             = healthy

--- Эйзенменгер, декомпенсированный: ЦЕЛЬ 1 — ПЕРЕВОРОТ ГРАДИЕНТА ---
  [✓] R_remodel (steady)           =    10.000   (критерий: > 4.0)
  [✓] P_pa (steady, мм рт.ст.)     =    82.437   (критерий: > 40.0)
  [✗] P_lv_max − P_rv_max (сист.)  =    18.402   (критерий: < 0)
  [✓] Q_vsd (среднее, мл/с)        =   -10.134   (критерий: < 0)
  [✓] baro_activation_rv           =     3.248   (критерий: > 1.5)
  [✗] Периодичность ‖y(t_end) − y(t_end−T)‖ = 5.901

  ► Близко: PVR достаточный, но градиент ещё не перевёрнут

==============================================================================
  Done.
  Финиш: 2026-10-05 12:02:23
  Длительность: 0:22:04.613990
==============================================================================
[log] Полный лог: D:\git\hbs\vsd_rus\results\debug_whole_body_eisenmenger_decomp_20261005_114018.log
