[log] Script    : debug_whole_body.py
[log] Запись в: D:\git\hbs\vsd_rus\results\debug_whole_body_eisenmenger_20260928_231622.log
==============================================================================
  DEBUG WholeBodyModel — variant: eisenmenger
  Старт: 2026-09-28 23:16:22
==============================================================================

==============================================================================
  SCENARIO: eisenmenger  —  Эйзенменгер (R_remodel_max=10)
==============================================================================
  timestamp: 2026-09-28 23:16:22

  Калибровка t_calib=400 с...
  y0: heart=[137.45230059  74.00902261 127.202142    15.87369035]  V_blood=5794.4  P_sa=115.77

  Симуляция 0..800 с, LSODA (с RHS-счётчиком)
  solver: success=True  nfev=3616650  njev=75035  t_end=800.0  n_points=4000

--- Эйзенменгер (R_remodel_max=10): CONVERGENCE WINDOWS ---
        window     P_sa     P_pa     V_lv     V_rv     HR       Qa       Qp     Q_vsd    R_rem
[   0- 150]   130.87   133.31    120.4     31.5   67.7   111.58    91.30    +10.57    9.569
[ 150- 300]   116.70   121.19     92.6     22.5   72.5    98.76   113.49     +4.78    9.842
[ 300- 450]   114.16   118.06     89.6     20.9   73.4    87.35    66.54     +7.82    9.942
[ 450- 600]   116.88   121.79     94.4     21.1   72.5    98.64    93.81     +5.23    9.979

--- Эйзенменгер (R_remodel_max=10): SOLVER COST ---
  nfev                     =     3,616,650
  njev                     =        75,035
  nlu                      =        75,035
  t_end                    =         800.0 s
  T_cycle (hint)           =        0.8437 s
  n_cycles                 =         948.2
  nfev / s                 =        4520.8
  nfev / cycle             =        3814.2
  njev / nfev              =       0.02075
  nlu  / nfev              =       0.02075
  wall time                =       2136.78 s
  wall / nfev              =        590.82 us
  RHS calls (counter)      =     3,616,650
  counter / nfev           =        1.0000  (≈1.0 — счётчик видит всё)

  RHS calls per time block (24 blocks of 33.3s):
    [    0.0–   33.3]       61,956    1.7%  ##############
    [   33.3–   66.7]       81,833    2.3%  ###################
    [   66.7–  100.0]      101,715    2.8%  ########################
    [  100.0–  133.3]      108,426    3.0%  ##########################
    [  133.3–  166.7]      126,390    3.5%  ##############################
    [  166.7–  200.0]      132,461    3.7%  ###############################
    [  200.0–  233.3]      157,589    4.4%  #####################################
    [  233.3–  266.7]      162,699    4.5%  #######################################
    [  266.7–  300.0]      166,535    4.6%  #######################################
    [  300.0–  333.3]      184,851    5.1%  ############################################
    [  333.3–  366.7]      179,283    5.0%  ##########################################
    [  366.7–  400.0]      173,812    4.8%  #########################################
    [  400.0–  433.3]      198,608    5.5%  ###############################################
    [  433.3–  466.7]      208,508    5.8%  ##################################################
    [  466.7–  500.0]      196,831    5.4%  ###############################################
    [  500.0–  533.3]      186,866    5.2%  ############################################
    [  533.3–  566.7]      187,935    5.2%  #############################################
    [  566.7–  600.0]      166,302    4.6%  #######################################
    [  600.0–  633.3]      155,890    4.3%  #####################################
    [  633.3–  666.7]      162,547    4.5%  ######################################
    [  666.7–  700.0]      137,648    3.8%  #################################
    [  700.0–  733.3]      128,840    3.6%  ##############################
    [  733.3–  766.7]      128,429    3.6%  ##############################
    [  766.7–  800.0]      120,696    3.3%  ############################

  RHS/s sparkline (0..800s, max=65411, min=16072, mean=45208):
    ::::---=======++++++******#+###########*##%%%%%%%###%#%##@*+*****#++++==++++++==
    ^^^^^^^^^^^^^^^^^^^^  (левая четверть = переходный процесс; правая = стационарный режим)

--- Эйзенменгер (R_remodel_max=10): ONE CYCLE (last T=0.832 s) ---
  V_lv            min= +63.064  max=+137.106  mean=+100.147
  V_rv            min= +14.018  max= +58.306  mean= +24.715
  P_lv            min=  +4.164  max=+152.226  mean=+109.223
  P_rv            min=  +1.015  max=+136.782  mean=+102.698
  Q_mitral        min=  +0.000  max=+356.024  mean= +71.205
  Q_tricuspid     min=  +0.000  max=+303.075  mean= +60.615
  Q_aortic        min=  +0.000  max=+306.470  mean=+114.457
  Q_pulmonary     min=  +0.000  max= +65.412  mean= +27.334
  Q_vsd           min=  +7.873  max= +38.612  mean= +16.313

  Систолический пик (i=3):
    P_lv = +152.23 мм рт.ст.
    P_rv = +136.78 мм рт.ст.
    ΔP   =  +15.44 мм рт.ст.  (>0 → L→R, <0 → R→L в эту фазу)

--- Эйзенменгер (R_remodel_max=10): STEADY (last 10 cycles, T=0.832 s) ---
  P_sa          =  120.83 мм рт.ст.   (target ≈ 85)
  P_pa          =  127.74 мм рт.ст.   (норма 15–20)
  P_sv          =   11.58 мм рт.ст.
  Q_aortic (Qs) =  113.64 мл/с        (target ≈ 83)
  Q_pulmonary   =   95.75 мл/с
  Q_vsd         =  +11.67 мл/с        (+L→R, −R→L)
  Qp / Qs       =   0.843           (норма ≈ 1.0, L→R > 1, R→L < 1)
  HR            =   72.12 уд/мин
  EDV_LV        =   137.8 мл
  EDV_RV        =    58.3 мл
  V_sv          =  3423.8 мл        (target 3643.0)
  P_lv (mean)   =  104.31 мм рт.ст.
  P_rv (mean)   =   99.64 мм рт.ст.

  --- MASS BALANCE (should be ~0 in steady state) ---
  Q_mitral      =  121.43 мл/с
  Q_tricuspid   =  136.74 мл/с
  LV: Q_mitral - Q_aortic - Q_vsd = -3.87 мл/с
  RV: Q_tricuspid + Q_vsd - Qp    = +52.66 мл/с
  ⚠ Mass balance violated → система НЕ в стационаре

  --- CYCLE-AVERAGED (fixed y_end, cross-check) ---
  Qp_cycle_mean    =   93.88 мл/с
  Qs_cycle_mean    =  104.49 мл/с
  Qp/Qs_cycle      =   0.898
  mass_balance_err = -17.37

  ► ШУНТ: L→R  (+11.7 мл/с), Qp/Qs=0.843

  ⚠ ФИЗИОЛОГИЧЕСКИЕ ПРЕДУПРЕЖДЕНИЯ:
     - P_pa=127.7 вне [5, 80]

--- Эйзенменгер (R_remodel_max=10): VOLUME COMPARTMENTS (mean over last 10 cycles = 43 pts) ---
  V_blood (BloodPool)                        =   5782.61 мл
  V_sv (systemic veins)                      =   3423.99 мл
  V_jv (jugular vein)                        =    466.94 мл
  V_heart (LA+LV+RA+RV)                      =    359.67 мл
    V_la                                     =    130.41 мл
    V_lv                                     =    102.71 мл
    V_ra                                     =    104.84 мл
    V_rv                                     =     21.71 мл
  V_lungs (C1*P_prox + C2*P_dist)            =    706.78 мл
  V_sys_art (C*P_sa)                         =    181.17 мл
  V_pul_ven (C*P_pv)                         =    341.36 мл
  V_liver (C*P_hv + Cp*P_portal)             =    105.83 мл
  V_gitract (Ca*P_art + Cc*P_cap)            =    430.97 мл
  V_brain (C*P_br)                           =    270.83 мл
  ----------------------------------------------------------
  SUM (all compartments, incl. V_blood)      =  12429.83 мл
  V_blood (reference from BloodPool)         =   5782.61 мл
  SUM − V_blood                              =  +6647.22 мл
  Expected total (≈ blood.V0)                =   5800.00 мл
  ⚠ Сумма компартментов 12430 ≠ blood.V0 5800 → возможна утечка (+6630 мл)
  V_outside (SUM − V_blood)                  =   6647.22 мл  (53.5% от SUM)

--- Эйзенменгер (R_remodel_max=10): LUNGS / PVR ---
  R_remodel (mnozitel)             =   9.997
  f_recruit (острый)               =   0.552
  f_recruit_eff (с подавлением)    =   1.000
  R_target (цель)                  =  10.000
  mode                             = remodeled

--- Эйзенменгер (R_remodel_max=10): ЦЕЛЬ 1 — ПЕРЕВОРОТ ГРАДИЕНТА ---
  [✓] R_remodel (steady)           =     9.997   (критерий: > 4.0)
  [✓] P_pa (steady, мм рт.ст.)     =   127.744   (критерий: > 40)
  [✗] P_lv_max − P_rv_max (сист.)  =    15.445   (критерий: < 0)
  [✗] Q_vsd (среднее, мл/с)        =    11.668   (критерий: < 0)
  [✓] baro_activation_rv           =     4.758   (критерий: > 1.5)
  [✗] Периодичность ‖y(t_end) − y(t_end−T)‖ = 13.456

  ► Близко: PVR достаточный, но градиент ещё не перевёрнут

==============================================================================
  Done.
  Финиш: 2026-09-29 00:06:52
  Длительность: 0:50:29.968047
==============================================================================
[log] Полный лог: D:\git\hbs\vsd_rus\results\debug_whole_body_eisenmenger_20260928_231622.log
