# Критический анализ `debug_whole_body.py` и лога Эйзенменгера

## 1. Формальный результат: Цель 1 достигнута

```
[✓] R_remodel (steady)           = 10.000
[✓] P_pa (steady)                = 170.68
[✓] P_lv_max − P_rv_max (сист.)  = -15.34   (< 0 → градиент перевёрнут)
[✓] Q_vsd (среднее)              = -12.76   (< 0 → R→L)
[✓] baro_activation_rv           = 6.189    (> 1.5)
```

**Качественно переворот произошёл:** шунт R→L, `Qp/Qs < 1`, `P_pa > P_sa` по пику. Модель **может** переворачивать градиент.

---

## 2. Физиологичность — критический провал

### 2.1. P_pa = 170 мм рт.ст. — нефизиологично

При Эйзенменгере у взрослого:
- **Клинически:** $P_{pa,sys}$ = 60–100 мм рт.ст. максимум, крайние случаи — 120.
- **В логе:** `P_pa = 170.68`, пик `P_rv = 229.91`.

Это **супрасистемное** давление — при таком уровне лёгочная артерия разрывается. Модель ушла в потолок `R_remodel_max = 10`, потому что положительная обратная связь $P_{pa} \to R_{remodel} \to PVR \to P_{pa}$ **не насыщается**.

**Что произошло:** `f_recruit_eff = 1.000` (см. п. 3.2) — рарефакция «съелась» старой формулой, PVR не стабилизировался, P_pa продолжает расти даже при `R_remodel = R_max`.

### 2.2. P_sa = 140 мм рт.ст. — гипертензия из ниоткуда

Сценарий — Эйзенменгер, а не гипертоническая болезнь. Целевой MAP = 85. Получили 140 — система **не держит** барорефлекторный контроль. Возможные причины:
- `baro_activation_rv = 6.19` клипнут к 2.0, но E_max_rv всё равно огромный;
- baroreflex писал HR = 59 (брадикардия), но P_sa = 140 — противоречие;
- авто-калибровка R_sys_peripheral под target_MAP=85 дала 3.8 Ом, но при Qs = 121 MAP = 121·3.8 = 460?? Расчёт не сходится.

**Похоже, Q_aortic в логе — мгновенный пик, а не среднее по циклу.** `Q_aortic = 120` в STEADY — это либо усреднённый поток, либо ошибочно взятый мгновенный. Если усреднённый, то $MAP = 121 \cdot 3.8 = 460$ мм рт.ст. — абсурд. Значит либо `R_sys_peripheral` ушёл куда-то, либо `Q_aortic` завышен.

### 2.3. EDV_RV = 60.9 мл — противоречит Эйзенменгеру

**Клиника:** при Эйзенменгере ПЖ **дилатирован** (150–250 мл EDV). В сценарии задано `EDV_rv = 200.0`, но steady-state даёт 60.9 мл — в 3 раза меньше.

**Причина:** `V_rv` в `heart.py` ограничен `_soft_clamp_upper(V_rv, V_max_rv_eff)`, где `V_max_rv_eff = 250·(1 + 0.5·rv_afterload)`. При клипе `rv_afterload = 1` потолок = 375, не должен мешать. Но `_soft_clamp` снизу (`V_min_rv_eff = V0_rv·max(0.3, 1−0.3·rv_al)`) + отсутствие активного наполнения = ПЖ «схлопывается». Фактически ПЖ **опорожняется** быстрее, чем наполняется из ПП.

**Проверка по масс-балансу:** `RV: Q_tricuspid + Q_vsd − Qp = −19.08` мл/с — то есть оттока из ПЖ больше притока на 19 мл/с. Система не в стационаре, `V_rv` продолжает падать.

### 2.4. HR = 59.3 — брадикардия

При Эйзенменгере — компенсаторная тахикардия (HR 90–110). Модель даёт 59. `baro_activation_rv = 6.19` должен был ускорить HR через симпатику, но `hr_factor` — отдельный сигнал от `baro_activation`. Возможно, P_sa = 140 → baroreflex снижает HR (парасимпатика) → брадикардия. **Замкнутый круг:** высокое P_sa → брадикардия → падение CO → но P_sa остаётся высоким. Значит проблема в `C_sys_art` или другом параметре, а не в HR.

### 2.5. V_lungs = 898 мл и V_brain = 318 мл — вдвое больше нормы

- Норма `V_lungs ≈ 400–500` мл (в модели через `C1·P_prox + C2·P_dist`).
- Норма `V_brain ≈ 150` мл.

Оба компартмента «раздулись» из-за высоких давлений: `P_pa = 170` → `V_lungs` линейно растёт, `P_br` высокое из-за общей гипертензии. Это следствие, а не причина, но подчёркивает **системный характер** нефизиологичности.

---

## 3. Баги в `debug_whole_body.py` — скрытые, но важные

### 3.1. `mode = healthy` при `R_remodel = 10` — рассинхрон с `lungs.py`

В логе:
```
mode  = healthy
```

Но `R_remodel = 10`, а `lungs._mode_from_R_remodel(10.0)` возвращает `'decompensated'`.

**Причина:** в `whole_body.compute_outputs`:
```python
'mode_remodeled': 1.0 if f['lungs_out'].get('mode') == 'remodeled' else 0.0,
```

`whole_body` проверяет `== 'remodeled'` — старое значение. Новый `lungs` возвращает `'healthy'` / `'compensated'` / `'decompensated'`. Строка `'decompensated' != 'remodeled'` → `mode_remodeled = 0.0` → debug печатает «healthy».

**Фикс:** в `whole_body.compute_outputs`:
```python
'mode_remodeled': 1.0 if f['lungs_out'].get('mode') == 'decompensated' else 0.0,
```
или лучше — пробрасывать строку как есть и парсить в debug.

### 3.2. `f_recruit_eff = 1.000` — устаревший ключ

В `_print_lungs_steady` запрашивается `data['f_recruit_eff']`. В актуальном `lungs.py` такого ключа **нет** — есть `recruit_factor` и `f_rarefaction`. Значит `_window_mean` возвращает `nan`... но лог показывает `1.000`. Возможно, debug использует старый `lungs.py` или `whole_body` подставляет значение из кэша `_current_outputs` — но там тоже нет такого ключа.

**Скорее всего:** `debug_whole_body.py` не полностью синхронизирован с текущим `lungs.py`. `f_recruit_eff` берётся из устаревшего кэша или подставляется дефолт.

**Фикс:** либо добавить в `lungs.py` алиас `'f_recruit_eff': f_recruit` для обратной совместимости, либо переписать `_print_lungs_steady` на актуальные ключи `recruit_factor` / `f_rarefaction` / `mode`.

### 3.3. `_print_goal1_check` некорректно проверяет `baro_activation_rv > 1.5`

`baro_activation_rv` в `heart.py` клипуется `[0.5, 2.0]`. В логе — `6.189` — значит, значение получено **до клипа** (из `baroreflex_out['baro_activation_rv']`, минуя `_update_parameters`). Это рассогласование: debug показывает одно число, а `heart` реально использует другое (клипнутое до 2.0).

**Фикс:** либо в `debug_whole_body` брать `_current_E_max['RV']` из `heart._current_flows`, либо явно сравнивать с `min(baro_rv, 2.0)`.

### 3.4. Три разных значения `Q_vsd`, противоречащих друг другу

| Источник | Q_vsd |
|---|---|
| `_window_mean(data, 'Q_vsd', win)` | **−12.76** |
| `cycle_averaged_flows(Qp, Qs, Q_vsd)` (mass_balance_err = −36) | **≈ −47.5** |
| `ONE CYCLE mean` | **−10.71** |

Разброс в 4 раза. **Это значит: траектория не периодична.** Что подтверждается: `‖y(t_end) − y(t_end−T)‖ = 35.8` — далеко от нуля.

**Диагноз:** модель не вышла в стационарный режим за 1500 с. `R_remodel = 10 = R_max` — упёрлась в потолок, но давление всё ещё медленно растёт. По логу: `RHS/s sparkline` в конце — почти максимальная плотность (`@`), не снижается. То есть система **не затухает**, а остаётся в быстром режиме.

### 3.5. Нарушение масс-баланса — система не в стационаре

```
LV: Q_mitral − Q_aortic − Q_vsd = −18.06 мл/с
RV: Q_tricuspid + Q_vsd − Qp    = −19.08 мл/с
```

Это интегральный тест: если система в стационаре, обе суммы должны быть **нулём**. Обе далеки от нуля и имеют **одинаковый знак** — значит, объёмы ЛЖ и ПЖ **синхронно убывают** со скоростью ~18–19 мл/с. За 1500 с это 27 литров — явно нонсенс, значит либо усреднение по короткому окну не покрывает целое число циклов, либо траектория реально дрейфует.

**Фикс:** увеличить окно усреднения до 20–30 циклов, либо использовать `cycle_averaged_flows` как основной метод — он снимает эффект «нецелого числа циклов».

---

## 4. Численная стоимость

| Метрика | Значение | Норма | Диагноз |
|---|---|---|---|
| `nfev` | 10 228 526 | ~1–3 млн | **5–10× перерасход** |
| `nfev / cycle` | 7843 | 100–300 | **25–80× превышение** |
| `njev / nfev` | 0.0192 | 0.01–0.05 | норма |
| `wall / nfev` | 720 мкс | 30–80 мкс | **10× медленнее** |

`nfev / cycle = 7843` означает, что LSODA делает ~8000 RHS-вызовов **на один кардиоцикл**. Это признак жёсткой динамики: клапаны дребезжат, `_soft_clamp` мешает сходимости, `rv_afterload` дёргает `E_max_rv` на каждом шаге.

**Причины:**
- `baro_activation_rv = 6.19` — большие входы → большие производные → LSODA дробит шаг.
- Потолок `R_remodel_max = 10` создаёт жёсткое переключение при достижении.
- `P_pa = 170` — нефизиологичная зона, где клапаны полностью открыты, а производные по давлению огромны.

`wall / nfev = 720 мкс` — Python-оверхед доминирует. Профилирование через `cProfile` покажет, где горячие точки. Скорее всего `_compute_organ_flows` с его 12 вызовами `get_derivatives` + `compute_effects` — основной потребитель.

---

## 5. Итоговый вердикт

| Аспект | Оценка |
|---|---|
| Логика переворота градиента | ✅ Работает качественно |
| Количественная физиологичность | ❌ P_pa, P_sa, EDV_RV, HR — вне нормы |
| Стационарность решения | ❌ Масс-баланс нарушен, периодичность не достигнута |
| Согласованность модулей | ❌ `mode`, `f_recruit_eff` — устаревшие ключи |
| Стоимость симуляции | ❌ 2 ч 19 мин на 1500 с — 5–10× перерасход |

**Цель 1 формально достигнута**, но **методом «разгона в потолок»**. Модель переворачивает градиент, но ценой нефизиологических давлений и потери стационарности.

---

## 6. Что менять в приоритете

### Критично (без этого результаты бессмысленны)

1. **Ограничить `P_pa` сверху.** В `lungs.py` — при `P_pa > 60` ослаблять рост `R_remodel`, чтобы положительная обратная связь насыщалась:
   ```python
   P_pa_eff = min(P_pa, 80.0)   # в _R_remodel_target
   ```

2. **Синхронизировать `whole_body` с новыми ключами `lungs`:**
   - `mode_remodeled` → проверять `'decompensated'` (или `!= 'healthy'`);
   - `f_recruit_eff` — заменить на `recruit_factor`.

3. **Исправить масс-баланс.** Проверить, что `debug_whole_body._print_steady` усредняет по **целому** числу циклов, а не по 10·T произвольным окном.

4. **Проверить `R_sys_peripheral`:** при `P_sa = 140` и `Qs = 121` MAP должен быть ~460 — это противоречие указывает на ошибку в вычислении `Qs` или `R_sys`.

### Физиологичность

5. **Ограничить `rv_hypertrophy`** (см. предыдущий ответ по `heart.py`) — потолок 1.75, а не 2.5.
6. **Проверить наполнение ПЖ** — при Эйзенменгере EDV_RV должен быть > 150 мл, а не 60.
7. **Проверить `HR`** — при `P_sa = 140` baroreflex должен давать брадикардию, но P_sa должен упасть. Если не падает — проблема в `C_sys_art` или утечке через шунт.

### Производительность

8. **Профилировать RHS.** 720 мкс на вызов — слишком много. Возможные точки: `np.clip` в цикле по 12 органам, `dict.get` в горячем пути, кэш `_compute_organ_flows` не срабатывает (проверить hit rate).
9. **Увеличить `max_step`** или перейти на `LSODA` с `jac=None` — если не задан, LSODA тратит шаги на численный якобиан.