[log] Script    : run_simulation_parallel.py
[log] Log file  : D:\git\hbs\vsd_rus\results\run_simulation_parallel_20261003_181002.log
[log] Started   : 2026-10-03 18:10:02
================================================================================
Запуск: 2026-10-03 18:10:02
СРАВНЕНИЕ ГЕМОДИНАМИКИ: ЗДОРОВЫЙ vs ДМЖП — v4 PARALLEL
N_EVAL=3000, MAX_STEP=0.05, STEADY_FRAC=0.6, t_calib healthy=400.0
================================================================================
Загружено пациентов: ['Здоровый', 'Малый ДМЖП (R=5.0)', 'Большой ДМЖП (R=1.0)', 'Эйзенменгер, компенсированный', 'Эйзенменгер, декомпенсированный']

🚀 Запуск 5 симуляций параллельно n_jobs=5 (loky), лог: D:\git\hbs\vsd_rus\results\run_simulation_parallel_20261003_181002.log
[Parallel(n_jobs=5)]: Using backend LokyBackend with 5 concurrent workers.
  [PID 7080] [Здоровый] Калибровка t_calib=400с...
  [PID 9388] [Эйзенменгер, компенсированный] Калибровка t_calib=800с...
  [PID 11656] [Эйзенменгер, декомпенсированный] Калибровка t_calib=800с...
  [PID 11940] [Большой ДМЖП (R=1.0)] Калибровка t_calib=400с...
  [PID 14048] [Малый ДМЖП (R=5.0)] Калибровка t_calib=400с...
  [PID 7080] [Здоровый] CHECK P_sa=71.7 P_pa=15.3 P_sv=6.2 HR=74.9 V_blood=5179 Qp=24.0 Qs=21.7 Qp/Qs=1.11 Q_vsd=+0.0 balance=+2.33 SaO2=97.2% baro_vaso=1.13 baro_ino=1.04 suppress=1.00
  [PID 7080] [Здоровый] Симуляция 0..800с LSODA max_step=0.050 3000 точек...
  [PID 11940] [Большой ДМЖП (R=1.0)] CHECK P_sa=74.2 P_pa=25.0 P_sv=5.9 HR=78.6 V_blood=5179 Qp=35.3 Qs=16.2 Qp/Qs=2.18 Q_vsd=+14.5 balance=+4.67 SaO2=97.2% baro_vaso=1.09 baro_ino=1.03 suppress=1.00
  [PID 11940] [Большой ДМЖП (R=1.0)] Симуляция 0..800с LSODA max_step=0.050 3000 точек...
  [PID 14048] [Малый ДМЖП (R=5.0)] CHECK P_sa=71.7 P_pa=16.0 P_sv=6.1 HR=74.7 V_blood=5179 Qp=40.1 Qs=32.1 Qp/Qs=1.25 Q_vsd=+3.7 balance=+4.23 SaO2=97.2% baro_vaso=1.13 baro_ino=1.04 suppress=1.00
  [PID 14048] [Малый ДМЖП (R=5.0)] Симуляция 0..800с LSODA max_step=0.050 3000 точек...
  [PID 11656] [Эйзенменгер, декомпенсированный] CHECK P_sa=69.4 P_pa=80.3 P_sv=5.9 HR=108.4 V_blood=5232 Qp=4.1 Qs=15.3 Qp/Qs=0.27 Q_vsd=-8.5 balance=-2.78 SaO2=96.1% baro_vaso=1.02 baro_ino=1.01 suppress=0.11
  [PID 11656] [Эйзенменгер, декомпенсированный] Симуляция 0..800с LSODA max_step=0.050 3000 точек...
  [PID 7080] [Здоровый] готово 3000 точек, 1475852 RHS, cache_hits=2
  [PID 7080] 💾 vsd_results_patient_001.npz (2428.4с)
  [PID 9388] [Эйзенменгер, компенсированный] CHECK P_sa=70.7 P_pa=69.1 P_sv=5.7 HR=89.9 V_blood=5181 Qp=19.9 Qs=25.3 Qp/Qs=0.78 Q_vsd=+2.6 balance=-8.04 SaO2=97.2% baro_vaso=1.02 baro_ino=1.01 suppress=0.22
  [PID 9388] [Эйзенменгер, компенсированный] Симуляция 0..800с LSODA max_step=0.050 3000 точек...
  [PID 11940] [Большой ДМЖП (R=1.0)] готово 3000 точек, 2181386 RHS, cache_hits=2
  [PID 11940] 💾 vsd_results_patient_003.npz (3409.2с)
[Parallel(n_jobs=5)]: Done   2 out of   5 | elapsed: 56.9min remaining: 85.3min
