[log] Script    : run_simulation_parallel.py
[log] Log file  : D:\git\hbs\vsd_rus\results\run_simulation_parallel_20261003_223202.log
[log] Started   : 2026-10-03 22:32:02
================================================================================
Запуск: 2026-10-03 22:32:02
СРАВНЕНИЕ ГЕМОДИНАМИКИ: ЗДОРОВЫЙ vs ДМЖП — v4 PARALLEL
Per-scenario simulation config (from YAML):
  Здоровый                                 t_span=(0.0, 1800.0)  n= 12001  t_calib=400s
  Малый ДМЖП (R=5.0)                       t_span=(0.0, 1800.0)  n= 12001  t_calib=400s
  Большой ДМЖП (R=1.0)                     t_span=(0.0, 1800.0)  n= 12001  t_calib=400s
  Эйзенменгер, компенсированный            t_span=(0.0, 1500.0)  n= 30000  t_calib=600s
  Эйзенменгер, декомпенсированный          t_span=(0.0, 1500.0)  n= 30000  t_calib=600s
================================================================================
Загружено пациентов: ['Здоровый', 'Малый ДМЖП (R=5.0)', 'Большой ДМЖП (R=1.0)', 'Эйзенменгер, компенсированный', 'Эйзенменгер, декомпенсированный']

🚀 Запуск 5 симуляций параллельно n_jobs=5 (loky), лог: D:\git\hbs\vsd_rus\results\run_simulation_parallel_20261003_223202.log
[Parallel(n_jobs=5)]: Using backend LokyBackend with 5 concurrent workers.
  [PID 11528] [Эйзенменгер, декомпенсированный] Калибровка t_calib=600с...
  [PID 19904] [Эйзенменгер, компенсированный] Калибровка t_calib=600с...
  [PID 2964] [Большой ДМЖП (R=1.0)] Калибровка t_calib=400с...
  [PID 12728] [Малый ДМЖП (R=5.0)] Калибровка t_calib=400с...
  [PID 19376] [Здоровый] Калибровка t_calib=400с...
  [PID 19376] [Здоровый] CHECK P_sa=53.6 P_pa=11.7 P_sv=6.7 HR=84.9 V_blood=5221 Qp=11.5 Qs=10.4 Qp/Qs=1.11 Q_vsd=+0.0 balance=+1.12 SaO2=97.2% baro_vaso=1.53 baro_ino=1.13 suppress=1.00
  [PID 19376] [Здоровый] Симуляция 0..1800с LSODA max_step=0.050 12001 точек...
  [PID 12728] [Малый ДМЖП (R=5.0)] ⚠ CALIBRATION: calibrate: P_sa=49.8 вне [50.0,150.0]; using analytic y0
  [PID 12728] [Малый ДМЖП (R=5.0)] CHECK P_sa=85.0 P_pa=16.0 P_sv=6.0 HR=70.0 V_blood=5218 Qp=100.8 Qs=86.7 Qp/Qs=1.16 Q_vsd=+6.3 balance=+7.81 SaO2=97.2% baro_vaso=1.00 baro_ino=1.00 suppress=1.00
  [PID 12728] [Малый ДМЖП (R=5.0)] Симуляция 0..1800с LSODA max_step=0.050 12001 точек...
  [PID 19904] [Эйзенменгер, компенсированный] ⚠ CALIBRATION: calibrate: P_sa=47.4 вне [50.0,150.0]; using analytic y0
  [PID 19904] [Эйзенменгер, компенсированный] CHECK P_sa=85.0 P_pa=16.0 P_sv=6.0 HR=85.0 V_blood=5218 Qp=181.9 Qs=76.4 Qp/Qs=2.38 Q_vsd=+46.6 balance=+58.87 SaO2=97.2% baro_vaso=1.00 baro_ino=1.00 suppress=1.00
  [PID 19904] [Эйзенменгер, компенсированный] Симуляция 0..1500с LSODA max_step=0.050 30000 точек...
  [PID 2964] [Большой ДМЖП (R=1.0)] CHECK P_sa=52.7 P_pa=16.9 P_sv=6.5 HR=91.5 V_blood=5221 Qp=24.4 Qs=8.5 Qp/Qs=2.86 Q_vsd=+9.0 balance=+6.85 SaO2=97.2% baro_vaso=1.55 baro_ino=1.14 suppress=1.00
  [PID 2964] [Большой ДМЖП (R=1.0)] Симуляция 0..1800с LSODA max_step=0.050 12001 точек...
  [PID 11528] [Эйзенменгер, декомпенсированный] ⚠ CALIBRATION: calibrate: P_sa=43.0 вне [50.0,150.0]; using analytic y0
  [PID 11528] [Эйзенменгер, декомпенсированный] CHECK P_sa=85.0 P_pa=16.0 P_sv=6.0 HR=100.0 V_blood=5268 Qp=282.7 Qs=94.7 Qp/Qs=2.98 Q_vsd=+41.3 balance=+146.67 SaO2=97.0% baro_vaso=1.00 baro_ino=1.00 suppress=1.00
  [PID 11528] [Эйзенменгер, декомпенсированный] Симуляция 0..1500с LSODA max_step=0.050 30000 точек...
  [PID 19376] [Здоровый] готово 12001 точек, 4253782 RHS, cache_hits=2
  [PID 19376] 💾 vsd_results_patient_001.npz (5127.1с)
  [PID 11528] [Эйзенменгер, декомпенсированный] готово 30000 точек, 3397742 RHS, cache_hits=2
  [PID 11528] 💾 vsd_results_patient_005.npz (5216.3с)
[Parallel(n_jobs=5)]: Done   2 out of   5 | elapsed: 87.0min remaining: 130.5min
  [PID 19904] [Эйзенменгер, компенсированный] готово 30000 точек, 4349459 RHS, cache_hits=2
  [PID 19904] 💾 vsd_results_patient_004.npz (5683.9с)
[Parallel(n_jobs=5)]: Done   3 out of   5 | elapsed: 94.8min remaining: 63.2min
  [PID 12728] [Малый ДМЖП (R=5.0)] готово 12001 точек, 6956089 RHS, cache_hits=2
  [PID 12728] 💾 vsd_results_patient_002.npz (7534.6с)
  [PID 2964] [Большой ДМЖП (R=1.0)] готово 12001 точек, 8125304 RHS, cache_hits=2
  [PID 2964] 💾 vsd_results_patient_003.npz (8664.1с)
[Parallel(n_jobs=5)]: Done   5 out of   5 | elapsed: 144.4min finished

📊 Генерация визуализаций (последовательно)...

====================================================================================================
ДЕТАЛЬНЫЙ ОТЧЁТ
====================================================================================================
Формат: mean ± std по установившемуся окну (t > 0.75·t_end).
====================================================================================================

📊 Здоровый
--------------------------------------------------
  • Системное АД (P_sa)              : 51.0 ± 0.8 мм рт. ст.
  • Лёгочное АД (P_pa)               : 10.9 ± 0.4 мм рт. ст.
  • Системный выброс (Q_aortic)      : 36.9 ± 65.3 мл/с
  • Лёгочный кровоток (Q_pulmonary)  : 36.5 ± 40.2 мл/с
  • Соотношение Qp/Qs                : 0.99
  • Объём ЛЖ (V_lv)                  : 32.6 ± 5.9 мл
  • Объём ПЖ (V_rv)                  : 37.3 ± 7.0 мл
  • Объём крови (V_blood)            : 5237 ± 1 мл
  • Сатурация O₂ (SaO2)              : 97.2 ± 0.0 %
  • ЧСС (HR)                         : 86.2 ± 0.3 уд/мин
  • СКФ (GFR)                        : 0.71 ± 0.06 мл/с
  • Доставка O₂ мозгу (DO₂_br)       : Q_br=4.24 ± 0.12 × C_a_O₂=0.198 ± 0.000
  • Церебральный O₂-баланс          : CMRO₂=0.520 ± 0.004
  • Потребление O₂ периферией        : 0.860 ± 0.018 мл O₂/с
  • Поглощение O₂ лёгкими            : 3.328 ± 3.657 мл O₂/с

📊 Малый ДМЖП (R=5.0)
--------------------------------------------------
  • Системное АД (P_sa)              : 52.2 ± 0.7 мм рт. ст.
  • Лёгочное АД (P_pa)               : 12.3 ± 0.5 мм рт. ст.
  • Системный выброс (Q_aortic)      : 40.4 ± 71.7 мл/с
  • Лёгочный кровоток (Q_pulmonary)  : 44.8 ± 44.7 мл/с
  • Соотношение Qp/Qs                : 1.11
  • Шунт через ДМЖП (Q_vsd)          : +5.96 ± +3.64 мл/с  — L→R (лево-правый)
  • Объём ЛЖ (V_lv)                  : 34.9 ± 6.9 мл
  • Объём ПЖ (V_rv)                  : 42.2 ± 7.4 мл
  • Объём крови (V_blood)            : 5233 ± 1 мл
  • Сатурация O₂ (SaO2)              : 97.2 ± 0.0 %
  • ЧСС (HR)                         : 85.5 ± 0.1 уд/мин
  • СКФ (GFR)                        : 0.80 ± 0.05 мл/с
  • Доставка O₂ мозгу (DO₂_br)       : Q_br=4.33 ± 0.13 × C_a_O₂=0.198 ± 0.000
  • Церебральный O₂-баланс          : CMRO₂=0.527 ± 0.001
  • Потребление O₂ периферией        : 0.894 ± 0.014 мл O₂/с
  • Поглощение O₂ лёгкими            : 3.987 ± 3.973 мл O₂/с
  • Доля R→L шунта                   : 15.0 ± 35.7 %

📊 Большой ДМЖП (R=1.0)
--------------------------------------------------
  • Системное АД (P_sa)              : 54.0 ± 0.7 мм рт. ст.
  • Лёгочное АД (P_pa)               : 16.3 ± 1.4 мм рт. ст.
  • Системный выброс (Q_aortic)      : 41.5 ± 78.8 мл/с
  • Лёгочный кровоток (Q_pulmonary)  : 66.4 ± 67.0 мл/с
  • Соотношение Qp/Qs                : 1.60
  • Шунт через ДМЖП (Q_vsd)          : +25.99 ± +17.84 мл/с  — L→R (лево-правый)
  • Объём ЛЖ (V_lv)                  : 39.8 ± 9.9 мл
  • Объём ПЖ (V_rv)                  : 53.9 ± 9.0 мл
  • Объём крови (V_blood)            : 5237 ± 1 мл
  • Сатурация O₂ (SaO2)              : 97.2 ± 0.0 %
  • ЧСС (HR)                         : 90.6 ± 0.1 уд/мин
  • СКФ (GFR)                        : 0.93 ± 0.05 мл/с
  • Доставка O₂ мозгу (DO₂_br)       : Q_br=4.47 ± 0.12 × C_a_O₂=0.198 ± 0.000
  • Церебральный O₂-баланс          : CMRO₂=0.537 ± 0.001
  • Потребление O₂ периферией        : 0.944 ± 0.013 мл O₂/с
  • Поглощение O₂ лёгкими            : 5.701 ± 5.748 мл O₂/с
  • Доля R→L шунта                   : 17.8 ± 38.3 %

📊 Эйзенменгер, компенсированный
--------------------------------------------------
  • Системное АД (P_sa)              : 45.9 ± 0.7 мм рт. ст.
  • Лёгочное АД (P_pa)               : 43.7 ± 0.9 мм рт. ст.
  • Системный выброс (Q_aortic)      : 35.9 ± 66.0 мл/с
  • Лёгочный кровоток (Q_pulmonary)  : 43.8 ± 120.6 мл/с
  • Соотношение Qp/Qs                : 1.22
  • Шунт через ДМЖП (Q_vsd)          : +7.96 ± +14.92 мл/с  — L→R (лево-правый)
  • Объём ЛЖ (V_lv)                  : 33.1 ± 5.3 мл
  • Объём ПЖ (V_rv)                  : 17.0 ± 3.1 мл
  • Объём крови (V_blood)            : 5230 ± 1 мл
  • Сатурация O₂ (SaO2)              : 97.0 ± 1.5 %
  • ЧСС (HR)                         : 108.2 ± 0.2 уд/мин
  • СКФ (GFR)                        : 0.41 ± 0.04 мл/с
  • Доставка O₂ мозгу (DO₂_br)       : Q_br=3.87 ± 0.13 × C_a_O₂=0.198 ± 0.003
  • Церебральный O₂-баланс          : CMRO₂=0.484 ± 0.018
  • Потребление O₂ периферией        : 1.040 ± 0.018 мл O₂/с
  • Поглощение O₂ лёгкими            : 4.198 ± 11.570 мл O₂/с
  • Доля R→L шунта                   : 8.3 ± 26.9 %

📊 Эйзенменгер, декомпенсированный
--------------------------------------------------
  • Системное АД (P_sa)              : 42.7 ± 0.7 мм рт. ст.
  • Лёгочное АД (P_pa)               : 49.4 ± 0.8 мм рт. ст.
  • Системный выброс (Q_aortic)      : 34.4 ± 58.4 мл/с
  • Лёгочный кровоток (Q_pulmonary)  : 29.1 ± 103.2 мл/с
  • Соотношение Qp/Qs                : 0.85
  • Шунт через ДМЖП (Q_vsd)          : -5.11 ± +20.13 мл/с  — R→L (право-левый)
  • Объём ЛЖ (V_lv)                  : 29.3 ± 2.9 мл
  • Объём ПЖ (V_rv)                  : 15.5 ± 2.3 мл
  • Объём крови (V_blood)            : 5280 ± 1 мл
  • Сатурация O₂ (SaO2)              : 96.2 ± 3.8 %
  • ЧСС (HR)                         : 129.8 ± 0.1 уд/мин
  • СКФ (GFR)                        : 0.27 ± 0.02 мл/с
  • Доставка O₂ мозгу (DO₂_br)       : Q_br=3.59 ± 0.15 × C_a_O₂=0.196 ± 0.008
  • Церебральный O₂-баланс          : CMRO₂=0.444 ± 0.025
  • Потребление O₂ периферией        : 1.027 ± 0.017 мл O₂/с
  • Поглощение O₂ лёгкими            : 2.990 ± 10.597 мл O₂/с
  • Доля R→L шунта                   : 39.4 ± 46.5 %

✅ Готово. Файлы:
   - hemodynamics_comparison_enhanced.png
   - shunt_effect_analysis.png
   - vsd_results_*.npz

⏱  Время по сценариям:
   • Здоровый                                  5127.1с
   • Малый ДМЖП (R=5.0)                        7534.6с
   • Большой ДМЖП (R=1.0)                      8664.1с
   • Эйзенменгер, компенсированный             5683.9с
   • Эйзенменгер, декомпенсированный           5216.3с

⏱  Общее wall time: 8930.0с (148.8 мин)
   Сумма CPU времени: 32225.9с
   Ускорение vs последовательно: 3.61x

🏁 Завершение: 2026-10-04 01:00:52
   Общее время работы: 2:28:49.951438
[log] Finished  : 2026-10-04 01:00:52
[log] Полный лог: D:\git\hbs\vsd_rus\results\run_simulation_parallel_20261003_223202.log
