[log] Script    : run_simulation_parallel.py
[log] Log file  : D:\git\hbs\vsd_rus\results\run_simulation_parallel_20261005_010246.log
[log] Started   : 2026-10-05 01:02:46
================================================================================
Запуск: 2026-10-05 01:02:46
СРАВНЕНИЕ ГЕМОДИНАМИКИ: ЗДОРОВЫЙ vs ДМЖП — v4 PARALLEL
Per-scenario simulation config (from YAML):
  Здоровый                                 t_span=(0.0, 1800.0)  n= 12001  t_calib=400s
  Малый ДМЖП (R=5.0)                       t_span=(0.0, 1800.0)  n= 12001  t_calib=400s
  Большой ДМЖП (R=1.0)                     t_span=(0.0, 1800.0)  n= 12001  t_calib=400s
  Эйзенменгер, компенсированный            t_span=(0.0, 1800.0)  n= 12001  t_calib=600s
  Эйзенменгер, декомпенсированный          t_span=(0.0, 1800.0)  n= 12001  t_calib=600s
================================================================================
Загружено пациентов: ['Здоровый', 'Малый ДМЖП (R=5.0)', 'Большой ДМЖП (R=1.0)', 'Эйзенменгер, компенсированный', 'Эйзенменгер, декомпенсированный']

🚀 Запуск 5 симуляций параллельно n_jobs=5 (loky), лог: D:\git\hbs\vsd_rus\results\run_simulation_parallel_20261005_010246.log
[Parallel(n_jobs=5)]: Using backend LokyBackend with 5 concurrent workers.
  [PID 15824] [Эйзенменгер, компенсированный] Калибровка t_calib=600с...
  [PID 7140] [Здоровый] Калибровка t_calib=400с...
  [PID 8448] [Эйзенменгер, декомпенсированный] Калибровка t_calib=600с...
  [PID 2308] [Малый ДМЖП (R=5.0)] Калибровка t_calib=400с...
  [PID 7140] [Здоровый] CHECK P_sa=76.4 P_pa=12.0 P_sv=6.5 HR=74.5 V_blood=5219 Qp=59.0 Qs=59.6 Qp/Qs=0.99 Q_vsd=+0.0 balance=-0.64 SaO2=97.2% baro_vaso=1.17 baro_ino=1.04 suppress=1.00
  [PID 7140] [Здоровый] Симуляция 0..1800с LSODA max_step=0.050 12001 точек...
  [PID 2308] [Малый ДМЖП (R=5.0)] CHECK P_sa=77.9 P_pa=14.8 P_sv=6.4 HR=75.4 V_blood=5219 Qp=62.6 Qs=56.3 Qp/Qs=1.11 Q_vsd=+4.4 balance=+1.87 SaO2=97.2% baro_vaso=1.18 baro_ino=1.05 suppress=1.00
  [PID 2308] [Малый ДМЖП (R=5.0)] Симуляция 0..1800с LSODA max_step=0.050 12001 точек...
  [PID 1824] [Большой ДМЖП (R=1.0)] CHECK P_sa=63.4 P_pa=11.0 P_sv=6.4 HR=80.9 V_blood=5220 Qp=77.6 Qs=57.7 Qp/Qs=1.34 Q_vsd=+19.9 balance=-0.02 SaO2=97.2% baro_vaso=1.20 baro_ino=1.05 suppress=1.00
  [PID 1824] [Большой ДМЖП (R=1.0)] Симуляция 0..1800с LSODA max_step=0.050 12001 точек...
  [PID 15824] [Эйзенменгер, компенсированный] CHECK P_sa=59.9 P_pa=57.2 P_sv=6.1 HR=92.4 V_blood=5221 Qp=64.6 Qs=61.5 Qp/Qs=1.05 Q_vsd=+8.8 balance=-5.78 SaO2=96.6% baro_vaso=1.05 baro_ino=1.01 suppress=0.23
  [PID 15824] [Эйзенменгер, компенсированный] Симуляция 0..1800с LSODA max_step=0.050 12001 точек...
  [PID 8448] [Эйзенменгер, декомпенсированный] CHECK P_sa=66.1 P_pa=79.9 P_sv=6.1 HR=108.1 V_blood=5271 Qp=53.3 Qs=60.6 Qp/Qs=0.88 Q_vsd=-9.6 balance=+2.19 SaO2=96.9% baro_vaso=1.02 baro_ino=1.01 suppress=0.11
  [PID 8448] [Эйзенменгер, декомпенсированный] Симуляция 0..1800с LSODA max_step=0.050 12001 точек...
  [PID 2308] [Малый ДМЖП (R=5.0)] готово 12001 точек, 645904 RHS, cache_hits=1
  [PID 2308] 💾 vsd_results_patient_002.npz (1188.6с)
  [PID 7140] [Здоровый] готово 12001 точек, 670443 RHS, cache_hits=1
  [PID 7140] 💾 vsd_results_patient_001.npz (1196.3с)
[Parallel(n_jobs=5)]: Done   2 out of   5 | elapsed: 20.0min remaining: 30.0min
  [PID 1824] [Большой ДМЖП (R=1.0)] готово 12001 точек, 710977 RHS, cache_hits=1
  [PID 1824] 💾 vsd_results_patient_003.npz (1285.2с)
[Parallel(n_jobs=5)]: Done   3 out of   5 | elapsed: 21.5min remaining: 14.3min
  [PID 15824] [Эйзенменгер, компенсированный] готово 12001 точек, 999697 RHS, cache_hits=1
  [PID 15824] 💾 vsd_results_patient_004.npz (1728.4с)
  [PID 8448] [Эйзенменгер, декомпенсированный] готово 12001 точек, 1079172 RHS, cache_hits=1
  [PID 8448] 💾 vsd_results_patient_005.npz (1877.7с)
[Parallel(n_jobs=5)]: Done   5 out of   5 | elapsed: 31.3min finished

📊 Генерация визуализаций (последовательно)...

====================================================================================================
ДЕТАЛЬНЫЙ ОТЧЁТ
====================================================================================================
Формат: mean ± std по установившемуся окну (t > 0.75·t_end).
====================================================================================================

📊 Здоровый
--------------------------------------------------
  • Системное АД (P_sa)              : 71.6 ± 7.5 мм рт. ст.
  • Лёгочное АД (P_pa)               : 11.2 ± 2.7 мм рт. ст.
  • Системный выброс (Q_aortic)      : 59.7 ± 124.8 мл/с
  • Лёгочный кровоток (Q_pulmonary)  : 59.7 ± 103.1 мл/с
  • Соотношение Qp/Qs                : 1.00
  • Объём ЛЖ (V_lv)                  : 57.9 ± 17.1 мл
  • Объём ПЖ (V_rv)                  : 58.5 ± 16.3 мл
  • Объём крови (V_blood)            : 5228 ± 1 мл
  • Сатурация O₂ (SaO2)              : 97.2 ± 0.0 %
  • ЧСС (HR)                         : 74.7 ± 0.2 уд/мин
  • СКФ (GFR)                        : 1.83 ± 0.20 мл/с
  • Доставка O₂ мозгу (DO₂_br)       : Q_br=5.46 ± 1.16 × C_a_O₂=0.198 ± 0.000
  • Церебральный O₂-баланс          : CMRO₂=0.546 ± 0.011
  • Потребление O₂ периферией        : 1.554 ± 0.171 мл O₂/с
  • Поглощение O₂ лёгкими            : 3.013 ± 5.210 мл O₂/с

📊 Малый ДМЖП (R=5.0)
--------------------------------------------------
  • Системное АД (P_sa)              : 71.2 ± 7.5 мм рт. ст.
  • Лёгочное АД (P_pa)               : 11.8 ± 2.8 мм рт. ст.
  • Системный выброс (Q_aortic)      : 59.3 ± 124.9 мл/с
  • Лёгочный кровоток (Q_pulmonary)  : 63.6 ± 109.7 мл/с
  • Соотношение Qp/Qs                : 1.07
  • Шунт через ДМЖП (Q_vsd)          : +4.45 ± +6.27 мл/с  — L→R (лево-правый)
  • Объём ЛЖ (V_lv)                  : 58.4 ± 18.0 мл
  • Объём ПЖ (V_rv)                  : 59.9 ± 16.2 мл
  • Объём крови (V_blood)            : 5229 ± 1 мл
  • Сатурация O₂ (SaO2)              : 97.2 ± 0.0 %
  • ЧСС (HR)                         : 74.9 ± 0.2 уд/мин
  • СКФ (GFR)                        : 1.82 ± 0.21 мл/с
  • Доставка O₂ мозгу (DO₂_br)       : Q_br=5.44 ± 1.16 × C_a_O₂=0.198 ± 0.000
  • Церебральный O₂-баланс          : CMRO₂=0.546 ± 0.011
  • Потребление O₂ периферией        : 1.536 ± 0.169 мл O₂/с
  • Поглощение O₂ лёгкими            : 3.225 ± 5.562 мл O₂/с
  • Доля R→L шунта                   : 14.7 ± 35.4 %

📊 Большой ДМЖП (R=1.0)
--------------------------------------------------
  • Системное АД (P_sa)              : 70.2 ± 6.9 мм рт. ст.
  • Лёгочное АД (P_pa)               : 14.5 ± 3.7 мм рт. ст.
  • Системный выброс (Q_aortic)      : 58.1 ± 126.1 мл/с
  • Лёгочный кровоток (Q_pulmonary)  : 78.1 ± 136.4 мл/с
  • Соотношение Qp/Qs                : 1.34
  • Шунт через ДМЖП (Q_vsd)          : +19.97 ± +28.55 мл/с  — L→R (лево-правый)
  • Объём ЛЖ (V_lv)                  : 59.0 ± 20.1 мл
  • Объём ПЖ (V_rv)                  : 63.1 ± 15.2 мл
  • Объём крови (V_blood)            : 5230 ± 1 мл
  • Сатурация O₂ (SaO2)              : 97.2 ± 0.0 %
  • ЧСС (HR)                         : 80.9 ± 0.2 уд/мин
  • СКФ (GFR)                        : 1.81 ± 0.21 мл/с
  • Доставка O₂ мозгу (DO₂_br)       : Q_br=5.40 ± 1.07 × C_a_O₂=0.198 ± 0.000
  • Церебральный O₂-баланс          : CMRO₂=0.548 ± 0.008
  • Потребление O₂ периферией        : 1.496 ± 0.153 мл O₂/с
  • Поглощение O₂ лёгкими            : 3.983 ± 6.959 мл O₂/с
  • Доля R→L шунта                   : 24.8 ± 43.2 %

📊 Эйзенменгер, компенсированный
--------------------------------------------------
  • Системное АД (P_sa)              : 69.6 ± 6.3 мм рт. ст.
  • Лёгочное АД (P_pa)               : 61.9 ± 3.3 мм рт. ст.
  • Системный выброс (Q_aortic)      : 60.6 ± 128.5 мл/с
  • Лёгочный кровоток (Q_pulmonary)  : 67.1 ± 141.3 мл/с
  • Соотношение Qp/Qs                : 1.11
  • Шунт через ДМЖП (Q_vsd)          : +6.50 ± +37.51 мл/с  — L→R (лево-правый)
  • Объём ЛЖ (V_lv)                  : 59.3 ± 16.0 мл
  • Объём ПЖ (V_rv)                  : 29.5 ± 13.7 мл
  • Объём крови (V_blood)            : 5230 ± 1 мл
  • Сатурация O₂ (SaO2)              : 97.0 ± 1.3 %
  • ЧСС (HR)                         : 92.1 ± 0.2 уд/мин
  • СКФ (GFR)                        : 1.80 ± 0.20 мл/с
  • Доставка O₂ мозгу (DO₂_br)       : Q_br=5.40 ± 0.97 × C_a_O₂=0.198 ± 0.003
  • Церебральный O₂-баланс          : CMRO₂=0.548 ± 0.009
  • Потребление O₂ периферией        : 1.690 ± 0.159 мл O₂/с
  • Поглощение O₂ лёгкими            : 3.413 ± 7.191 мл O₂/с
  • Доля R→L шунта                   : 18.9 ± 38.3 %

📊 Эйзенменгер, декомпенсированный
--------------------------------------------------
  • Системное АД (P_sa)              : 69.8 ± 5.4 мм рт. ст.
  • Лёгочное АД (P_pa)               : 82.4 ± 2.2 мм рт. ст.
  • Системный выброс (Q_aortic)      : 61.6 ± 127.4 мл/с
  • Лёгочный кровоток (Q_pulmonary)  : 51.6 ± 113.5 мл/с
  • Соотношение Qp/Qs                : 0.84
  • Шунт через ДМЖП (Q_vsd)          : -10.16 ± +43.42 мл/с  — R→L (право-левый)
  • Объём ЛЖ (V_lv)                  : 56.7 ± 11.2 мл
  • Объём ПЖ (V_rv)                  : 27.7 ± 11.7 мл
  • Объём крови (V_blood)            : 5280 ± 1 мл
  • Сатурация O₂ (SaO2)              : 96.8 ± 1.8 %
  • ЧСС (HR)                         : 108.1 ± 0.2 уд/мин
  • СКФ (GFR)                        : 1.83 ± 0.17 мл/с
  • Доставка O₂ мозгу (DO₂_br)       : Q_br=5.43 ± 0.83 × C_a_O₂=0.197 ± 0.004
  • Церебральный O₂-баланс          : CMRO₂=0.549 ± 0.006
  • Потребление O₂ периферией        : 1.738 ± 0.140 мл O₂/с
  • Поглощение O₂ лёгкими            : 2.632 ± 5.792 мл O₂/с
  • Доля R→L шунта                   : 23.7 ± 41.0 %

✅ Готово. Файлы:
   - hemodynamics_comparison_enhanced.png
   - shunt_effect_analysis.png
   - vsd_results_*.npz

⏱  Время по сценариям:
   • Здоровый                                  1196.3с
   • Малый ДМЖП (R=5.0)                        1188.6с
   • Большой ДМЖП (R=1.0)                      1285.2с
   • Эйзенменгер, компенсированный             1728.4с
   • Эйзенменгер, декомпенсированный           1877.7с

⏱  Общее wall time: 1897.4с (31.6 мин)
   Сумма CPU времени: 7276.1с
   Ускорение vs последовательно: 3.83x

🏁 Завершение: 2026-10-05 01:34:23
   Общее время работы: 0:31:37.401739
[log] Finished  : 2026-10-05 01:34:23
[log] Полный лог: D:\git\hbs\vsd_rus\results\run_simulation_parallel_20261005_010246.log
