[log] Script    : run_simulation_parallel.py
[log] Log file  : D:\git\hbs\vsd_rus\results\run_simulation_parallel_20261005_234355.log
[log] Started   : 2026-10-05 23:43:55
================================================================================
Запуск: 2026-10-05 23:43:55
СРАВНЕНИЕ ГЕМОДИНАМИКИ: ЗДОРОВЫЙ vs ДМЖП — v4 PARALLEL
Per-scenario simulation config (from YAML):
  Здоровый                                 t_span=(0.0, 1800.0)  n= 12001  t_calib=400s
  Малый ДМЖП (R=5.0)                       t_span=(0.0, 1800.0)  n= 12001  t_calib=400s
  Большой ДМЖП (R=1.0)                     t_span=(0.0, 1800.0)  n= 12001  t_calib=400s
  Эйзенменгер, компенсированный            t_span=(0.0, 1800.0)  n= 12001  t_calib=600s
  Эйзенменгер, декомпенсированный          t_span=(0.0, 1800.0)  n= 12001  t_calib=600s
================================================================================
Загружено пациентов: ['Здоровый', 'Малый ДМЖП (R=5.0)', 'Большой ДМЖП (R=1.0)', 'Эйзенменгер, компенсированный', 'Эйзенменгер, декомпенсированный']

🚀 Запуск 5 симуляций параллельно n_jobs=5 (loky), лог: D:\git\hbs\vsd_rus\results\run_simulation_parallel_20261005_234355.log
[Parallel(n_jobs=5)]: Using backend LokyBackend with 5 concurrent workers.
  [PID 5836] [Здоровый] Калибровка t_calib=400с...
  [PID 9932] [Большой ДМЖП (R=1.0)] Калибровка t_calib=400с...
  [PID 9556] [Эйзенменгер, компенсированный] Калибровка t_calib=600с...
  [PID 17632] [Эйзенменгер, декомпенсированный] Калибровка t_calib=600с...
  [PID 5936] [Малый ДМЖП (R=5.0)] Калибровка t_calib=400с...
  [PID 5836] [Здоровый] ⚠ CALIBRATION: calibrate: C_a_O2=0.198 ≠ равновесие 0.148; CSTR не сошёлся — using analytic y0
  [PID 5836] [Здоровый] ⚠ y0 NOT relaxed — CHECK ниже отражает analytic y0, не физиологическое равновесие.
  [PID 5836] [Здоровый] CHECK P_sa=85.0 P_pa=16.0 P_sv=6.0 HR=70.0 V_blood=5218 Qp=93.7 Qs=90.7 Qp/Qs=1.03 Q_vsd=+0.0 balance=+3.04 SaO2=97.2% R2L=-0.0% baro_vaso=1.00 baro_ino=1.00 suppress=1.00
  [PID 5836] [Здоровый] Симуляция 0..1800с LSODA max_step=0.050 12001 точек...
  [PID 5936] [Малый ДМЖП (R=5.0)] ⚠ CALIBRATION: calibrate: C_a_O2=0.197 ≠ равновесие 0.146; CSTR не сошёлся — using analytic y0
  [PID 5936] [Малый ДМЖП (R=5.0)] ⚠ y0 NOT relaxed — CHECK ниже отражает analytic y0, не физиологическое равновесие.
  [PID 5936] [Малый ДМЖП (R=5.0)] CHECK P_sa=85.0 P_pa=16.0 P_sv=6.0 HR=70.0 V_blood=5218 Qp=97.6 Qs=86.6 Qp/Qs=1.13 Q_vsd=+6.2 balance=+4.79 SaO2=97.0% R2L=0.0% baro_vaso=1.00 baro_ino=1.00 suppress=1.00
  [PID 5936] [Малый ДМЖП (R=5.0)] Симуляция 0..1800с LSODA max_step=0.050 12001 точек...
  [PID 9932] [Большой ДМЖП (R=1.0)] ⚠ CALIBRATION: calibrate: C_a_O2=0.192 ≠ равновесие 0.140; CSTR не сошёлся — using analytic y0
  [PID 9932] [Большой ДМЖП (R=1.0)] ⚠ y0 NOT relaxed — CHECK ниже отражает analytic y0, не физиологическое равновесие.
  [PID 9932] [Большой ДМЖП (R=1.0)] CHECK P_sa=85.0 P_pa=16.0 P_sv=6.0 HR=75.0 V_blood=5218 Qp=113.3 Qs=78.3 Qp/Qs=1.45 Q_vsd=+26.7 balance=+8.24 SaO2=96.3% R2L=0.0% baro_vaso=1.00 baro_ino=1.00 suppress=1.00
  [PID 9932] [Большой ДМЖП (R=1.0)] Симуляция 0..1800с LSODA max_step=0.050 12001 точек...
  [PID 9556] [Эйзенменгер, компенсированный] ⚠ CALIBRATION: calibrate: C_a_O2=0.189 ≠ равновесие 0.139; CSTR не сошёлся — using analytic y0
  [PID 9556] [Эйзенменгер, компенсированный] ⚠ y0 NOT relaxed — CHECK ниже отражает analytic y0, не физиологическое равновесие.
  [PID 9556] [Эйзенменгер, компенсированный] CHECK P_sa=85.0 P_pa=16.0 P_sv=6.0 HR=85.0 V_blood=5218 Qp=177.8 Qs=75.6 Qp/Qs=2.35 Q_vsd=+46.6 balance=+55.60 SaO2=95.8% R2L=0.0% baro_vaso=1.00 baro_ino=1.00 suppress=1.00
  [PID 9556] [Эйзенменгер, компенсированный] Симуляция 0..1800с LSODA max_step=0.050 12001 точек...
  [PID 17632] [Эйзенменгер, декомпенсированный] ⚠ CALIBRATION: calibrate: C_a_O2=0.185 ≠ равновесие 0.135; CSTR не сошёлся — using analytic y0
  [PID 17632] [Эйзенменгер, декомпенсированный] ⚠ y0 NOT relaxed — CHECK ниже отражает analytic y0, не физиологическое равновесие.
  [PID 17632] [Эйзенменгер, декомпенсированный] CHECK P_sa=85.0 P_pa=16.0 P_sv=6.0 HR=100.0 V_blood=5268 Qp=271.4 Qs=92.5 Qp/Qs=2.93 Q_vsd=+42.5 balance=+136.34 SaO2=95.7% R2L=0.0% baro_vaso=1.00 baro_ino=1.00 suppress=1.00
  [PID 17632] [Эйзенменгер, декомпенсированный] Симуляция 0..1800с LSODA max_step=0.050 12001 точек...
d:\git\hbs\vsd_rus\whole_body.py:609: UserWarning: calibrate: C_a_O2=0.198 ≠ равновесие 0.148; CSTR не сошёлся — using analytic y0
  warnings.warn(
d:\git\hbs\vsd_rus\whole_body.py:609: UserWarning: calibrate: C_a_O2=0.197 ≠ равновесие 0.146; CSTR не сошёлся — using analytic y0
  warnings.warn(
d:\git\hbs\vsd_rus\whole_body.py:609: UserWarning: calibrate: C_a_O2=0.189 ≠ равновесие 0.139; CSTR не сошёлся — using analytic y0
  warnings.warn(
d:\git\hbs\vsd_rus\whole_body.py:609: UserWarning: calibrate: C_a_O2=0.185 ≠ равновесие 0.135; CSTR не сошёлся — using analytic y0
  warnings.warn(
  [PID 5836] [Здоровый] готово 12001 точек, 655794 RHS, cache_hits=3
  [PID 5836] 💾 vsd_results_patient_001.npz (1254.2с)
  [PID 5936] [Малый ДМЖП (R=5.0)] готово 12001 точек, 649034 RHS, cache_hits=3
  [PID 5936] 💾 vsd_results_patient_002.npz (1263.3с)
[Parallel(n_jobs=5)]: Done   2 out of   5 | elapsed: 21.1min remaining: 31.7min
  [PID 9932] [Большой ДМЖП (R=1.0)] готово 12001 точек, 726042 RHS, cache_hits=3
  [PID 9932] 💾 vsd_results_patient_003.npz (1361.4с)
[Parallel(n_jobs=5)]: Done   3 out of   5 | elapsed: 22.7min remaining: 15.2min
  [PID 9556] [Эйзенменгер, компенсированный] готово 12001 точек, 775357 RHS, cache_hits=3
  [PID 9556] 💾 vsd_results_patient_004.npz (1546.7с)
  [PID 17632] [Эйзенменгер, декомпенсированный] готово 12001 точек, 848640 RHS, cache_hits=3
  [PID 17632] 💾 vsd_results_patient_005.npz (1661.9с)
[Parallel(n_jobs=5)]: Done   5 out of   5 | elapsed: 27.7min finished

📊 Генерация визуализаций (последовательно)...

====================================================================================================
ДЕТАЛЬНЫЙ ОТЧЁТ
====================================================================================================
Формат: mean ± std по установившемуся окну (t > 0.75·t_end).
====================================================================================================

📊 Здоровый
--------------------------------------------------
  • Системное АД (P_sa)              : 71.6 ± 7.5 мм рт. ст.
  • Лёгочное АД (P_pa)               : 11.2 ± 2.7 мм рт. ст.
  • Системный выброс (Q_aortic)      : 59.6 ± 124.8 мл/с
  • Лёгочный кровоток (Q_pulmonary)  : 59.7 ± 103.1 мл/с
  • Соотношение Qp/Qs                : 1.00
  • Объём ЛЖ (V_lv)                  : 57.8 ± 17.0 мл
  • Объём ПЖ (V_rv)                  : 58.5 ± 16.3 мл
  • Объём крови (V_blood)            : 5225 ± 1 мл
  • Сатурация O₂ (SaO2)              : 97.2 %
  • ЧСС (HR)                         : 74.7 ± 0.2 уд/мин
  • СКФ (GFR)                        : 1.83 ± 0.20 мл/с
  • Доставка O₂ мозгу (DO₂_br)       : Q_br=5.46 ± 1.16 × C_a_O₂=0.198 ± 0.000
  • Церебральный O₂-баланс          : CMRO₂=0.546 ± 0.011
  • Потребление O₂ периферией        : 1.553 ± 0.171 мл O₂/с
  • Поглощение O₂ лёгкими            : 3.015 ± 5.210 мл O₂/с

📊 Малый ДМЖП (R=5.0)
--------------------------------------------------
  • Системное АД (P_sa)              : 71.1 ± 7.5 мм рт. ст.
  • Лёгочное АД (P_pa)               : 11.8 ± 2.8 мм рт. ст.
  • Системный выброс (Q_aortic)      : 59.2 ± 126.6 мл/с
  • Лёгочный кровоток (Q_pulmonary)  : 64.2 ± 109.6 мл/с
  • Соотношение Qp/Qs                : 1.08
  • Шунт через ДМЖП (Q_vsd)          : +4.44 ± +6.26 мл/с  — L→R (лево-правый)
  • Объём ЛЖ (V_lv)                  : 58.3 ± 17.9 мл
  • Объём ПЖ (V_rv)                  : 59.9 ± 16.2 мл
  • Объём крови (V_blood)            : 5226 ± 1 мл
  • Сатурация O₂ (SaO2)              : 96.6 %
  • ЧСС (HR)                         : 75.0 ± 0.2 уд/мин
  • СКФ (GFR)                        : 1.82 ± 0.21 мл/с
  • Доставка O₂ мозгу (DO₂_br)       : Q_br=5.41 ± 1.15 × C_a_O₂=0.197 ± 0.000
  • Церебральный O₂-баланс          : CMRO₂=0.546 ± 0.013
  • Потребление O₂ периферией        : 1.540 ± 0.169 мл O₂/с
  • Поглощение O₂ лёгкими            : 3.346 ± 5.714 мл O₂/с
  • Доля R→L шунта                   : 18.2 ± 38.6 %

📊 Большой ДМЖП (R=1.0)
--------------------------------------------------
  • Системное АД (P_sa)              : 70.0 ± 6.9 мм рт. ст.
  • Лёгочное АД (P_pa)               : 14.5 ± 3.7 мм рт. ст.
  • Системный выброс (Q_aortic)      : 58.3 ± 126.5 мл/с
  • Лёгочный кровоток (Q_pulmonary)  : 78.1 ± 136.7 мл/с
  • Соотношение Qp/Qs                : 1.34
  • Шунт через ДМЖП (Q_vsd)          : +19.89 ± +28.47 мл/с  — L→R (лево-правый)
  • Объём ЛЖ (V_lv)                  : 58.8 ± 20.1 мл
  • Объём ПЖ (V_rv)                  : 63.1 ± 15.2 мл
  • Объём крови (V_blood)            : 5230 ± 1 мл
  • Сатурация O₂ (SaO2)              : 94.3 %
  • ЧСС (HR)                         : 81.0 ± 0.2 уд/мин
  • СКФ (GFR)                        : 1.80 ± 0.22 мл/с
  • Доставка O₂ мозгу (DO₂_br)       : Q_br=5.27 ± 1.05 × C_a_O₂=0.192 ± 0.000
  • Церебральный O₂-баланс          : CMRO₂=0.542 ± 0.020
  • Потребление O₂ периферией        : 1.523 ± 0.156 мл O₂/с
  • Поглощение O₂ лёгкими            : 4.530 ± 7.920 мл O₂/с
  • Доля R→L шунта                   : 25.3 ± 43.5 %

📊 Эйзенменгер, компенсированный
--------------------------------------------------
  • Системное АД (P_sa)              : 68.4 ± 6.1 мм рт. ст.
  • Лёгочное АД (P_pa)               : 64.5 ± 3.6 мм рт. ст.
  • Системный выброс (Q_aortic)      : 60.3 ± 125.8 мл/с
  • Лёгочный кровоток (Q_pulmonary)  : 70.1 ± 150.0 мл/с
  • Соотношение Qp/Qs                : 1.16
  • Шунт через ДМЖП (Q_vsd)          : +9.77 ± +19.89 мл/с  — L→R (лево-правый)
  • Объём ЛЖ (V_lv)                  : 59.0 ± 15.9 мл
  • Объём ПЖ (V_rv)                  : 86.6 ± 14.2 мл
  • Объём крови (V_blood)            : 5227 ± 1 мл
  • Сатурация O₂ (SaO2)              : 92.8 %
  • ЧСС (HR)                         : 92.9 ± 0.2 уд/мин
  • СКФ (GFR)                        : 1.76 ± 0.23 мл/с
  • Доставка O₂ мозгу (DO₂_br)       : Q_br=5.25 ± 0.95 × C_a_O₂=0.189 ± 0.000
  • Церебральный O₂-баланс          : CMRO₂=0.542 ± 0.019
  • Потребление O₂ периферией        : 1.722 ± 0.162 мл O₂/с
  • Поглощение O₂ лёгкими            : 4.273 ± 9.146 мл O₂/с
  • Доля R→L шунта                   : 9.8 ± 29.7 %

📊 Эйзенменгер, декомпенсированный
--------------------------------------------------
  • Системное АД (P_sa)              : 66.7 ± 5.1 мм рт. ст.
  • Лёгочное АД (P_pa)               : 86.1 ± 2.4 мм рт. ст.
  • Системный выброс (Q_aortic)      : 59.6 ± 121.1 мл/с
  • Лёгочный кровоток (Q_pulmonary)  : 53.9 ± 124.9 мл/с
  • Соотношение Qp/Qs                : 0.90
  • Шунт через ДМЖП (Q_vsd)          : -5.78 ± +17.67 мл/с  — R→L (право-левый)
  • Объём ЛЖ (V_lv)                  : 55.5 ± 10.6 мл
  • Объём ПЖ (V_rv)                  : 119.8 ± 11.8 мл
  • Объём крови (V_blood)            : 5278 ± 1 мл
  • Сатурация O₂ (SaO2)              : 90.9 %
  • ЧСС (HR)                         : 110.6 ± 0.2 уд/мин
  • СКФ (GFR)                        : 1.72 ± 0.22 мл/с
  • Доставка O₂ мозгу (DO₂_br)       : Q_br=5.34 ± 0.82 × C_a_O₂=0.185 ± 0.000
  • Церебральный O₂-баланс          : CMRO₂=0.545 ± 0.013
  • Потребление O₂ периферией        : 1.747 ± 0.139 мл O₂/с
  • Поглощение O₂ лёгкими            : 3.508 ± 8.132 мл O₂/с
  • Доля R→L шунта                   : 12.6 ± 31.4 %

✅ Готово. Файлы:
   - hemodynamics_comparison_enhanced.png
   - shunt_effect_analysis.png
   - vsd_results_*.npz

⏱  Время по сценариям:
   • Здоровый                                  1254.2с
   • Малый ДМЖП (R=5.0)                        1263.3с
   • Большой ДМЖП (R=1.0)                      1361.4с
   • Эйзенменгер, компенсированный             1546.7с
   • Эйзенменгер, декомпенсированный           1661.9с

⏱  Общее wall time: 1673.6с (27.9 мин)
   Сумма CPU времени: 7087.3с
   Ускорение vs последовательно: 4.23x

🏁 Завершение: 2026-10-06 00:11:49
   Общее время работы: 0:27:53.559852
[log] Finished  : 2026-10-06 00:11:49
[log] Полный лог: D:\git\hbs\vsd_rus\results\run_simulation_parallel_20261005_234355.log
