[log] Script    : run_simulation_parallel.py
[log] Log file  : D:\git\hbs\vsd_rus\results\run_simulation_parallel_20261005_224833.log
[log] Started   : 2026-10-05 22:48:33
================================================================================
Запуск: 2026-10-05 22:48:33
СРАВНЕНИЕ ГЕМОДИНАМИКИ: ЗДОРОВЫЙ vs ДМЖП — v4 PARALLEL
Per-scenario simulation config (from YAML):
  Здоровый                                 t_span=(0.0, 1800.0)  n= 12001  t_calib=400s
  Малый ДМЖП (R=5.0)                       t_span=(0.0, 1800.0)  n= 12001  t_calib=400s
  Большой ДМЖП (R=1.0)                     t_span=(0.0, 1800.0)  n= 12001  t_calib=400s
  Эйзенменгер, компенсированный            t_span=(0.0, 1800.0)  n= 12001  t_calib=600s
  Эйзенменгер, декомпенсированный          t_span=(0.0, 1800.0)  n= 12001  t_calib=600s
================================================================================
Загружено пациентов: ['Здоровый', 'Малый ДМЖП (R=5.0)', 'Большой ДМЖП (R=1.0)', 'Эйзенменгер, компенсированный', 'Эйзенменгер, декомпенсированный']

🚀 Запуск 5 симуляций параллельно n_jobs=5 (loky), лог: D:\git\hbs\vsd_rus\results\run_simulation_parallel_20261005_224833.log
[Parallel(n_jobs=5)]: Using backend LokyBackend with 5 concurrent workers.
  [PID 7352] [Большой ДМЖП (R=1.0)] Калибровка t_calib=400с...
  [PID 17220] [Здоровый] Калибровка t_calib=400с...
  [PID 8240] [Малый ДМЖП (R=5.0)] Калибровка t_calib=400с...
  [PID 3980] [Эйзенменгер, компенсированный] Калибровка t_calib=600с...
  [PID 2620] [Эйзенменгер, декомпенсированный] Калибровка t_calib=600с...
  [PID 17220] [Здоровый] ⚠ CALIBRATION: calibrate: C_a_O2=0.198 ≠ равновесие 0.148; CSTR не сошёлся — using analytic y0
  [PID 17220] [Здоровый] ⚠ y0 NOT relaxed — CHECK ниже отражает analytic y0, не физиологическое равновесие.
  [PID 17220] [Здоровый] CHECK P_sa=85.0 P_pa=16.0 P_sv=6.0 HR=70.0 V_blood=5218 Qp=96.1 Qs=90.7 Qp/Qs=1.06 Q_vsd=+0.0 balance=+5.49 SaO2=97.2% R2L=-0.0% baro_vaso=1.00 baro_ino=1.00 suppress=1.00
  [PID 17220] [Здоровый] Симуляция 0..1800с LSODA max_step=0.050 12001 точек...
  [PID 8240] [Малый ДМЖП (R=5.0)] ⚠ CALIBRATION: calibrate: C_a_O2=0.197 ≠ равновесие 0.146; CSTR не сошёлся — using analytic y0
  [PID 8240] [Малый ДМЖП (R=5.0)] ⚠ y0 NOT relaxed — CHECK ниже отражает analytic y0, не физиологическое равновесие.
  [PID 8240] [Малый ДМЖП (R=5.0)] CHECK P_sa=85.0 P_pa=16.0 P_sv=6.0 HR=70.0 V_blood=5218 Qp=100.4 Qs=86.6 Qp/Qs=1.16 Q_vsd=+6.2 balance=+7.62 SaO2=97.0% R2L=0.0% baro_vaso=1.00 baro_ino=1.00 suppress=1.00
  [PID 8240] [Малый ДМЖП (R=5.0)] Симуляция 0..1800с LSODA max_step=0.050 12001 точек...
  [PID 7352] [Большой ДМЖП (R=1.0)] ⚠ CALIBRATION: calibrate: C_a_O2=0.192 ≠ равновесие 0.140; CSTR не сошёлся — using analytic y0
  [PID 7352] [Большой ДМЖП (R=1.0)] ⚠ y0 NOT relaxed — CHECK ниже отражает analytic y0, не физиологическое равновесие.
  [PID 7352] [Большой ДМЖП (R=1.0)] CHECK P_sa=85.0 P_pa=16.0 P_sv=6.0 HR=75.0 V_blood=5218 Qp=120.8 Qs=78.8 Qp/Qs=1.53 Q_vsd=+26.3 balance=+15.76 SaO2=96.2% R2L=0.0% baro_vaso=1.00 baro_ino=1.00 suppress=1.00
  [PID 7352] [Большой ДМЖП (R=1.0)] Симуляция 0..1800с LSODA max_step=0.050 12001 точек...
  [PID 3980] [Эйзенменгер, компенсированный] ⚠ CALIBRATION: calibrate: C_a_O2=0.187 ≠ равновесие 0.137; CSTR не сошёлся — using analytic y0
  [PID 3980] [Эйзенменгер, компенсированный] ⚠ y0 NOT relaxed — CHECK ниже отражает analytic y0, не физиологическое равновесие.
  [PID 3980] [Эйзенменгер, компенсированный] CHECK P_sa=85.0 P_pa=16.0 P_sv=6.0 HR=85.0 V_blood=5218 Qp=181.0 Qs=76.6 Qp/Qs=2.36 Q_vsd=+46.1 balance=+58.26 SaO2=95.6% R2L=0.0% baro_vaso=1.00 baro_ino=1.00 suppress=1.00
  [PID 3980] [Эйзенменгер, компенсированный] Симуляция 0..1800с LSODA max_step=0.050 12001 точек...
d:\git\hbs\vsd_rus\whole_body.py:609: UserWarning: calibrate: C_a_O2=0.198 ≠ равновесие 0.148; CSTR не сошёлся — using analytic y0
  warnings.warn(
  [PID 2620] [Эйзенменгер, декомпенсированный] ⚠ CALIBRATION: calibrate: C_a_O2=0.173 ≠ равновесие 0.123; CSTR не сошёлся — using analytic y0
  [PID 2620] [Эйзенменгер, декомпенсированный] ⚠ y0 NOT relaxed — CHECK ниже отражает analytic y0, не физиологическое равновесие.
  [PID 2620] [Эйзенменгер, декомпенсированный] CHECK P_sa=85.0 P_pa=16.0 P_sv=6.0 HR=100.0 V_blood=5268 Qp=281.6 Qs=94.7 Qp/Qs=2.97 Q_vsd=+40.8 balance=+146.10 SaO2=95.4% R2L=0.0% baro_vaso=1.00 baro_ino=1.00 suppress=1.00
  [PID 2620] [Эйзенменгер, декомпенсированный] Симуляция 0..1800с LSODA max_step=0.050 12001 точек...
d:\git\hbs\vsd_rus\whole_body.py:609: UserWarning: calibrate: C_a_O2=0.197 ≠ равновесие 0.146; CSTR не сошёлся — using analytic y0
  warnings.warn(
d:\git\hbs\vsd_rus\whole_body.py:609: UserWarning: calibrate: C_a_O2=0.187 ≠ равновесие 0.137; CSTR не сошёлся — using analytic y0
  warnings.warn(
d:\git\hbs\vsd_rus\whole_body.py:609: UserWarning: calibrate: C_a_O2=0.173 ≠ равновесие 0.123; CSTR не сошёлся — using analytic y0
  warnings.warn(
  [PID 17220] [Здоровый] готово 12001 точек, 654926 RHS, cache_hits=3
  [PID 17220] 💾 vsd_results_patient_001.npz (1265.0с)
  [PID 8240] [Малый ДМЖП (R=5.0)] готово 12001 точек, 650104 RHS, cache_hits=3
  [PID 8240] 💾 vsd_results_patient_002.npz (1274.7с)
[Parallel(n_jobs=5)]: Done   2 out of   5 | elapsed: 21.3min remaining: 32.0min
  [PID 7352] [Большой ДМЖП (R=1.0)] готово 12001 точек, 724818 RHS, cache_hits=3
  [PID 7352] 💾 vsd_results_patient_003.npz (1376.0с)
[Parallel(n_jobs=5)]: Done   3 out of   5 | elapsed: 23.0min remaining: 15.3min
  [PID 3980] [Эйзенменгер, компенсированный] готово 12001 точек, 971126 RHS, cache_hits=3
  [PID 3980] 💾 vsd_results_patient_004.npz (1819.3с)
  [PID 2620] [Эйзенменгер, декомпенсированный] готово 12001 точек, 1090564 RHS, cache_hits=3
  [PID 2620] 💾 vsd_results_patient_005.npz (2036.7с)
[Parallel(n_jobs=5)]: Done   5 out of   5 | elapsed: 34.0min finished

📊 Генерация визуализаций (последовательно)...

====================================================================================================
ДЕТАЛЬНЫЙ ОТЧЁТ
====================================================================================================
Формат: mean ± std по установившемуся окну (t > 0.75·t_end).
====================================================================================================

📊 Здоровый
--------------------------------------------------
  • Системное АД (P_sa)              : 71.6 ± 7.5 мм рт. ст.
  • Лёгочное АД (P_pa)               : 11.2 ± 2.7 мм рт. ст.
  • Системный выброс (Q_aortic)      : 59.7 ± 124.8 мл/с
  • Лёгочный кровоток (Q_pulmonary)  : 59.7 ± 103.1 мл/с
  • Соотношение Qp/Qs                : 1.00
  • Объём ЛЖ (V_lv)                  : 57.8 ± 17.0 мл
  • Объём ПЖ (V_rv)                  : 58.5 ± 16.3 мл
  • Объём крови (V_blood)            : 5225 ± 1 мл
  • Сатурация O₂ (SaO2)              : 97.2 %
  • ЧСС (HR)                         : 74.7 ± 0.2 уд/мин
  • СКФ (GFR)                        : 1.83 ± 0.20 мл/с
  • Доставка O₂ мозгу (DO₂_br)       : Q_br=5.46 ± 1.16 × C_a_O₂=0.198 ± 0.000
  • Церебральный O₂-баланс          : CMRO₂=0.546 ± 0.011
  • Потребление O₂ периферией        : 1.553 ± 0.171 мл O₂/с
  • Поглощение O₂ лёгкими            : 3.015 ± 5.211 мл O₂/с

📊 Малый ДМЖП (R=5.0)
--------------------------------------------------
  • Системное АД (P_sa)              : 71.1 ± 7.5 мм рт. ст.
  • Лёгочное АД (P_pa)               : 11.8 ± 2.8 мм рт. ст.
  • Системный выброс (Q_aortic)      : 60.0 ± 126.2 мл/с
  • Лёгочный кровоток (Q_pulmonary)  : 63.9 ± 109.9 мл/с
  • Соотношение Qp/Qs                : 1.06
  • Шунт через ДМЖП (Q_vsd)          : +4.44 ± +6.26 мл/с  — L→R (лево-правый)
  • Объём ЛЖ (V_lv)                  : 58.3 ± 17.9 мл
  • Объём ПЖ (V_rv)                  : 59.9 ± 16.2 мл
  • Объём крови (V_blood)            : 5226 ± 1 мл
  • Сатурация O₂ (SaO2)              : 96.6 %
  • ЧСС (HR)                         : 75.0 ± 0.2 уд/мин
  • СКФ (GFR)                        : 1.82 ± 0.21 мл/с
  • Доставка O₂ мозгу (DO₂_br)       : Q_br=5.41 ± 1.15 × C_a_O₂=0.197 ± 0.000
  • Церебральный O₂-баланс          : CMRO₂=0.546 ± 0.013
  • Потребление O₂ периферией        : 1.540 ± 0.169 мл O₂/с
  • Поглощение O₂ лёгкими            : 3.330 ± 5.730 мл O₂/с
  • Доля R→L шунта                   : 17.9 ± 38.3 %

📊 Большой ДМЖП (R=1.0)
--------------------------------------------------
  • Системное АД (P_sa)              : 70.0 ± 6.9 мм рт. ст.
  • Лёгочное АД (P_pa)               : 14.5 ± 3.7 мм рт. ст.
  • Системный выброс (Q_aortic)      : 58.4 ± 126.6 мл/с
  • Лёгочный кровоток (Q_pulmonary)  : 78.1 ± 136.6 мл/с
  • Соотношение Qp/Qs                : 1.34
  • Шунт через ДМЖП (Q_vsd)          : +19.91 ± +28.48 мл/с  — L→R (лево-правый)
  • Объём ЛЖ (V_lv)                  : 58.8 ± 20.1 мл
  • Объём ПЖ (V_rv)                  : 63.1 ± 15.2 мл
  • Объём крови (V_blood)            : 5230 ± 1 мл
  • Сатурация O₂ (SaO2)              : 94.3 %
  • ЧСС (HR)                         : 81.0 ± 0.2 уд/мин
  • СКФ (GFR)                        : 1.80 ± 0.22 мл/с
  • Доставка O₂ мозгу (DO₂_br)       : Q_br=5.27 ± 1.05 × C_a_O₂=0.192 ± 0.000
  • Церебральный O₂-баланс          : CMRO₂=0.542 ± 0.020
  • Потребление O₂ периферией        : 1.523 ± 0.156 мл O₂/с
  • Поглощение O₂ лёгкими            : 4.528 ± 7.918 мл O₂/с
  • Доля R→L шунта                   : 25.2 ± 43.4 %

📊 Эйзенменгер, компенсированный
--------------------------------------------------
  • Системное АД (P_sa)              : 68.6 ± 6.2 мм рт. ст.
  • Лёгочное АД (P_pa)               : 61.6 ± 3.3 мм рт. ст.
  • Системный выброс (Q_aortic)      : 60.9 ± 128.6 мл/с
  • Лёгочный кровоток (Q_pulmonary)  : 66.9 ± 141.1 мл/с
  • Соотношение Qp/Qs                : 1.10
  • Шунт через ДМЖП (Q_vsd)          : +6.12 ± +37.06 мл/с  — L→R (лево-правый)
  • Объём ЛЖ (V_lv)                  : 58.7 ± 15.9 мл
  • Объём ПЖ (V_rv)                  : 29.4 ± 13.7 мл
  • Объём крови (V_blood)            : 5227 ± 1 мл
  • Сатурация O₂ (SaO2)              : 91.6 %
  • ЧСС (HR)                         : 92.8 ± 0.2 уд/мин
  • СКФ (GFR)                        : 1.77 ± 0.23 мл/с
  • Доставка O₂ мозгу (DO₂_br)       : Q_br=5.47 ± 1.00 × C_a_O₂=0.186 ± 0.000
  • Церебральный O₂-баланс          : CMRO₂=0.543 ± 0.016
  • Потребление O₂ периферией        : 1.741 ± 0.166 мл O₂/с
  • Поглощение O₂ лёгкими            : 4.199 ± 8.865 мл O₂/с
  • Доля R→L шунта                   : 19.0 ± 38.3 %

📊 Эйзенменгер, декомпенсированный
--------------------------------------------------
  • Системное АД (P_sa)              : 67.6 ± 5.3 мм рт. ст.
  • Лёгочное АД (P_pa)               : 81.6 ± 2.2 мм рт. ст.
  • Системный выброс (Q_aortic)      : 62.1 ± 127.5 мл/с
  • Лёгочный кровоток (Q_pulmonary)  : 50.9 ± 113.0 мл/с
  • Соотношение Qp/Qs                : 0.82
  • Шунт через ДМЖП (Q_vsd)          : -11.09 ± +42.87 мл/с  — R→L (право-левый)
  • Объём ЛЖ (V_lv)                  : 55.5 ± 10.9 мл
  • Объём ПЖ (V_rv)                  : 27.5 ± 11.6 мл
  • Объём крови (V_blood)            : 5278 ± 1 мл
  • Сатурация O₂ (SaO2)              : 84.9 %
  • ЧСС (HR)                         : 109.9 ± 0.2 уд/мин
  • СКФ (GFR)                        : 1.75 ± 0.22 мл/с
  • Доставка O₂ мозгу (DO₂_br)       : Q_br=5.70 ± 0.91 × C_a_O₂=0.172 ± 0.001
  • Церебральный O₂-баланс          : CMRO₂=0.531 ± 0.022
  • Потребление O₂ периферией        : 1.860 ± 0.154 мл O₂/с
  • Поглощение O₂ лёгкими            : 3.886 ± 8.626 мл O₂/с
  • Доля R→L шунта                   : 24.2 ± 41.3 %

✅ Готово. Файлы:
   - hemodynamics_comparison_enhanced.png
   - shunt_effect_analysis.png
   - vsd_results_*.npz

⏱  Время по сценариям:
   • Здоровый                                  1265.0с
   • Малый ДМЖП (R=5.0)                        1274.7с
   • Большой ДМЖП (R=1.0)                      1376.0с
   • Эйзенменгер, компенсированный             1819.3с
   • Эйзенменгер, декомпенсированный           2036.7с

⏱  Общее wall time: 2048.5с (34.1 мин)
   Сумма CPU времени: 7771.7с
   Ускорение vs последовательно: 3.79x

🏁 Завершение: 2026-10-05 23:22:41
   Общее время работы: 0:34:08.464945
[log] Finished  : 2026-10-05 23:22:41
[log] Полный лог: D:\git\hbs\vsd_rus\results\run_simulation_parallel_20261005_224833.log
