[log] Script    : run_simulation_parallel.py
[log] Log file  : D:\git\hbs\vsd_rus\results\run_simulation_parallel_20261006_220518.log
[log] Started   : 2026-10-06 22:05:18
================================================================================
Запуск: 2026-10-06 22:05:18
СРАВНЕНИЕ ГЕМОДИНАМИКИ: ЗДОРОВЫЙ vs ДМЖП — v4 PARALLEL
Per-scenario simulation config (from YAML):
  Здоровый                                 t_span=(0.0, 1800.0)  n= 12001  t_calib=400s
  Малый ДМЖП (R=5.0)                       t_span=(0.0, 1800.0)  n= 12001  t_calib=400s
  Большой ДМЖП (R=1.0)                     t_span=(0.0, 1800.0)  n= 12001  t_calib=400s
  Эйзенменгер, компенсированный            t_span=(0.0, 1800.0)  n= 12001  t_calib=600s
  Эйзенменгер, декомпенсированный          t_span=(0.0, 1800.0)  n= 12001  t_calib=600s
================================================================================
Загружено пациентов: ['Здоровый', 'Малый ДМЖП (R=5.0)', 'Большой ДМЖП (R=1.0)', 'Эйзенменгер, компенсированный', 'Эйзенменгер, декомпенсированный']

🚀 Запуск 5 симуляций параллельно n_jobs=5 (loky), лог: D:\git\hbs\vsd_rus\results\run_simulation_parallel_20261006_220518.log
[Parallel(n_jobs=5)]: Using backend LokyBackend with 5 concurrent workers.
  [PID 9056] [Эйзенменгер, компенсированный] Калибровка t_calib=600с...
  [PID 15912] [Большой ДМЖП (R=1.0)] Калибровка t_calib=400с...
  [PID 12560] [Малый ДМЖП (R=5.0)] Калибровка t_calib=400с...
  [PID 11332] [Здоровый] Калибровка t_calib=400с...
  [PID 11124] [Эйзенменгер, декомпенсированный] Калибровка t_calib=600с...
  [PID 11332] [Здоровый] CHECK P_sa=76.2 P_pa=12.0 P_sv=6.5 HR=74.5 V_blood=5219 Qp=58.9 Qs=60.2 Qp/Qs=0.98 Q_vsd=+0.0 balance=-1.27 SaO2=97.2% R2L=-0.0% baro_vaso=1.17 baro_ino=1.04 suppress=1.00
  [PID 11332] [Здоровый] Симуляция 0..1800с LSODA max_step=0.050 12001 точек...
  [PID 12560] [Малый ДМЖП (R=5.0)] CHECK P_sa=78.5 P_pa=14.2 P_sv=6.4 HR=74.9 V_blood=5220 Qp=63.1 Qs=59.9 Qp/Qs=1.05 Q_vsd=+4.4 balance=-1.28 SaO2=96.6% R2L=0.0% baro_vaso=1.18 baro_ino=1.04 suppress=1.00
  [PID 12560] [Малый ДМЖП (R=5.0)] Симуляция 0..1800с LSODA max_step=0.050 12001 точек...
  [PID 15912] [Большой ДМЖП (R=1.0)] CHECK P_sa=60.7 P_pa=10.4 P_sv=6.4 HR=81.2 V_blood=5220 Qp=78.2 Qs=58.8 Qp/Qs=1.33 Q_vsd=+19.9 balance=-0.48 SaO2=94.3% R2L=0.0% baro_vaso=1.20 baro_ino=1.05 suppress=1.00
  [PID 15912] [Большой ДМЖП (R=1.0)] Симуляция 0..1800с LSODA max_step=0.050 12001 точек...
  [PID 9056] [Эйзенменгер, компенсированный] CHECK P_sa=69.9 P_pa=58.7 P_sv=6.2 HR=96.0 V_blood=5221 Qp=66.0 Qs=54.1 Qp/Qs=1.22 Q_vsd=+10.3 balance=+1.62 SaO2=95.2% R2L=0.0% baro_vaso=1.08 baro_ino=1.02 suppress=0.23
  [PID 9056] [Эйзенменгер, компенсированный] Симуляция 0..1800с LSODA max_step=0.050 12001 точек...
  [PID 11124] [Эйзенменгер, декомпенсированный] ⚠ CALIBRATION: calibrate: C_a_O2=0.179 ≠ равновесие 0.190; CSTR не сошёлся — using analytic y0
  [PID 11124] [Эйзенменгер, декомпенсированный] ⚠ y0 NOT relaxed — CHECK ниже отражает analytic y0, не физиологическое равновесие.
  [PID 11124] [Эйзенменгер, декомпенсированный] CHECK P_sa=85.0 P_pa=16.0 P_sv=6.0 HR=100.0 V_blood=5268 Qp=280.3 Qs=86.2 Qp/Qs=3.25 Q_vsd=+53.8 balance=+140.33 SaO2=95.5% R2L=0.0% baro_vaso=1.00 baro_ino=1.00 suppress=1.00
  [PID 11124] [Эйзенменгер, декомпенсированный] Симуляция 0..1800с LSODA max_step=0.050 12001 точек...
d:\git\hbs\vsd_rus\whole_body.py:614: UserWarning: calibrate: C_a_O2=0.179 ≠ равновесие 0.190; CSTR не сошёлся — using analytic y0
  warnings.warn(
  [PID 12560] [Малый ДМЖП (R=5.0)] готово 12001 точек, 649415 RHS, cache_hits=8
  [PID 12560] 💾 vsd_results_patient_002.npz (1437.5с)
  [PID 11332] [Здоровый] готово 12001 точек, 673770 RHS, cache_hits=8
  [PID 11332] 💾 vsd_results_patient_001.npz (1446.8с)
[Parallel(n_jobs=5)]: Done   2 out of   5 | elapsed: 24.2min remaining: 36.2min
  [PID 15912] [Большой ДМЖП (R=1.0)] готово 12001 точек, 726042 RHS, cache_hits=8
  [PID 15912] 💾 vsd_results_patient_003.npz (1570.9с)
[Parallel(n_jobs=5)]: Done   3 out of   5 | elapsed: 26.2min remaining: 17.5min
  [PID 9056] [Эйзенменгер, компенсированный] готово 12001 точек, 759052 RHS, cache_hits=8
  [PID 9056] 💾 vsd_results_patient_004.npz (1792.0с)
  [PID 11124] [Эйзенменгер, декомпенсированный] готово 12001 точек, 876144 RHS, cache_hits=9
  [PID 11124] 💾 vsd_results_patient_005.npz (1985.2с)
[Parallel(n_jobs=5)]: Done   5 out of   5 | elapsed: 33.1min finished

📊 Генерация визуализаций (последовательно)...

====================================================================================================
ДЕТАЛЬНЫЙ ОТЧЁТ
====================================================================================================
Формат: mean ± std по установившемуся окну (t > 0.75·t_end).
====================================================================================================

📊 Здоровый
--------------------------------------------------
  • Системное АД (P_sa)              : 71.6 ± 7.5 мм рт. ст.
  • Лёгочное АД (P_pa)               : 11.2 ± 2.7 мм рт. ст.
  • Системный выброс (Q_aortic)      : 59.7 ± 124.8 мл/с
  • Лёгочный кровоток (Q_pulmonary)  : 59.7 ± 103.1 мл/с
  • Соотношение Qp/Qs                : 1.00
  • Объём ЛЖ (V_lv)                  : 57.9 ± 17.1 мл
  • Объём ПЖ (V_rv)                  : 58.5 ± 16.3 мл
  • Объём крови (V_blood)            : 5228 ± 1 мл
  • Сатурация O₂ (SaO2)              : 97.2 %
  • ЧСС (HR)                         : 74.7 ± 0.2 уд/мин
  • СКФ (GFR)                        : 1.83 ± 0.20 мл/с
  • Доставка O₂ мозгу (DO₂_br)       : Q_br=5.46 ± 1.16 × C_a_O₂=0.198 ± 0.000
  • Церебральный O₂-баланс          : CMRO₂=0.546 ± 0.011
  • Потребление O₂ периферией        : 1.554 ± 0.171 мл O₂/с
  • Поглощение O₂ лёгкими            : 3.013 ± 5.210 мл O₂/с
  • Доля R→L шунта                   : -0.0 %

📊 Малый ДМЖП (R=5.0)
--------------------------------------------------
  • Системное АД (P_sa)              : 71.1 ± 7.5 мм рт. ст.
  • Лёгочное АД (P_pa)               : 11.8 ± 2.8 мм рт. ст.
  • Системный выброс (Q_aortic)      : 59.5 ± 125.1 мл/с
  • Лёгочный кровоток (Q_pulmonary)  : 63.5 ± 109.8 мл/с
  • Соотношение Qp/Qs                : 1.07
  • Шунт через ДМЖП (Q_vsd)          : +4.45 ± +6.27 мл/с  — L→R (лево-правый)
  • Объём ЛЖ (V_lv)                  : 58.3 ± 18.0 мл
  • Объём ПЖ (V_rv)                  : 59.9 ± 16.2 мл
  • Объём крови (V_blood)            : 5229 ± 1 мл
  • Сатурация O₂ (SaO2)              : 96.6 %
  • ЧСС (HR)                         : 75.0 ± 0.2 уд/мин
  • СКФ (GFR)                        : 1.82 ± 0.21 мл/с
  • Доставка O₂ мозгу (DO₂_br)       : Q_br=5.41 ± 1.15 × C_a_O₂=0.197 ± 0.000
  • Церебральный O₂-баланс          : CMRO₂=0.545 ± 0.013
  • Потребление O₂ периферией        : 1.542 ± 0.170 мл O₂/с
  • Поглощение O₂ лёгкими            : 3.312 ± 5.721 мл O₂/с
  • Доля R→L шунта                   : 0.0 %

📊 Большой ДМЖП (R=1.0)
--------------------------------------------------
  • Системное АД (P_sa)              : 70.0 ± 6.9 мм рт. ст.
  • Лёгочное АД (P_pa)               : 14.5 ± 3.7 мм рт. ст.
  • Системный выброс (Q_aortic)      : 58.3 ± 126.5 мл/с
  • Лёгочный кровоток (Q_pulmonary)  : 78.1 ± 136.7 мл/с
  • Соотношение Qp/Qs                : 1.34
  • Шунт через ДМЖП (Q_vsd)          : +19.89 ± +28.47 мл/с  — L→R (лево-правый)
  • Объём ЛЖ (V_lv)                  : 58.8 ± 20.1 мл
  • Объём ПЖ (V_rv)                  : 63.1 ± 15.2 мл
  • Объём крови (V_blood)            : 5230 ± 1 мл
  • Сатурация O₂ (SaO2)              : 94.3 %
  • ЧСС (HR)                         : 81.0 ± 0.2 уд/мин
  • СКФ (GFR)                        : 1.80 ± 0.22 мл/с
  • Доставка O₂ мозгу (DO₂_br)       : Q_br=5.27 ± 1.05 × C_a_O₂=0.192 ± 0.000
  • Церебральный O₂-баланс          : CMRO₂=0.542 ± 0.020
  • Потребление O₂ периферией        : 1.523 ± 0.156 мл O₂/с
  • Поглощение O₂ лёгкими            : 4.530 ± 7.920 мл O₂/с
  • Доля R→L шунта                   : 0.0 %

📊 Эйзенменгер, компенсированный
--------------------------------------------------
  • Системное АД (P_sa)              : 63.0 ± 5.3 мм рт. ст.
  • Лёгочное АД (P_pa)               : 57.2 ± 3.0 мм рт. ст.
  • Системный выброс (Q_aortic)      : 53.8 ± 112.6 мл/с
  • Лёгочный кровоток (Q_pulmonary)  : 62.4 ± 131.9 мл/с
  • Соотношение Qp/Qs                : 1.16
  • Шунт через ДМЖП (Q_vsd)          : +8.46 ± +20.56 мл/с  — L→R (лево-правый)
  • Объём ЛЖ (V_lv)                  : 53.6 ± 13.9 мл
  • Объём ПЖ (V_rv)                  : 81.7 ± 11.9 мл
  • Объём крови (V_blood)            : 5235 ± 1 мл
  • Сатурация O₂ (SaO2)              : 94.4 %
  • ЧСС (HR)                         : 96.6 ± 0.2 уд/мин
  • СКФ (GFR)                        : 1.53 ± 0.31 мл/с
  • Доставка O₂ мозгу (DO₂_br)       : Q_br=5.02 ± 0.87 × C_a_O₂=0.192 ± 0.000
  • Церебральный O₂-баланс          : CMRO₂=0.541 ± 0.020
  • Потребление O₂ периферией        : 1.539 ± 0.135 мл O₂/с
  • Поглощение O₂ лёгкими            : 3.805 ± 8.048 мл O₂/с
  • Доля R→L шунта                   : 0.0 %

📊 Эйзенменгер, декомпенсированный
--------------------------------------------------
  • Системное АД (P_sa)              : 57.9 ± 4.0 мм рт. ст.
  • Лёгочное АД (P_pa)               : 70.8 ± 1.8 мм рт. ст.
  • Системный выброс (Q_aortic)      : 50.5 ± 102.7 мл/с
  • Лёгочный кровоток (Q_pulmonary)  : 44.2 ± 102.1 мл/с
  • Соотношение Qp/Qs                : 0.87
  • Шунт через ДМЖП (Q_vsd)          : -6.18 ± +20.73 мл/с  — R→L (право-левый)
  • Объём ЛЖ (V_lv)                  : 49.0 ± 9.0 мл
  • Объём ПЖ (V_rv)                  : 110.9 ± 8.7 мл
  • Объём крови (V_blood)            : 5282 ± 1 мл
  • Сатурация O₂ (SaO2)              : 87.5 %
  • ЧСС (HR)                         : 117.7 ± 0.1 уд/мин
  • СКФ (GFR)                        : 1.21 ± 0.29 мл/с
  • Доставка O₂ мозгу (DO₂_br)       : Q_br=4.82 ± 0.71 × C_a_O₂=0.178 ± 0.000
  • Церебральный O₂-баланс          : CMRO₂=0.492 ± 0.038
  • Потребление O₂ периферией        : 1.542 ± 0.115 мл O₂/с
  • Поглощение O₂ лёгкими            : 3.407 ± 7.884 мл O₂/с
  • Доля R→L шунта                   : 12.2 %

✅ Готово. Файлы:
   - hemodynamics_comparison_enhanced.png
   - shunt_effect_analysis.png
   - vsd_results_*.npz

⏱  Время по сценариям:
   • Здоровый                                  1446.8с
   • Малый ДМЖП (R=5.0)                        1437.5с
   • Большой ДМЖП (R=1.0)                      1570.9с
   • Эйзенменгер, компенсированный             1792.0с
   • Эйзенменгер, декомпенсированный           1985.2с

⏱  Общее wall time: 1998.9с (33.3 мин)
   Сумма CPU времени: 8232.4с
   Ускорение vs последовательно: 4.12x

🏁 Завершение: 2026-10-06 22:38:36
   Общее время работы: 0:33:18.880205
[log] Finished  : 2026-10-06 22:38:36
[log] Полный лог: D:\git\hbs\vsd_rus\results\run_simulation_parallel_20261006_220518.log
