[log] Script    : run_simulation_parallel.py
[log] Log file  : D:\git\hbs\vsd_rus\results\run_simulation_parallel_20261006_201558.log
[log] Started   : 2026-10-06 20:15:58
================================================================================
Запуск: 2026-10-06 20:15:58
СРАВНЕНИЕ ГЕМОДИНАМИКИ: ЗДОРОВЫЙ vs ДМЖП — v4 PARALLEL
Per-scenario simulation config (from YAML):
  Здоровый                                 t_span=(0.0, 1800.0)  n= 12001  t_calib=400s
  Малый ДМЖП (R=5.0)                       t_span=(0.0, 1800.0)  n= 12001  t_calib=400s
  Большой ДМЖП (R=1.0)                     t_span=(0.0, 1800.0)  n= 12001  t_calib=400s
  Эйзенменгер, компенсированный            t_span=(0.0, 1800.0)  n= 12001  t_calib=600s
  Эйзенменгер, декомпенсированный          t_span=(0.0, 1800.0)  n= 12001  t_calib=600s
================================================================================
Загружено пациентов: ['Здоровый', 'Малый ДМЖП (R=5.0)', 'Большой ДМЖП (R=1.0)', 'Эйзенменгер, компенсированный', 'Эйзенменгер, декомпенсированный']

🚀 Запуск 5 симуляций параллельно n_jobs=5 (loky), лог: D:\git\hbs\vsd_rus\results\run_simulation_parallel_20261006_201558.log
[Parallel(n_jobs=5)]: Using backend LokyBackend with 5 concurrent workers.
  [PID 2452] [Малый ДМЖП (R=5.0)] Калибровка t_calib=400с...
  [PID 8104] [Эйзенменгер, компенсированный] Калибровка t_calib=600с...
  [PID 5020] [Большой ДМЖП (R=1.0)] Калибровка t_calib=400с...
  [PID 4156] [Эйзенменгер, декомпенсированный] Калибровка t_calib=600с...
  [PID 14144] [Здоровый] Калибровка t_calib=400с...
  [PID 14144] [Здоровый] CHECK P_sa=76.2 P_pa=12.0 P_sv=6.5 HR=74.5 V_blood=5219 Qp=58.9 Qs=60.2 Qp/Qs=0.98 Q_vsd=+0.0 balance=-1.27 SaO2=97.2% R2L=-0.0% baro_vaso=1.17 baro_ino=1.04 suppress=1.00
  [PID 14144] [Здоровый] Симуляция 0..1800с LSODA max_step=0.050 12001 точек...
  [PID 2452] [Малый ДМЖП (R=5.0)] CHECK P_sa=78.5 P_pa=14.2 P_sv=6.4 HR=74.9 V_blood=5220 Qp=63.1 Qs=59.9 Qp/Qs=1.05 Q_vsd=+4.4 balance=-1.28 SaO2=96.6% R2L=0.0% baro_vaso=1.18 baro_ino=1.04 suppress=1.00
  [PID 2452] [Малый ДМЖП (R=5.0)] Симуляция 0..1800с LSODA max_step=0.050 12001 точек...
  [PID 5020] [Большой ДМЖП (R=1.0)] CHECK P_sa=60.7 P_pa=10.4 P_sv=6.4 HR=81.2 V_blood=5220 Qp=78.2 Qs=58.8 Qp/Qs=1.33 Q_vsd=+19.9 balance=-0.48 SaO2=94.3% R2L=0.0% baro_vaso=1.20 baro_ino=1.05 suppress=1.00
  [PID 5020] [Большой ДМЖП (R=1.0)] Симуляция 0..1800с LSODA max_step=0.050 12001 точек...
  [PID 8104] [Эйзенменгер, компенсированный] CHECK P_sa=69.9 P_pa=58.7 P_sv=6.2 HR=96.0 V_blood=5221 Qp=66.0 Qs=54.1 Qp/Qs=1.22 Q_vsd=+10.3 balance=+1.62 SaO2=95.2% R2L=0.0% baro_vaso=1.08 baro_ino=1.02 suppress=0.23
  [PID 8104] [Эйзенменгер, компенсированный] Симуляция 0..1800с LSODA max_step=0.050 12001 точек...
  [PID 4156] [Эйзенменгер, декомпенсированный] ⚠ CALIBRATION: calibrate: C_a_O2=0.179 ≠ равновесие 0.190; CSTR не сошёлся — using analytic y0
  [PID 4156] [Эйзенменгер, декомпенсированный] ⚠ y0 NOT relaxed — CHECK ниже отражает analytic y0, не физиологическое равновесие.
  [PID 4156] [Эйзенменгер, декомпенсированный] CHECK P_sa=85.0 P_pa=16.0 P_sv=6.0 HR=100.0 V_blood=5268 Qp=280.3 Qs=86.2 Qp/Qs=3.25 Q_vsd=+53.8 balance=+140.33 SaO2=95.5% R2L=0.0% baro_vaso=1.00 baro_ino=1.00 suppress=1.00
  [PID 4156] [Эйзенменгер, декомпенсированный] Симуляция 0..1800с LSODA max_step=0.050 12001 точек...
d:\git\hbs\vsd_rus\whole_body.py:614: UserWarning: calibrate: C_a_O2=0.179 ≠ равновесие 0.190; CSTR не сошёлся — using analytic y0
  warnings.warn(
  [PID 2452] [Малый ДМЖП (R=5.0)] готово 12001 точек, 649415 RHS, cache_hits=8
  [PID 2452] 💾 vsd_results_patient_002.npz (1270.7с)
  [PID 14144] [Здоровый] готово 12001 точек, 673770 RHS, cache_hits=8
  [PID 14144] 💾 vsd_results_patient_001.npz (1292.9с)
[Parallel(n_jobs=5)]: Done   2 out of   5 | elapsed: 21.6min remaining: 32.4min
  [PID 5020] [Большой ДМЖП (R=1.0)] готово 12001 точек, 726042 RHS, cache_hits=8
  [PID 5020] 💾 vsd_results_patient_003.npz (1401.4с)
[Parallel(n_jobs=5)]: Done   3 out of   5 | elapsed: 23.4min remaining: 15.6min
  [PID 8104] [Эйзенменгер, компенсированный] готово 12001 точек, 759052 RHS, cache_hits=8
  [PID 8104] 💾 vsd_results_patient_004.npz (1580.6с)
  [PID 4156] [Эйзенменгер, декомпенсированный] готово 12001 точек, 876144 RHS, cache_hits=9
  [PID 4156] 💾 vsd_results_patient_005.npz (1741.6с)
[Parallel(n_jobs=5)]: Done   5 out of   5 | elapsed: 29.1min finished

📊 Генерация визуализаций (последовательно)...

====================================================================================================
ДЕТАЛЬНЫЙ ОТЧЁТ
====================================================================================================
Формат: mean ± std по установившемуся окну (t > 0.75·t_end).
====================================================================================================

📊 Здоровый
--------------------------------------------------
  • Системное АД (P_sa)              : 71.6 ± 7.5 мм рт. ст.
  • Лёгочное АД (P_pa)               : 11.2 ± 2.7 мм рт. ст.
  • Системный выброс (Q_aortic)      : 59.7 ± 124.8 мл/с
  • Лёгочный кровоток (Q_pulmonary)  : 59.7 ± 103.1 мл/с
  • Соотношение Qp/Qs                : 1.00
  • Объём ЛЖ (V_lv)                  : 57.9 ± 17.1 мл
  • Объём ПЖ (V_rv)                  : 58.5 ± 16.3 мл
  • Объём крови (V_blood)            : 5228 ± 1 мл
  • Сатурация O₂ (SaO2)              : 97.2 %
  • ЧСС (HR)                         : 74.7 ± 0.2 уд/мин
  • СКФ (GFR)                        : 1.83 ± 0.20 мл/с
  • Доставка O₂ мозгу (DO₂_br)       : Q_br=5.46 ± 1.16 × C_a_O₂=0.198 ± 0.000
  • Церебральный O₂-баланс          : CMRO₂=0.546 ± 0.011
  • Потребление O₂ периферией        : 1.554 ± 0.171 мл O₂/с
  • Поглощение O₂ лёгкими            : 3.013 ± 5.210 мл O₂/с
  • Доля R→L шунта                   : -0.0 %
