[log] Script    : run_simulation_parallel.py
[log] Log file  : D:\git\hbs\vsd_rus\results\run_simulation_parallel_20261003_191128.log
[log] Started   : 2026-10-03 19:11:28
================================================================================
Запуск: 2026-10-03 19:11:28
СРАВНЕНИЕ ГЕМОДИНАМИКИ: ЗДОРОВЫЙ vs ДМЖП — v4 PARALLEL
N_EVAL=3000, MAX_STEP=0.05, STEADY_FRAC=0.6, t_calib healthy=400.0
================================================================================
Загружено пациентов: ['Здоровый', 'Малый ДМЖП (R=5.0)', 'Большой ДМЖП (R=1.0)', 'Эйзенменгер, компенсированный', 'Эйзенменгер, декомпенсированный']

🚀 Запуск 5 симуляций параллельно n_jobs=5 (loky), лог: D:\git\hbs\vsd_rus\results\run_simulation_parallel_20261003_191128.log
[Parallel(n_jobs=5)]: Using backend LokyBackend with 5 concurrent workers.
  [PID 2660] [Большой ДМЖП (R=1.0)] Калибровка t_calib=400с...
  [PID 6876] [Эйзенменгер, компенсированный] Калибровка t_calib=800с...
  [PID 6664] [Малый ДМЖП (R=5.0)] Калибровка t_calib=400с...
  [PID 11148] [Здоровый] Калибровка t_calib=400с...
  [PID 14904] [Эйзенменгер, декомпенсированный] Калибровка t_calib=800с...
  [PID 11148] [Здоровый] CHECK P_sa=71.7 P_pa=15.3 P_sv=6.2 HR=74.9 V_blood=5179 Qp=24.0 Qs=21.7 Qp/Qs=1.11 Q_vsd=+0.0 balance=+2.33 SaO2=97.2% baro_vaso=1.13 baro_ino=1.04 suppress=1.00
  [PID 11148] [Здоровый] Симуляция 0..800с LSODA max_step=0.050 3000 точек...
  [PID 2660] [Большой ДМЖП (R=1.0)] CHECK P_sa=74.2 P_pa=25.0 P_sv=5.9 HR=78.6 V_blood=5179 Qp=35.3 Qs=16.2 Qp/Qs=2.18 Q_vsd=+14.5 balance=+4.67 SaO2=97.2% baro_vaso=1.09 baro_ino=1.03 suppress=1.00
  [PID 2660] [Большой ДМЖП (R=1.0)] Симуляция 0..800с LSODA max_step=0.050 3000 точек...
  [PID 6664] [Малый ДМЖП (R=5.0)] CHECK P_sa=71.7 P_pa=16.0 P_sv=6.1 HR=74.7 V_blood=5179 Qp=40.1 Qs=32.1 Qp/Qs=1.25 Q_vsd=+3.7 balance=+4.23 SaO2=97.2% baro_vaso=1.13 baro_ino=1.04 suppress=1.00
  [PID 6664] [Малый ДМЖП (R=5.0)] Симуляция 0..800с LSODA max_step=0.050 3000 точек...
  [PID 14904] [Эйзенменгер, декомпенсированный] CHECK P_sa=69.4 P_pa=80.3 P_sv=5.9 HR=108.4 V_blood=5232 Qp=4.1 Qs=15.3 Qp/Qs=0.27 Q_vsd=-8.5 balance=-2.78 SaO2=96.1% baro_vaso=1.02 baro_ino=1.01 suppress=0.11
  [PID 14904] [Эйзенменгер, декомпенсированный] Симуляция 0..800с LSODA max_step=0.050 3000 точек...
  [PID 11148] [Здоровый] готово 3000 точек, 1475852 RHS, cache_hits=2
  [PID 11148] 💾 vsd_results_patient_001.npz (2318.1с)
  [PID 6876] [Эйзенменгер, компенсированный] CHECK P_sa=70.7 P_pa=69.1 P_sv=5.7 HR=89.9 V_blood=5181 Qp=19.9 Qs=25.3 Qp/Qs=0.78 Q_vsd=+2.6 balance=-8.04 SaO2=97.2% baro_vaso=1.02 baro_ino=1.01 suppress=0.22
  [PID 6876] [Эйзенменгер, компенсированный] Симуляция 0..800с LSODA max_step=0.050 3000 точек...
  [PID 2660] [Большой ДМЖП (R=1.0)] готово 3000 точек, 2181386 RHS, cache_hits=2
  [PID 2660] 💾 vsd_results_patient_003.npz (3262.2с)
[Parallel(n_jobs=5)]: Done   2 out of   5 | elapsed: 54.4min remaining: 81.6min
  [PID 6664] [Малый ДМЖП (R=5.0)] готово 3000 точек, 2493564 RHS, cache_hits=2
  [PID 6664] 💾 vsd_results_patient_002.npz (3682.9с)
[Parallel(n_jobs=5)]: Done   3 out of   5 | elapsed: 61.4min remaining: 41.0min
  [PID 14904] [Эйзенменгер, декомпенсированный] готово 3000 точек, 1661166 RHS, cache_hits=2
  [PID 14904] 💾 vsd_results_patient_005.npz (3985.7с)
  [PID 6876] [Эйзенменгер, компенсированный] готово 3000 точек, 2710301 RHS, cache_hits=2
  [PID 6876] 💾 vsd_results_patient_004.npz (5421.3с)
[Parallel(n_jobs=5)]: Done   5 out of   5 | elapsed: 90.4min finished

📊 Генерация визуализаций (последовательно)...

====================================================================================================
ДЕТАЛЬНЫЙ ОТЧЁТ
====================================================================================================
Формат: mean ± std по установившемуся окну (t > 0.75·t_end).
====================================================================================================

📊 Здоровый
--------------------------------------------------
  • Системное АД (P_sa)              : 72.7 ± 1.2 мм рт. ст.
  • Лёгочное АД (P_pa)               : 15.4 ± 0.5 мм рт. ст.
  • Системный выброс (Q_aortic)      : 65.4 ± 113.9 мл/с
  • Лёгочный кровоток (Q_pulmonary)  : 63.5 ± 73.5 мл/с
  • Соотношение Qp/Qs                : 0.97
  • Объём ЛЖ (V_lv)                  : 49.2 ± 11.1 мл
  • Объём ПЖ (V_rv)                  : 53.3 ± 13.0 мл
  • Объём крови (V_blood)            : 5182 ± 0 мл
  • Сатурация O₂ (SaO2)              : 97.2 ± 0.0 %
  • ЧСС (HR)                         : 74.1 ± 0.2 уд/мин
  • СКФ (GFR)                        : 1.96 ± 0.02 мл/с
  • Доставка O₂ мозгу (DO₂_br)       : Q_br=5.56 ± 0.19 × C_a_O₂=0.198 ± 0.000
  • Церебральный O₂-баланс          : CMRO₂=0.550 ± 0.000
  • Потребление O₂ периферией        : 1.571 ± 0.030 мл O₂/с
  • Поглощение O₂ лёгкими            : 4.147 ± 4.800 мл O₂/с

📊 Малый ДМЖП (R=5.0)
--------------------------------------------------
  • Системное АД (P_sa)              : 73.8 ± 1.3 мм рт. ст.
  • Лёгочное АД (P_pa)               : 17.1 ± 0.7 мм рт. ст.
  • Системный выброс (Q_aortic)      : 60.5 ± 106.1 мл/с
  • Лёгочный кровоток (Q_pulmonary)  : 70.7 ± 73.8 мл/с
  • Соотношение Qp/Qs                : 1.17
  • Шунт через ДМЖП (Q_vsd)          : +8.46 ± +5.14 мл/с  — L→R (лево-правый)
  • Объём ЛЖ (V_lv)                  : 53.0 ± 13.2 мл
  • Объём ПЖ (V_rv)                  : 58.3 ± 13.9 мл
  • Объём крови (V_blood)            : 5182 ± 0 мл
  • Сатурация O₂ (SaO2)              : 97.2 ± 0.0 %
  • ЧСС (HR)                         : 73.5 ± 0.1 уд/мин
  • СКФ (GFR)                        : 1.97 ± 0.02 мл/с
  • Доставка O₂ мозгу (DO₂_br)       : Q_br=5.63 ± 0.19 × C_a_O₂=0.198 ± 0.000
  • Церебральный O₂-баланс          : CMRO₂=0.550 ± 0.000
  • Потребление O₂ периферией        : 1.616 ± 0.031 мл O₂/с
  • Поглощение O₂ лёгкими            : 4.560 ± 4.755 мл O₂/с

📊 Большой ДМЖП (R=1.0)
--------------------------------------------------
  • Системное АД (P_sa)              : 75.4 ± 1.2 мм рт. ст.
  • Лёгочное АД (P_pa)               : 22.2 ± 2.0 мм рт. ст.
  • Системный выброс (Q_aortic)      : 64.3 ± 122.1 мл/с
  • Лёгочный кровоток (Q_pulmonary)  : 103.2 ± 102.7 мл/с
  • Соотношение Qp/Qs                : 1.61
  • Шунт через ДМЖП (Q_vsd)          : +36.63 ± +24.72 мл/с  — L→R (лево-правый)
  • Объём ЛЖ (V_lv)                  : 60.4 ± 17.5 мл
  • Объём ПЖ (V_rv)                  : 68.9 ± 15.2 мл
  • Объём крови (V_blood)            : 5181 ± 0 мл
  • Сатурация O₂ (SaO2)              : 97.2 ± 0.0 %
  • ЧСС (HR)                         : 77.8 ± 0.0 уд/мин
  • СКФ (GFR)                        : 1.99 ± 0.01 мл/с
  • Доставка O₂ мозгу (DO₂_br)       : Q_br=5.72 ± 0.18 × C_a_O₂=0.198 ± 0.000
  • Церебральный O₂-баланс          : CMRO₂=0.550 ± 0.000
  • Потребление O₂ периферией        : 1.687 ± 0.029 мл O₂/с
  • Поглощение O₂ лёгкими            : 6.524 ± 6.490 мл O₂/с

📊 Эйзенменгер, компенсированный
--------------------------------------------------
  • Системное АД (P_sa)              : 72.3 ± 1.3 мм рт. ст.
  • Лёгочное АД (P_pa)               : 71.8 ± 2.0 мм рт. ст.
  • Системный выброс (Q_aortic)      : 60.5 ± 99.1 мл/с
  • Лёгочный кровоток (Q_pulmonary)  : 70.5 ± 208.8 мл/с
  • Соотношение Qp/Qs                : 1.17
  • Шунт через ДМЖП (Q_vsd)          : +10.53 ± +25.18 мл/с  — L→R (лево-правый)
  • Объём ЛЖ (V_lv)                  : 51.8 ± 11.4 мл
  • Объём ПЖ (V_rv)                  : 22.5 ± 6.3 мл
  • Объём крови (V_blood)            : 5184 ± 0 мл
  • Сатурация O₂ (SaO2)              : 97.1 ± 1.2 %
  • ЧСС (HR)                         : 90.3 ± 0.3 уд/мин
  • СКФ (GFR)                        : 1.95 ± 0.03 мл/с
  • Доставка O₂ мозгу (DO₂_br)       : Q_br=5.59 ± 0.19 × C_a_O₂=0.198 ± 0.002
  • Церебральный O₂-баланс          : CMRO₂=0.550 ± 0.000
  • Потребление O₂ периферией        : 1.697 ± 0.031 мл O₂/с
  • Поглощение O₂ лёгкими            : 4.657 ± 13.789 мл O₂/с
  • Доля R→L шунта                   : 5.3 ± 21.6 %

📊 Эйзенменгер, декомпенсированный
--------------------------------------------------
  • Системное АД (P_sa)              : 69.2 ± 1.1 мм рт. ст.
  • Лёгочное АД (P_pa)               : 82.2 ± 1.7 мм рт. ст.
  • Системный выброс (Q_aortic)      : 61.6 ± 101.7 мл/с
  • Лёгочный кровоток (Q_pulmonary)  : 46.6 ± 187.6 мл/с
  • Соотношение Qp/Qs                : 0.76
  • Шунт через ДМЖП (Q_vsd)          : -9.17 ± +32.72 мл/с  — R→L (право-левый)
  • Объём ЛЖ (V_lv)                  : 44.0 ± 6.0 мл
  • Объём ПЖ (V_rv)                  : 19.9 ± 4.7 мл
  • Объём крови (V_blood)            : 5235 ± 0 мл
  • Сатурация O₂ (SaO2)              : 96.8 ± 2.1 %
  • ЧСС (HR)                         : 108.6 ± 0.1 уд/мин
  • СКФ (GFR)                        : 1.88 ± 0.04 мл/с
  • Доставка O₂ мозгу (DO₂_br)       : Q_br=5.42 ± 0.18 × C_a_O₂=0.197 ± 0.005
  • Церебральный O₂-баланс          : CMRO₂=0.550 ± 0.000
  • Потребление O₂ периферией        : 1.634 ± 0.027 мл O₂/с
  • Поглощение O₂ лёгкими            : 3.298 ± 13.284 мл O₂/с
  • Доля R→L шунта                   : 46.6 ± 48.7 %

✅ Готово. Файлы:
   - hemodynamics_comparison_enhanced.png
   - shunt_effect_analysis.png
   - vsd_results_*.npz

⏱  Время по сценариям:
   • Здоровый                                  2318.1с
   • Малый ДМЖП (R=5.0)                        3682.9с
   • Большой ДМЖП (R=1.0)                      3262.2с
   • Эйзенменгер, компенсированный             5421.3с
   • Эйзенменгер, декомпенсированный           3985.7с

⏱  Общее wall time: 5436.1с (90.6 мин)
   Сумма CPU времени: 18670.2с
   Ускорение vs последовательно: 3.43x

🏁 Завершение: 2026-10-03 20:42:04
   Общее время работы: 1:30:36.073036
[log] Finished  : 2026-10-03 20:42:04
[log] Полный лог: D:\git\hbs\vsd_rus\results\run_simulation_parallel_20261003_191128.log
