[log] Script    : run_simulation_parallel.py
[log] Log file  : D:\git\hbs\vsd_rus\results\run_simulation_parallel_20261006_200653.log
[log] Started   : 2026-10-06 20:06:53
================================================================================
Запуск: 2026-10-06 20:06:53
СРАВНЕНИЕ ГЕМОДИНАМИКИ: ЗДОРОВЫЙ vs ДМЖП — v4 PARALLEL
Per-scenario simulation config (from YAML):
  Здоровый                                 t_span=(0.0, 1800.0)  n= 12001  t_calib=400s
  Малый ДМЖП (R=5.0)                       t_span=(0.0, 1800.0)  n= 12001  t_calib=400s
  Большой ДМЖП (R=1.0)                     t_span=(0.0, 1800.0)  n= 12001  t_calib=400s
  Эйзенменгер, компенсированный            t_span=(0.0, 1800.0)  n= 12001  t_calib=600s
  Эйзенменгер, декомпенсированный          t_span=(0.0, 1800.0)  n= 12001  t_calib=600s
================================================================================
Загружено пациентов: ['Здоровый', 'Малый ДМЖП (R=5.0)', 'Большой ДМЖП (R=1.0)', 'Эйзенменгер, компенсированный', 'Эйзенменгер, декомпенсированный']

🚀 Запуск 5 симуляций параллельно n_jobs=5 (loky), лог: D:\git\hbs\vsd_rus\results\run_simulation_parallel_20261006_200653.log
[Parallel(n_jobs=5)]: Using backend LokyBackend with 5 concurrent workers.
  [PID 14068] [Малый ДМЖП (R=5.0)] Калибровка t_calib=400с...
  [PID 11524] [Здоровый] Калибровка t_calib=400с...
  [PID 5652] [Эйзенменгер, компенсированный] Калибровка t_calib=600с...
  [PID 14292] [Большой ДМЖП (R=1.0)] Калибровка t_calib=400с...
