[log] Script    : run_simulation_parallel.py
[log] Log file  : D:\git\hbs\vsd_rus\results\run_simulation_parallel_20261005_004904.log
[log] Started   : 2026-10-05 00:49:04
================================================================================
Запуск: 2026-10-05 00:49:04
СРАВНЕНИЕ ГЕМОДИНАМИКИ: ЗДОРОВЫЙ vs ДМЖП — v4 PARALLEL
Per-scenario simulation config (from YAML):
  Здоровый                                 t_span=(0.0, 1800.0)  n= 12001  t_calib=400s
  Малый ДМЖП (R=5.0)                       t_span=(0.0, 1800.0)  n= 12001  t_calib=400s
  Большой ДМЖП (R=1.0)                     t_span=(0.0, 1800.0)  n= 12001  t_calib=400s
  Эйзенменгер, компенсированный            t_span=(0.0, 1800.0)  n= 12001  t_calib=600s
  Эйзенменгер, декомпенсированный          t_span=(0.0, 1800.0)  n= 12001  t_calib=600s
================================================================================
Загружено пациентов: ['Здоровый', 'Малый ДМЖП (R=5.0)', 'Большой ДМЖП (R=1.0)', 'Эйзенменгер, компенсированный', 'Эйзенменгер, декомпенсированный']

🚀 Запуск 5 симуляций параллельно n_jobs=5 (loky), лог: D:\git\hbs\vsd_rus\results\run_simulation_parallel_20261005_004904.log
[Parallel(n_jobs=5)]: Using backend LokyBackend with 5 concurrent workers.
  [PID 7892] [Малый ДМЖП (R=5.0)] Калибровка t_calib=400с...
  [PID 12468] [Большой ДМЖП (R=1.0)] Калибровка t_calib=400с...
  [PID 16772] [Эйзенменгер, декомпенсированный] Калибровка t_calib=600с...
  [PID 3508] [Здоровый] Калибровка t_calib=400с...
  [PID 14608] [Эйзенменгер, компенсированный] Калибровка t_calib=600с...
  [PID 12468] [Большой ДМЖП (R=1.0)] CHECK P_sa=63.8 P_pa=11.2 P_sv=6.4 HR=80.9 V_blood=5220 Qp=77.8 Qs=58.6 Qp/Qs=1.33 Q_vsd=+19.9 balance=-0.70 SaO2=97.2% baro_vaso=1.20 baro_ino=1.05 suppress=1.00
  [PID 12468] [Большой ДМЖП (R=1.0)] Симуляция 0..1800с BDF max_step=0.050 12001 точек...
  [PID 7892] [Малый ДМЖП (R=5.0)] CHECK P_sa=67.6 P_pa=11.6 P_sv=6.4 HR=75.4 V_blood=5219 Qp=62.0 Qs=58.5 Qp/Qs=1.06 Q_vsd=+4.4 balance=-0.93 SaO2=97.2% baro_vaso=1.18 baro_ino=1.05 suppress=1.00
  [PID 7892] [Малый ДМЖП (R=5.0)] Симуляция 0..1800с BDF max_step=0.050 12001 точек...
  [PID 3508] [Здоровый] CHECK P_sa=78.3 P_pa=12.9 P_sv=6.5 HR=74.6 V_blood=5219 Qp=59.6 Qs=57.6 Qp/Qs=1.03 Q_vsd=+0.0 balance=+1.97 SaO2=97.2% baro_vaso=1.17 baro_ino=1.04 suppress=1.00
  [PID 3508] [Здоровый] Симуляция 0..1800с BDF max_step=0.050 12001 точек...
C:\Users\Admin\AppData\Local\Programs\Python\Python314\Lib\site-packages\scipy\integrate\_ivp\common.py:356: RuntimeWarning: overflow encountered in multiply
  new_factor = NUM_JAC_FACTOR_INCREASE * factor[ind]
C:\Users\Admin\AppData\Local\Programs\Python\Python314\Lib\site-packages\scipy\integrate\_ivp\common.py:378: RuntimeWarning: overflow encountered in multiply
  factor[max_diff < NUM_JAC_DIFF_SMALL * scale] *= NUM_JAC_FACTOR_INCREASE
C:\Users\Admin\AppData\Local\Programs\Python\Python314\Lib\site-packages\scipy\integrate\_ivp\common.py:356: RuntimeWarning: overflow encountered in multiply
  new_factor = NUM_JAC_FACTOR_INCREASE * factor[ind]
C:\Users\Admin\AppData\Local\Programs\Python\Python314\Lib\site-packages\scipy\integrate\_ivp\common.py:378: RuntimeWarning: overflow encountered in multiply
  factor[max_diff < NUM_JAC_DIFF_SMALL * scale] *= NUM_JAC_FACTOR_INCREASE
C:\Users\Admin\AppData\Local\Programs\Python\Python314\Lib\site-packages\scipy\integrate\_ivp\common.py:356: RuntimeWarning: overflow encountered in multiply
  new_factor = NUM_JAC_FACTOR_INCREASE * factor[ind]
C:\Users\Admin\AppData\Local\Programs\Python\Python314\Lib\site-packages\scipy\integrate\_ivp\common.py:378: RuntimeWarning: overflow encountered in multiply
  factor[max_diff < NUM_JAC_DIFF_SMALL * scale] *= NUM_JAC_FACTOR_INCREASE
  [PID 14608] [Эйзенменгер, компенсированный] CHECK P_sa=60.1 P_pa=54.4 P_sv=6.1 HR=92.3 V_blood=5221 Qp=71.4 Qs=61.2 Qp/Qs=1.17 Q_vsd=+8.7 balance=+1.54 SaO2=97.1% baro_vaso=1.05 baro_ino=1.01 suppress=0.23
  [PID 14608] [Эйзенменгер, компенсированный] Симуляция 0..1800с BDF max_step=0.050 12001 точек...
