[log] Script    : run_simulation_parallel.py
[log] Log file  : D:\git\hbs\vsd_rus\results\run_simulation_parallel_20261002_081729.log
[log] Started   : 2026-10-02 08:17:29
================================================================================
Запуск: 2026-10-02 08:17:29
СРАВНЕНИЕ ГЕМОДИНАМИКИ: ЗДОРОВЫЙ vs ДМЖП — v4 PARALLEL
N_EVAL=3000, MAX_STEP=0.05, STEADY_FRAC=0.6, t_calib healthy=400.0
================================================================================
Загружено пациентов: ['Здоровый', 'Малый ДМЖП (R=5.0)', 'Большой ДМЖП (R=1.0)', 'Эйзенменгер, компенсированный', 'Эйзенменгер, декомпенсированный']

🚀 Запуск 5 симуляций параллельно n_jobs=5 (loky), лог: D:\git\hbs\vsd_rus\results\run_simulation_parallel_20261002_081729.log
[Parallel(n_jobs=5)]: Using backend LokyBackend with 5 concurrent workers.
  [PID 12588] [Здоровый] Калибровка t_calib=400с...
  [PID 7016] [Большой ДМЖП (R=1.0)] Калибровка t_calib=400с...
  [PID 3152] [Эйзенменгер, компенсированный] Калибровка t_calib=800с...
  [PID 7924] [Эйзенменгер, декомпенсированный] Калибровка t_calib=800с...
  [PID 15172] [Малый ДМЖП (R=5.0)] Калибровка t_calib=400с...
  [PID 12588] [Здоровый] CHECK P_sa=115.5 P_pa=27.5 P_sv=11.7 HR=50.3 V_blood=5836 Qp=51.4 Qs=55.5 Qp/Qs=0.93 Q_vsd=+0.0 balance=-4.13 SaO2=97.2% baro_vaso=0.50 baro_ino=0.82 suppress=1.00
  [PID 12588] [Здоровый] Симуляция 0..800с LSODA max_step=0.050 3000 точек...
  [PID 7016] [Большой ДМЖП (R=1.0)] CHECK P_sa=120.1 P_pa=39.5 P_sv=11.5 HR=50.9 V_blood=6077 Qp=98.3 Qs=65.2 Qp/Qs=1.51 Q_vsd=+33.1 balance=-0.05 SaO2=97.2% baro_vaso=0.50 baro_ino=0.80 suppress=1.00
  [PID 7016] [Большой ДМЖП (R=1.0)] Симуляция 0..800с LSODA max_step=0.050 3000 точек...
  [PID 15172] [Малый ДМЖП (R=5.0)] CHECK P_sa=116.7 P_pa=30.3 P_sv=11.7 HR=49.5 V_blood=5924 Qp=59.6 Qs=55.7 Qp/Qs=1.07 Q_vsd=+6.9 balance=-3.04 SaO2=97.2% baro_vaso=0.50 baro_ino=0.82 suppress=1.00
  [PID 15172] [Малый ДМЖП (R=5.0)] Симуляция 0..800с LSODA max_step=0.050 3000 точек...
  [PID 12588] [Здоровый] готово 3000 точек, 1957609 RHS, cache_hits=2
  [PID 12588] 💾 vsd_results_patient_001.npz (2606.9с)
  [PID 7016] [Большой ДМЖП (R=1.0)] готово 3000 точек, 2645020 RHS, cache_hits=2
  [PID 7016] 💾 vsd_results_patient_003.npz (3415.0с)
[Parallel(n_jobs=5)]: Done   2 out of   5 | elapsed: 57.0min remaining: 85.5min
  [PID 15172] [Малый ДМЖП (R=5.0)] готово 3000 точек, 2699209 RHS, cache_hits=2
  [PID 15172] 💾 vsd_results_patient_002.npz (3469.0с)
[Parallel(n_jobs=5)]: Done   3 out of   5 | elapsed: 57.9min remaining: 38.6min
  [PID 7924] [Эйзенменгер, декомпенсированный] CHECK P_sa=120.1 P_pa=146.5 P_sv=10.5 HR=68.4 V_blood=5587 Qp=16.5 Qs=51.8 Qp/Qs=0.32 Q_vsd=-5.4 balance=-29.95 SaO2=96.9% baro_vaso=0.50 baro_ino=0.80 suppress=0.11
  [PID 7924] [Эйзенменгер, декомпенсированный] Симуляция 0..800с LSODA max_step=0.050 3000 точек...
  [PID 3152] [Эйзенменгер, компенсированный] CHECK P_sa=121.3 P_pa=124.0 P_sv=10.6 HR=56.8 V_blood=5743 Qp=36.8 Qs=57.9 Qp/Qs=0.64 Q_vsd=+14.8 balance=-35.93 SaO2=97.1% baro_vaso=0.50 baro_ino=0.79 suppress=0.22
  [PID 3152] [Эйзенменгер, компенсированный] Симуляция 0..800с LSODA max_step=0.050 3000 точек...
  [PID 7924] [Эйзенменгер, декомпенсированный] готово 3000 точек, 3355420 RHS, cache_hits=2
  [PID 7924] 💾 vsd_results_patient_005.npz (6043.3с)
  [PID 3152] [Эйзенменгер, компенсированный] готово 3000 точек, 4176518 RHS, cache_hits=2
  [PID 3152] 💾 vsd_results_patient_004.npz (6925.0с)
[Parallel(n_jobs=5)]: Done   5 out of   5 | elapsed: 115.5min finished

📊 Генерация визуализаций (последовательно)...

====================================================================================================
ДЕТАЛЬНЫЙ ОТЧЁТ
====================================================================================================
Формат: mean ± std по установившемуся окну (t > 0.75·t_end).
====================================================================================================

📊 Здоровый
--------------------------------------------------
  • Системное АД (P_sa)              : 122.4 ± 1.4 мм рт. ст.
  • Лёгочное АД (P_pa)               : 29.8 ± 1.1 мм рт. ст.
  • Системный выброс (Q_aortic)      : 96.3 ± 156.9 мл/с
  • Лёгочный кровоток (Q_pulmonary)  : 96.2 ± 159.2 мл/с
  • Соотношение Qp/Qs                : 1.00
  • Объём ЛЖ (V_lv)                  : 103.6 ± 31.3 мл
  • Объём ПЖ (V_rv)                  : 85.2 ± 31.7 мл
  • Объём крови (V_blood)            : 7062 ± 113 мл
  • Сатурация O₂ (SaO2)              : 97.2 ± 0.0 %
  • ЧСС (HR)                         : 46.3 ± 0.2 уд/мин
  • СКФ (GFR)                        : 2.00 ± 0.00 мл/с
  • Доставка O₂ мозгу (DO₂_br)       : Q_br=7.37 ± 0.16 × C_a_O₂=0.198 ± 0.000
  • Церебральный O₂-баланс          : CMRO₂=0.550 ± 0.000
  • Потребление O₂ периферией        : 2.212 ± 0.000 мл O₂/с
  • Поглощение O₂ лёгкими            : 4.392 ± 7.272 мл O₂/с

📊 Малый ДМЖП (R=5.0)
--------------------------------------------------
  • Системное АД (P_sa)              : 124.5 ± 1.4 мм рт. ст.
  • Лёгочное АД (P_pa)               : 33.6 ± 1.0 мм рт. ст.
  • Системный выброс (Q_aortic)      : 105.4 ± 172.1 мл/с
  • Лёгочный кровоток (Q_pulmonary)  : 117.4 ± 165.5 мл/с
  • Соотношение Qp/Qs                : 1.11
  • Шунт через ДМЖП (Q_vsd)          : +14.37 ± +7.99 мл/с  — L→R (лево-правый)
  • Объём ЛЖ (V_lv)                  : 116.4 ± 37.9 мл
  • Объём ПЖ (V_rv)                  : 94.9 ± 33.6 мл
  • Объём крови (V_blood)            : 7324 ± 130 мл
  • Сатурация O₂ (SaO2)              : 97.2 ± 0.0 %
  • ЧСС (HR)                         : 45.1 ± 0.3 уд/мин
  • СКФ (GFR)                        : 2.00 ± 0.00 мл/с
  • Доставка O₂ мозгу (DO₂_br)       : Q_br=7.44 ± 0.16 × C_a_O₂=0.198 ± 0.000
  • Церебральный O₂-баланс          : CMRO₂=0.550 ± 0.000
  • Потребление O₂ периферией        : 2.212 ± 0.000 мл O₂/с
  • Поглощение O₂ лёгкими            : 5.287 ± 7.457 мл O₂/с

📊 Большой ДМЖП (R=1.0)
--------------------------------------------------
  • Системное АД (P_sa)              : 130.4 ± 1.5 мм рт. ст.
  • Лёгочное АД (P_pa)               : 46.5 ± 3.6 мм рт. ст.
  • Системный выброс (Q_aortic)      : 110.5 ± 196.3 мл/с
  • Лёгочный кровоток (Q_pulmonary)  : 170.5 ± 187.9 мл/с
  • Соотношение Qp/Qs                : 1.54
  • Шунт через ДМЖП (Q_vsd)          : +62.24 ± +36.95 мл/с  — L→R (лево-правый)
  • Объём ЛЖ (V_lv)                  : 153.8 ± 56.5 мл
  • Объём ПЖ (V_rv)                  : 125.1 ± 39.1 мл
  • Объём крови (V_blood)            : 7788 ± 153 мл
  • Сатурация O₂ (SaO2)              : 97.2 ± 0.0 %
  • ЧСС (HR)                         : 44.8 ± 0.4 уд/мин
  • СКФ (GFR)                        : 2.00 ± 0.00 мл/с
  • Доставка O₂ мозгу (DO₂_br)       : Q_br=7.69 ± 0.16 × C_a_O₂=0.198 ± 0.000
  • Церебральный O₂-баланс          : CMRO₂=0.550 ± 0.000
  • Потребление O₂ периферией        : 2.212 ± 0.000 мл O₂/с
  • Поглощение O₂ лёгкими            : 7.388 ± 8.148 мл O₂/с

📊 Эйзенменгер, компенсированный
--------------------------------------------------
  • Системное АД (P_sa)              : 124.5 ± 1.3 мм рт. ст.
  • Лёгочное АД (P_pa)               : 125.7 ± 5.2 мм рт. ст.
  • Системный выброс (Q_aortic)      : 108.2 ± 192.3 мл/с
  • Лёгочный кровоток (Q_pulmonary)  : 127.0 ± 424.9 мл/с
  • Соотношение Qp/Qs                : 1.17
  • Шунт через ДМЖП (Q_vsd)          : +16.96 ± +40.55 мл/с  — L→R (лево-правый)
  • Объём ЛЖ (V_lv)                  : 109.7 ± 32.0 мл
  • Объём ПЖ (V_rv)                  : 38.0 ± 12.6 мл
  • Объём крови (V_blood)            : 6104 ± 31 мл
  • Сатурация O₂ (SaO2)              : 97.2 ± 0.6 %
  • ЧСС (HR)                         : 54.8 ± 0.2 уд/мин
  • СКФ (GFR)                        : 2.00 ± 0.00 мл/с
  • Доставка O₂ мозгу (DO₂_br)       : Q_br=7.59 ± 0.15 × C_a_O₂=0.198 ± 0.001
  • Церебральный O₂-баланс          : CMRO₂=0.550 ± 0.000
  • Потребление O₂ периферией        : 2.212 ± 0.000 мл O₂/с
  • Поглощение O₂ лёгкими            : 5.625 ± 18.826 мл O₂/с
  • Доля R→L шунта                   : 4.3 ± 19.8 %

📊 Эйзенменгер, декомпенсированный
--------------------------------------------------
  • Системное АД (P_sa)              : 121.5 ± 1.2 мм рт. ст.
  • Лёгочное АД (P_pa)               : 144.9 ± 5.6 мм рт. ст.
  • Системный выброс (Q_aortic)      : 97.0 ± 150.2 мл/с
  • Лёгочный кровоток (Q_pulmonary)  : 74.5 ± 377.3 мл/с
  • Соотношение Qp/Qs                : 0.77
  • Шунт через ДМЖП (Q_vsd)          : -19.16 ± +68.41 мл/с  — R→L (право-левый)
  • Объём ЛЖ (V_lv)                  : 87.1 ± 19.3 мл
  • Объём ПЖ (V_rv)                  : 31.7 ± 12.1 мл
  • Объём крови (V_blood)            : 5810 ± 19 мл
  • Сатурация O₂ (SaO2)              : 96.2 ± 3.9 %
  • ЧСС (HR)                         : 66.8 ± 0.3 уд/мин
  • СКФ (GFR)                        : 2.00 ± 0.00 мл/с
  • Доставка O₂ мозгу (DO₂_br)       : Q_br=7.56 ± 0.25 × C_a_O₂=0.196 ± 0.008
  • Церебральный O₂-баланс          : CMRO₂=0.550 ± 0.000
  • Потребление O₂ периферией        : 2.212 ± 0.000 мл O₂/с
  • Поглощение O₂ лёгкими            : 3.540 ± 17.926 мл O₂/с
  • Доля R→L шунта                   : 54.3 ± 47.9 %

✅ Готово. Файлы:
   - hemodynamics_comparison_enhanced.png
   - shunt_effect_analysis.png
   - vsd_results_*.npz

⏱  Время по сценариям:
   • Здоровый                                  2606.9с
   • Малый ДМЖП (R=5.0)                        3469.0с
   • Большой ДМЖП (R=1.0)                      3415.0с
   • Эйзенменгер, компенсированный             6925.0с
   • Эйзенменгер, декомпенсированный           6043.3с

⏱  Общее wall time: 7100.8с (118.3 мин)
   Сумма CPU времени: 22459.2с
   Ускорение vs последовательно: 3.16x

🏁 Завершение: 2026-10-02 10:15:50
   Общее время работы: 1:58:21.407901
[log] Finished  : 2026-10-02 10:15:50
[log] Полный лог: D:\git\hbs\vsd_rus\results\run_simulation_parallel_20261002_081729.log
