[Stage1] Старт: 2026-09-27 21:42:39 | verbose=1
======================================================================
Stage 1: анализ идентифицируемости WholeBodyModel
======================================================================
[Stage1] R_sys resolved = 3.0271
[Stage1] R_vsd(d_vsd=4.0мм) = 5.0000
  [warn] Stage1: t_end 1800 → 800 с (ограничение Stage1 = 800 с)
  [warn] Stage1: n_samples_t 12001 → 4000 (ограничение Stage1 = 4000)
[CALIB] t_calib=600.0s y0 heart=[116.54345169  30.68367242 129.82549169  41.26803325] V_blood=5802.6 P_sa0=71.93
[solver] nfev=2811282 njev=56920 t=800.0 y_last heart=[115.83104374  39.57030023 126.03933101  52.7138569 ] success=True

--- CONVERGENCE WINDOWS ---
[ 100- 300] P_sa= 72.97± 1.85 V_lv=  47.2 HR= 77.4 P_sv=12.52 Q_periph= 22.40 R_eff=2.698
[ 250- 350] P_sa= 71.92± 1.36 V_lv=  46.1 HR= 78.4 P_sv=12.58 Q_periph= 22.04 R_eff=2.692
[ 300- 400] P_sa= 71.53± 1.22 V_lv=  45.7 HR= 78.9 P_sv=12.60 Q_periph= 21.91 R_eff=2.690
[ 400- 600] P_sa= 71.57± 1.03 V_lv=  48.1 HR= 78.9 P_sv=12.56 Q_periph= 21.94 R_eff=2.689
[ 600- 800] P_sa= 72.74± 0.84 V_lv=  49.9 HR= 77.6 P_sv=12.56 Q_periph= 22.31 R_eff=2.697
[STATIONARITY] early=73.24 late=72.96 rel=0.0038 tol=0.01

[X0 STEADY] P_sa=72.96 P_pa=21.13 Qa=97.18 Qp=81.09 Qp/Qs=0.834 EDV_LV=66.9 EDV_RV=78.6 HR=77.37
            P_sv=12.58 P_pv=15.88 V_sv=3681.1/3367.2 Q_periph=22.38 R_eff=2.698

[Stage1] X0 BASELINE:
    P_sa         = 72.956150
    P_pa         = 21.126903
    Q_aortic     = 97.179826
    Qp_Qs        = 0.834459
    EDV_LV       = 66.878949
    EDV_RV       = 78.608698
    HR           = 77.374655
