[log] Script    : visualize_vsd_comparison.py
[log] Log file  : D:\git\hbs\vsd_rus\results\visualize_vsd_comparison_20261006_003357.log
[log] Started   : 2026-10-06 00:33:57
======================================================================
ВИЗУАЛИЗАЦИЯ СРАВНЕНИЯ ГЕМОДИНАМИКИ: ЗДОРОВЫЙ vs ДМЖП
======================================================================
Найдено файлов: 5
✓ vsd_results_patient_001.npz              → Здоровый
✓ vsd_results_patient_002.npz              → Малый ДМЖП (R=5.0)
✓ vsd_results_patient_003.npz              → Большой ДМЖП (R=1.0)
✓ vsd_results_patient_004.npz              → Эйзенменгер, компенсированный
✓ vsd_results_patient_005.npz              → Эйзенменгер, декомпенсированный

Загружено сценариев: ['Здоровый', 'Малый ДМЖП (R=5.0)', 'Большой ДМЖП (R=1.0)', 'Эйзенменгер, компенсированный', 'Эйзенменгер, декомпенсированный']

📊 Генерация графиков...
  ✓ fig1_hemodynamics_timeseries.png
  ✓ fig2_phase_portraits.png
  ✓ fig3_bar_comparison.png
  ✓ fig4_detailed_cardiac.png
  ✓ fig5_gas_exchange.png
  ✓ comprehensive_dashboard.png
  ✓ schematic_heart_comparison.png

====================================================================================================
СТАТИСТИЧЕСКАЯ СВОДКА (установившийся режим, t > 0.75·t_end)
====================================================================================================
Показатель                                    Здоровый    Малый ДМЖП (R=5.0)  Большой ДМЖП (R=1.0)  Эйзенменгер, компен…  Эйзенменгер, декомп…
----------------------------------------------------------------------------------------------------------------------------------------------
Системное АД [мм рт. ст.]                   71.6 ± 7.5            71.1 ± 7.5            70.0 ± 6.9            68.4 ± 6.1            66.7 ± 5.1
Лёгочное АД [мм рт. ст.]                    11.2 ± 2.7            11.8 ± 2.8            14.5 ± 3.7            64.5 ± 3.6            86.1 ± 2.4
Системный выброс [мл/с]                   59.6 ± 124.8          59.2 ± 126.6          58.3 ± 126.5          60.3 ± 125.8          59.6 ± 121.1
Лёгочный кровоток [мл/с]                  59.7 ± 103.1          64.2 ± 109.6          78.1 ± 136.7          70.1 ± 150.0          53.9 ± 124.9
Шунт VSD [мл/с]                             +0.0 ± 0.0            +4.4 ± 6.3          +19.9 ± 28.5           +9.8 ± 19.9           -5.8 ± 17.7
SaO₂ [%]                                   97.2 ± 0.00           96.6 ± 0.03           94.3 ± 0.14           92.8 ± 0.22           90.9 ± 0.22
R→L шунт [%]                                0.0 ± 0.00          18.2 ± 38.56          25.3 ± 43.49           9.8 ± 29.66          12.6 ± 31.40
Объём ЛЖ [мл]                              57.8 ± 17.0           58.3 ± 17.9           58.8 ± 20.1           59.0 ± 15.9           55.5 ± 10.6
Объём ПЖ [мл]                              58.5 ± 16.3           59.9 ± 16.2           63.1 ± 15.2           86.6 ± 14.2          119.8 ± 11.8
Объём крови [мл]                              5225 ± 1              5226 ± 1              5230 ± 1              5227 ± 1              5278 ± 1
СКФ [мл/с]                                 1.83 ± 0.20           1.82 ± 0.21           1.80 ± 0.22           1.76 ± 0.23           1.72 ± 0.22
Мозговой кровоток [мл/с]                   5.46 ± 1.16           5.41 ± 1.15           5.27 ± 1.05           5.25 ± 0.95           5.34 ± 0.82
Потребление O₂ мозгом [мл O₂/с]          0.546 ± 0.011         0.546 ± 0.013         0.542 ± 0.020         0.542 ± 0.019         0.545 ± 0.013
Потребление O₂ периферией [мл O₂/с]         1.553 ± 0.171         1.540 ± 0.169         1.523 ± 0.156         1.722 ± 0.162         1.747 ± 0.139
Поглощение O₂ лёгкими [мл O₂/с]          3.015 ± 5.210         3.346 ± 5.714         4.530 ± 7.920         4.273 ± 9.146         3.508 ± 8.132
Qp / Qs                                           1.00                  1.08                  1.34                  1.16                  0.90
====================================================================================================

🔍 КЛЮЧЕВЫЕ НАХОДКИ:
  • Здоровый                : Qp/Qs=1.00, SaO₂=97.2%, P_pa=11.2 мм рт. ст., R→L=0.0%
  • Малый ДМЖП (R=5.0)      : Qp/Qs=1.08, SaO₂=96.6%, P_pa=11.8 мм рт. ст., R→L=18.2%
  • Большой ДМЖП (R=1.0)    : Qp/Qs=1.34, SaO₂=94.3%, P_pa=14.5 мм рт. ст., R→L=25.3%
  • Эйзенменгер, компенсированный: Qp/Qs=1.16, SaO₂=92.8%, P_pa=64.5 мм рт. ст., R→L=9.8%  [тяжёлая ЛГ]
  • Эйзенменгер, декомпенсированный: Qp/Qs=0.90, SaO₂=90.9%, P_pa=86.1 мм рт. ст., R→L=12.6%  [R→L, тяжёлая ЛГ]

✅ Готово. Файлы:
   - fig1_hemodynamics_timeseries.png
   - fig2_phase_portraits.png
   - fig3_bar_comparison.png
   - fig4_detailed_cardiac.png
   - fig5_gas_exchange.png
   - comprehensive_dashboard.png
   - schematic_heart_comparison.png
[log] Finished  : 2026-10-06 00:34:13
[log] Полный лог: D:\git\hbs\vsd_rus\results\visualize_vsd_comparison_20261006_003357.log
