[log] Script    : visualize_vsd_comparison.py
[log] Log file  : D:\git\hbs\vsd_rus\results\visualize_vsd_comparison_20261005_150126.log
[log] Started   : 2026-10-05 15:01:26
======================================================================
ВИЗУАЛИЗАЦИЯ СРАВНЕНИЯ ГЕМОДИНАМИКИ: ЗДОРОВЫЙ vs ДМЖП
======================================================================
Найдено файлов: 5
✓ vsd_results_patient_001.npz              → Здоровый
✓ vsd_results_patient_002.npz              → Малый ДМЖП (R=5.0)
✓ vsd_results_patient_003.npz              → Большой ДМЖП (R=1.0)
✓ vsd_results_patient_004.npz              → Эйзенменгер, компенсированный
✓ vsd_results_patient_005.npz              → Эйзенменгер, декомпенсированный

Загружено сценариев: ['Здоровый', 'Малый ДМЖП (R=5.0)', 'Большой ДМЖП (R=1.0)', 'Эйзенменгер, компенсированный', 'Эйзенменгер, декомпенсированный']

📊 Генерация графиков...
  ✓ fig1_hemodynamics_timeseries.png
  ✓ fig2_phase_portraits.png
  ✓ fig3_bar_comparison.png
  ✓ fig4_detailed_cardiac.png
  ✓ fig5_gas_exchange.png
  ✓ comprehensive_dashboard.png
  ✓ schematic_heart_comparison.png

====================================================================================================
СТАТИСТИЧЕСКАЯ СВОДКА (установившийся режим, t > 0.75·t_end)
====================================================================================================
Показатель                                    Здоровый    Малый ДМЖП (R=5.0)  Большой ДМЖП (R=1.0)  Эйзенменгер, компен…  Эйзенменгер, декомп…
----------------------------------------------------------------------------------------------------------------------------------------------
Системное АД [мм рт. ст.]                   71.6 ± 7.5            71.2 ± 7.5            70.2 ± 6.9            69.6 ± 6.3            69.8 ± 5.4
Лёгочное АД [мм рт. ст.]                    11.2 ± 2.7            11.8 ± 2.8            14.5 ± 3.7            61.9 ± 3.3            82.4 ± 2.2
Системный выброс [мл/с]                   59.7 ± 124.8          59.3 ± 124.9          58.1 ± 126.1          60.6 ± 128.5          61.6 ± 127.4
Лёгочный кровоток [мл/с]                  59.7 ± 103.1          63.6 ± 109.7          78.1 ± 136.4          67.1 ± 141.3          51.6 ± 113.5
Шунт VSD [мл/с]                             +0.0 ± 0.0            +4.5 ± 6.3          +20.0 ± 28.6           +6.5 ± 37.5          -10.2 ± 43.4
SaO₂ [%]                                   97.2 ± 0.00           97.2 ± 0.00           97.2 ± 0.00           97.0 ± 1.27           96.8 ± 1.79
R→L шунт [%]                                0.0 ± 0.00          14.7 ± 35.36          24.8 ± 43.20          18.9 ± 38.25          23.7 ± 41.02
Объём ЛЖ [мл]                              57.9 ± 17.1           58.4 ± 18.0           59.0 ± 20.1           59.3 ± 16.0           56.7 ± 11.2
Объём ПЖ [мл]                              58.5 ± 16.3           59.9 ± 16.2           63.1 ± 15.2           29.5 ± 13.7           27.7 ± 11.7
Объём крови [мл]                              5228 ± 1              5229 ± 1              5230 ± 1              5230 ± 1              5280 ± 1
СКФ [мл/с]                                 1.83 ± 0.20           1.82 ± 0.21           1.81 ± 0.21           1.80 ± 0.20           1.83 ± 0.17
Мозговой кровоток [мл/с]                   5.46 ± 1.16           5.44 ± 1.16           5.40 ± 1.07           5.40 ± 0.97           5.43 ± 0.83
Потребление O₂ мозгом [мл O₂/с]          0.546 ± 0.011         0.546 ± 0.011         0.548 ± 0.008         0.548 ± 0.009         0.549 ± 0.006
Потребление O₂ периферией [мл O₂/с]         1.554 ± 0.171         1.536 ± 0.169         1.496 ± 0.153         1.690 ± 0.159         1.738 ± 0.140
Поглощение O₂ лёгкими [мл O₂/с]          3.013 ± 5.210         3.225 ± 5.562         3.983 ± 6.959         3.413 ± 7.191         2.632 ± 5.792
Qp / Qs                                           1.00                  1.07                  1.34                  1.11                  0.84
====================================================================================================

🔍 КЛЮЧЕВЫЕ НАХОДКИ:
  • Здоровый                : Qp/Qs=1.00, SaO₂=97.2%, P_pa=11.2 мм рт. ст., R→L=0.0%
  • Малый ДМЖП (R=5.0)      : Qp/Qs=1.07, SaO₂=97.2%, P_pa=11.8 мм рт. ст., R→L=14.7%
  • Большой ДМЖП (R=1.0)    : Qp/Qs=1.34, SaO₂=97.2%, P_pa=14.5 мм рт. ст., R→L=24.8%
  • Эйзенменгер, компенсированный: Qp/Qs=1.11, SaO₂=97.0%, P_pa=61.9 мм рт. ст., R→L=18.9%  [тяжёлая ЛГ]
  • Эйзенменгер, декомпенсированный: Qp/Qs=0.84, SaO₂=96.8%, P_pa=82.4 мм рт. ст., R→L=23.7%  [R→L, тяжёлая ЛГ]

✅ Готово. Файлы:
   - fig1_hemodynamics_timeseries.png
   - fig2_phase_portraits.png
   - fig3_bar_comparison.png
   - fig4_detailed_cardiac.png
   - fig5_gas_exchange.png
   - comprehensive_dashboard.png
   - schematic_heart_comparison.png
[log] Finished  : 2026-10-05 15:01:43
[log] Полный лог: D:\git\hbs\vsd_rus\results\visualize_vsd_comparison_20261005_150126.log
