[log] Script    : visualize_vsd_comparison.py
[log] Log file  : D:\git\hbs\vsd_rus\results\visualize_vsd_comparison_20261006_225237.log
[log] Started   : 2026-10-06 22:52:37
======================================================================
ВИЗУАЛИЗАЦИЯ СРАВНЕНИЯ ГЕМОДИНАМИКИ: ЗДОРОВЫЙ vs ДМЖП
======================================================================
Найдено файлов: 5
✓ vsd_results_patient_001.npz              → Здоровый
✓ vsd_results_patient_002.npz              → Малый ДМЖП (R=5.0)
✓ vsd_results_patient_003.npz              → Большой ДМЖП (R=1.0)
✓ vsd_results_patient_004.npz              → Эйзенменгер, компенсированный
✓ vsd_results_patient_005.npz              → Эйзенменгер, декомпенсированный

Загружено сценариев: ['Здоровый', 'Малый ДМЖП (R=5.0)', 'Большой ДМЖП (R=1.0)', 'Эйзенменгер, компенсированный', 'Эйзенменгер, декомпенсированный']

📊 Генерация графиков...
  ✓ fig1_hemodynamics_timeseries.png
  ✓ fig2_phase_portraits.png
  ✓ fig3_bar_comparison.png
  ✓ fig4_detailed_cardiac.png
  ✓ fig5_gas_exchange.png
  ✓ comprehensive_dashboard.png
  ✓ schematic_heart_comparison.png

====================================================================================================
СТАТИСТИЧЕСКАЯ СВОДКА (установившийся режим, t > 0.75·t_end)
====================================================================================================
Показатель                                    Здоровый    Малый ДМЖП (R=5.0)  Большой ДМЖП (R=1.0)  Эйзенменгер, компен…  Эйзенменгер, декомп…
----------------------------------------------------------------------------------------------------------------------------------------------
Системное АД [мм рт. ст.]                   71.6 ± 7.5            71.1 ± 7.5            70.0 ± 6.9            63.0 ± 5.3            57.9 ± 4.0
Лёгочное АД [мм рт. ст.]                    11.2 ± 2.7            11.8 ± 2.8            14.5 ± 3.7            57.2 ± 3.0            70.8 ± 1.8
Системный выброс [мл/с]                   59.7 ± 124.8          59.5 ± 125.1          58.3 ± 126.5          53.8 ± 112.6          50.5 ± 102.7
Лёгочный кровоток [мл/с]                  59.7 ± 103.1          63.5 ± 109.8          78.1 ± 136.7          62.4 ± 131.9          44.2 ± 102.1
Шунт VSD [мл/с]                             +0.0 ± 0.0            +4.4 ± 6.3          +19.9 ± 28.5           +8.5 ± 20.6           -6.2 ± 20.7
SaO₂ [%]                                   97.2 ± 0.00           96.6 ± 0.03           94.3 ± 0.14           94.4 ± 0.10           87.6 ± 0.23
R→L шунт [%]                                0.0 ± 0.00          15.1 ± 35.76          25.3 ± 43.49          66.0 ± 47.37          70.4 ± 45.03
Объём ЛЖ [мл]                              57.9 ± 17.1           58.3 ± 18.0           58.8 ± 20.1           53.6 ± 13.9            49.0 ± 9.0
Объём ПЖ [мл]                              58.5 ± 16.3           59.9 ± 16.2           63.1 ± 15.2           81.7 ± 11.9           110.9 ± 8.7
Объём крови [мл]                              5228 ± 1              5229 ± 1              5230 ± 1              5235 ± 1              5282 ± 1
СКФ [мл/с]                                 1.83 ± 0.20           1.82 ± 0.21           1.80 ± 0.22           1.53 ± 0.31           1.21 ± 0.29
Мозговой кровоток [мл/с]                   5.46 ± 1.16           5.41 ± 1.15           5.27 ± 1.05           5.02 ± 0.87           4.82 ± 0.71
Потребление O₂ мозгом [мл O₂/с]          0.546 ± 0.011         0.545 ± 0.013         0.542 ± 0.020         0.541 ± 0.020         0.492 ± 0.038
Потребление O₂ периферией [мл O₂/с]         1.554 ± 0.171         1.542 ± 0.170         1.523 ± 0.156         1.539 ± 0.135         1.542 ± 0.115
Поглощение O₂ лёгкими [мл O₂/с]          3.013 ± 5.210         3.312 ± 5.721         4.530 ± 7.920         3.805 ± 8.048         3.407 ± 7.884
Qp / Qs                                           1.00                  1.07                  1.34                  1.16                  0.87
====================================================================================================

🔍 КЛЮЧЕВЫЕ НАХОДКИ:
  • Здоровый                : Qp/Qs=1.00, SaO₂=97.2%, P_pa=11.2 мм рт. ст., R→L=0.0%  [R→L]
  • Малый ДМЖП (R=5.0)      : Qp/Qs=1.07, SaO₂=96.6%, P_pa=11.8 мм рт. ст., R→L=15.1%
  • Большой ДМЖП (R=1.0)    : Qp/Qs=1.34, SaO₂=94.3%, P_pa=14.5 мм рт. ст., R→L=25.3%
  • Эйзенменгер, компенсированный: Qp/Qs=1.16, SaO₂=94.4%, P_pa=57.2 мм рт. ст., R→L=66.0%  [тяжёлая ЛГ]
  • Эйзенменгер, декомпенсированный: Qp/Qs=0.87, SaO₂=87.6%, P_pa=70.8 мм рт. ст., R→L=70.4%  [гипоксемия, R→L, тяжёлая ЛГ]

✅ Готово. Файлы:
   - fig1_hemodynamics_timeseries.png
   - fig2_phase_portraits.png
   - fig3_bar_comparison.png
   - fig4_detailed_cardiac.png
   - fig5_gas_exchange.png
   - comprehensive_dashboard.png
   - schematic_heart_comparison.png
[log] Finished  : 2026-10-06 22:52:53
[log] Полный лог: D:\git\hbs\vsd_rus\results\visualize_vsd_comparison_20261006_225237.log
