[log] Script    : visualize_vsd_comparison.py
[log] Log file  : D:\git\hbs\vsd_rus\results\visualize_vsd_comparison_20261005_232509.log
[log] Started   : 2026-10-05 23:25:09
======================================================================
ВИЗУАЛИЗАЦИЯ СРАВНЕНИЯ ГЕМОДИНАМИКИ: ЗДОРОВЫЙ vs ДМЖП
======================================================================
Найдено файлов: 5
✓ vsd_results_patient_001.npz              → Здоровый
✓ vsd_results_patient_002.npz              → Малый ДМЖП (R=5.0)
✓ vsd_results_patient_003.npz              → Большой ДМЖП (R=1.0)
✓ vsd_results_patient_004.npz              → Эйзенменгер, компенсированный
✓ vsd_results_patient_005.npz              → Эйзенменгер, декомпенсированный

Загружено сценариев: ['Здоровый', 'Малый ДМЖП (R=5.0)', 'Большой ДМЖП (R=1.0)', 'Эйзенменгер, компенсированный', 'Эйзенменгер, декомпенсированный']

📊 Генерация графиков...
  ✓ fig1_hemodynamics_timeseries.png
  ✓ fig2_phase_portraits.png
  ✓ fig3_bar_comparison.png
  ✓ fig4_detailed_cardiac.png
  ✓ fig5_gas_exchange.png
  ✓ comprehensive_dashboard.png
  ✓ schematic_heart_comparison.png

====================================================================================================
СТАТИСТИЧЕСКАЯ СВОДКА (установившийся режим, t > 0.75·t_end)
====================================================================================================
Показатель                                    Здоровый    Малый ДМЖП (R=5.0)  Большой ДМЖП (R=1.0)  Эйзенменгер, компен…  Эйзенменгер, декомп…
----------------------------------------------------------------------------------------------------------------------------------------------
Системное АД [мм рт. ст.]                   71.6 ± 7.5            71.1 ± 7.5            70.0 ± 6.9            68.6 ± 6.2            67.6 ± 5.3
Лёгочное АД [мм рт. ст.]                    11.2 ± 2.7            11.8 ± 2.8            14.5 ± 3.7            61.6 ± 3.3            81.6 ± 2.2
Системный выброс [мл/с]                   59.7 ± 124.8          60.0 ± 126.2          58.4 ± 126.6          60.9 ± 128.6          62.1 ± 127.5
Лёгочный кровоток [мл/с]                  59.7 ± 103.1          63.9 ± 109.9          78.1 ± 136.6          66.9 ± 141.1          50.9 ± 113.0
Шунт VSD [мл/с]                             +0.0 ± 0.0            +4.4 ± 6.3          +19.9 ± 28.5           +6.1 ± 37.1          -11.1 ± 42.9
SaO₂ [%]                                   97.2 ± 0.00           96.6 ± 0.03           94.3 ± 0.14           91.6 ± 0.22           84.9 ± 0.29
R→L шунт [%]                                0.0 ± 0.00          17.9 ± 38.32          25.2 ± 43.41          19.0 ± 38.31          24.2 ± 41.27
Объём ЛЖ [мл]                              57.8 ± 17.0           58.3 ± 17.9           58.8 ± 20.1           58.7 ± 15.9           55.5 ± 10.9
Объём ПЖ [мл]                              58.5 ± 16.3           59.9 ± 16.2           63.1 ± 15.2           29.4 ± 13.7           27.5 ± 11.6
Объём крови [мл]                              5225 ± 1              5226 ± 1              5230 ± 1              5227 ± 1              5278 ± 1
СКФ [мл/с]                                 1.83 ± 0.20           1.82 ± 0.21           1.80 ± 0.22           1.77 ± 0.23           1.75 ± 0.22
Мозговой кровоток [мл/с]                   5.46 ± 1.16           5.41 ± 1.15           5.27 ± 1.05           5.47 ± 1.00           5.70 ± 0.91
Потребление O₂ мозгом [мл O₂/с]          0.546 ± 0.011         0.546 ± 0.013         0.542 ± 0.020         0.543 ± 0.016         0.531 ± 0.022
Потребление O₂ периферией [мл O₂/с]         1.553 ± 0.171         1.540 ± 0.169         1.523 ± 0.156         1.741 ± 0.166         1.860 ± 0.154
Поглощение O₂ лёгкими [мл O₂/с]          3.015 ± 5.211         3.330 ± 5.730         4.528 ± 7.918         4.199 ± 8.865         3.886 ± 8.626
Qp / Qs                                           1.00                  1.06                  1.34                  1.10                  0.82
====================================================================================================

🔍 КЛЮЧЕВЫЕ НАХОДКИ:
  • Здоровый                : Qp/Qs=1.00, SaO₂=97.2%, P_pa=11.2 мм рт. ст., R→L=0.0%  [R→L]
  • Малый ДМЖП (R=5.0)      : Qp/Qs=1.06, SaO₂=96.6%, P_pa=11.8 мм рт. ст., R→L=17.9%
  • Большой ДМЖП (R=1.0)    : Qp/Qs=1.34, SaO₂=94.3%, P_pa=14.5 мм рт. ст., R→L=25.2%
  • Эйзенменгер, компенсированный: Qp/Qs=1.10, SaO₂=91.6%, P_pa=61.6 мм рт. ст., R→L=19.0%  [тяжёлая ЛГ]
  • Эйзенменгер, декомпенсированный: Qp/Qs=0.82, SaO₂=84.9%, P_pa=81.6 мм рт. ст., R→L=24.2%  [гипоксемия, R→L, тяжёлая ЛГ]

✅ Готово. Файлы:
   - fig1_hemodynamics_timeseries.png
   - fig2_phase_portraits.png
   - fig3_bar_comparison.png
   - fig4_detailed_cardiac.png
   - fig5_gas_exchange.png
   - comprehensive_dashboard.png
   - schematic_heart_comparison.png
[log] Finished  : 2026-10-05 23:25:26
[log] Полный лог: D:\git\hbs\vsd_rus\results\visualize_vsd_comparison_20261005_232509.log
